Archive member included because of file (symbol)

c:/emblocks/2.30/share/em_armgcc/bin/../lib/gcc/arm-none-eabi/4.7.3/../../../../arm-none-eabi/lib/armv7e-m/fpu\librdimon.a(rdimon-syscalls.o)
                              c:/emblocks/2.30/share/em_armgcc/bin/../lib/gcc/arm-none-eabi/4.7.3/../../../../arm-none-eabi/lib/armv7e-m/fpu/rdimon-crt0.o (initialise_monitor_handles)
c:/emblocks/2.30/share/em_armgcc/bin/../lib/gcc/arm-none-eabi/4.7.3/../../../../arm-none-eabi/lib/armv7e-m/fpu\libc_n.a(lib_a-errno.o)
                              c:/emblocks/2.30/share/em_armgcc/bin/../lib/gcc/arm-none-eabi/4.7.3/../../../../arm-none-eabi/lib/armv7e-m/fpu\librdimon.a(rdimon-syscalls.o) (__errno)
c:/emblocks/2.30/share/em_armgcc/bin/../lib/gcc/arm-none-eabi/4.7.3/../../../../arm-none-eabi/lib/armv7e-m/fpu\libc_n.a(lib_a-exit.o)
                              c:/emblocks/2.30/share/em_armgcc/bin/../lib/gcc/arm-none-eabi/4.7.3/../../../../arm-none-eabi/lib/armv7e-m/fpu/rdimon-crt0.o (exit)
c:/emblocks/2.30/share/em_armgcc/bin/../lib/gcc/arm-none-eabi/4.7.3/../../../../arm-none-eabi/lib/armv7e-m/fpu\libc_n.a(lib_a-findfp.o)
                              c:/emblocks/2.30/share/em_armgcc/bin/../lib/gcc/arm-none-eabi/4.7.3/../../../../arm-none-eabi/lib/armv7e-m/fpu\librdimon.a(rdimon-syscalls.o) (__sinit)
c:/emblocks/2.30/share/em_armgcc/bin/../lib/gcc/arm-none-eabi/4.7.3/../../../../arm-none-eabi/lib/armv7e-m/fpu\libc_n.a(lib_a-fwalk.o)
                              c:/emblocks/2.30/share/em_armgcc/bin/../lib/gcc/arm-none-eabi/4.7.3/../../../../arm-none-eabi/lib/armv7e-m/fpu\libc_n.a(lib_a-findfp.o) (_fwalk)
c:/emblocks/2.30/share/em_armgcc/bin/../lib/gcc/arm-none-eabi/4.7.3/../../../../arm-none-eabi/lib/armv7e-m/fpu\libc_n.a(lib_a-impure.o)
                              c:/emblocks/2.30/share/em_armgcc/bin/../lib/gcc/arm-none-eabi/4.7.3/../../../../arm-none-eabi/lib/armv7e-m/fpu\libc_n.a(lib_a-exit.o) (_global_impure_ptr)
c:/emblocks/2.30/share/em_armgcc/bin/../lib/gcc/arm-none-eabi/4.7.3/../../../../arm-none-eabi/lib/armv7e-m/fpu\libc_n.a(lib_a-init.o)
                              c:/emblocks/2.30/share/em_armgcc/bin/../lib/gcc/arm-none-eabi/4.7.3/../../../../arm-none-eabi/lib/armv7e-m/fpu/rdimon-crt0.o (__libc_init_array)
c:/emblocks/2.30/share/em_armgcc/bin/../lib/gcc/arm-none-eabi/4.7.3/../../../../arm-none-eabi/lib/armv7e-m/fpu\libc_n.a(lib_a-memset.o)
                              c:/emblocks/2.30/share/em_armgcc/bin/../lib/gcc/arm-none-eabi/4.7.3/../../../../arm-none-eabi/lib/armv7e-m/fpu/rdimon-crt0.o (memset)
c:/emblocks/2.30/share/em_armgcc/bin/../lib/gcc/arm-none-eabi/4.7.3/../../../../arm-none-eabi/lib/armv7e-m/fpu\libc_n.a(lib_a-nano-mallocr.o)
                              c:/emblocks/2.30/share/em_armgcc/bin/../lib/gcc/arm-none-eabi/4.7.3/../../../../arm-none-eabi/lib/armv7e-m/fpu\libc_n.a(lib_a-findfp.o) (_malloc_r)
c:/emblocks/2.30/share/em_armgcc/bin/../lib/gcc/arm-none-eabi/4.7.3/../../../../arm-none-eabi/lib/armv7e-m/fpu\libc_n.a(lib_a-sbrkr.o)
                              c:/emblocks/2.30/share/em_armgcc/bin/../lib/gcc/arm-none-eabi/4.7.3/../../../../arm-none-eabi/lib/armv7e-m/fpu\libc_n.a(lib_a-nano-mallocr.o) (_sbrk_r)
c:/emblocks/2.30/share/em_armgcc/bin/../lib/gcc/arm-none-eabi/4.7.3/../../../../arm-none-eabi/lib/armv7e-m/fpu\libc_n.a(lib_a-stdio.o)
                              c:/emblocks/2.30/share/em_armgcc/bin/../lib/gcc/arm-none-eabi/4.7.3/../../../../arm-none-eabi/lib/armv7e-m/fpu\libc_n.a(lib_a-findfp.o) (__sread)
c:/emblocks/2.30/share/em_armgcc/bin/../lib/gcc/arm-none-eabi/4.7.3/../../../../arm-none-eabi/lib/armv7e-m/fpu\libc_n.a(lib_a-strcmp.o)
                              .\_out_\debug\~#\src\driverinterface.o (strcmp)
c:/emblocks/2.30/share/em_armgcc/bin/../lib/gcc/arm-none-eabi/4.7.3/../../../../arm-none-eabi/lib/armv7e-m/fpu\libc_n.a(lib_a-strlen.o)
                              c:/emblocks/2.30/share/em_armgcc/bin/../lib/gcc/arm-none-eabi/4.7.3/../../../../arm-none-eabi/lib/armv7e-m/fpu\librdimon.a(rdimon-syscalls.o) (strlen)
c:/emblocks/2.30/share/em_armgcc/bin/../lib/gcc/arm-none-eabi/4.7.3/../../../../arm-none-eabi/lib/armv7e-m/fpu\libc_n.a(lib_a-writer.o)
                              c:/emblocks/2.30/share/em_armgcc/bin/../lib/gcc/arm-none-eabi/4.7.3/../../../../arm-none-eabi/lib/armv7e-m/fpu\libc_n.a(lib_a-stdio.o) (_write_r)
c:/emblocks/2.30/share/em_armgcc/bin/../lib/gcc/arm-none-eabi/4.7.3/../../../../arm-none-eabi/lib/armv7e-m/fpu\libc_n.a(lib_a-closer.o)
                              c:/emblocks/2.30/share/em_armgcc/bin/../lib/gcc/arm-none-eabi/4.7.3/../../../../arm-none-eabi/lib/armv7e-m/fpu\libc_n.a(lib_a-stdio.o) (_close_r)
c:/emblocks/2.30/share/em_armgcc/bin/../lib/gcc/arm-none-eabi/4.7.3/../../../../arm-none-eabi/lib/armv7e-m/fpu\libc_n.a(lib_a-fflush.o)
                              c:/emblocks/2.30/share/em_armgcc/bin/../lib/gcc/arm-none-eabi/4.7.3/../../../../arm-none-eabi/lib/armv7e-m/fpu\libc_n.a(lib_a-findfp.o) (_fflush_r)
c:/emblocks/2.30/share/em_armgcc/bin/../lib/gcc/arm-none-eabi/4.7.3/../../../../arm-none-eabi/lib/armv7e-m/fpu\libc_n.a(lib_a-lseekr.o)
                              c:/emblocks/2.30/share/em_armgcc/bin/../lib/gcc/arm-none-eabi/4.7.3/../../../../arm-none-eabi/lib/armv7e-m/fpu\libc_n.a(lib_a-stdio.o) (_lseek_r)
c:/emblocks/2.30/share/em_armgcc/bin/../lib/gcc/arm-none-eabi/4.7.3/../../../../arm-none-eabi/lib/armv7e-m/fpu\libc_n.a(lib_a-nano-freer.o)
                              c:/emblocks/2.30/share/em_armgcc/bin/../lib/gcc/arm-none-eabi/4.7.3/../../../../arm-none-eabi/lib/armv7e-m/fpu\libc_n.a(lib_a-fflush.o) (_free_r)
c:/emblocks/2.30/share/em_armgcc/bin/../lib/gcc/arm-none-eabi/4.7.3/../../../../arm-none-eabi/lib/armv7e-m/fpu\libc_n.a(lib_a-readr.o)
                              c:/emblocks/2.30/share/em_armgcc/bin/../lib/gcc/arm-none-eabi/4.7.3/../../../../arm-none-eabi/lib/armv7e-m/fpu\libc_n.a(lib_a-stdio.o) (_read_r)
c:/emblocks/2.30/share/em_armgcc/bin/../lib/gcc/arm-none-eabi/4.7.3/../../../../arm-none-eabi/lib/armv7e-m/fpu\libc_n.a(lib_a-reent.o)
                              c:/emblocks/2.30/share/em_armgcc/bin/../lib/gcc/arm-none-eabi/4.7.3/../../../../arm-none-eabi/lib/armv7e-m/fpu\libc_n.a(lib_a-sbrkr.o) (errno)
c:/emblocks/2.30/share/em_armgcc/bin/../lib/gcc/arm-none-eabi/4.7.3/../../../../arm-none-eabi/lib/armv7e-m/fpu\libnosys.a(_exit.o)
                              c:/emblocks/2.30/share/em_armgcc/bin/../lib/gcc/arm-none-eabi/4.7.3/../../../../arm-none-eabi/lib/armv7e-m/fpu\libc_n.a(lib_a-exit.o) (_exit)

Allocating common symbols
Common symbol       size              file

errno               0x4               c:/emblocks/2.30/share/em_armgcc/bin/../lib/gcc/arm-none-eabi/4.7.3/../../../../arm-none-eabi/lib/armv7e-m/fpu\libc_n.a(lib_a-reent.o)
gpio                0x4               .\_out_\debug\src\main.o

Discarded input sections

 .text          0x00000000        0x0 c:/emblocks/2.30/share/em_armgcc/bin/../lib/gcc/arm-none-eabi/4.7.3/armv7e-m/fpu/crti.o
 .data          0x00000000        0x0 c:/emblocks/2.30/share/em_armgcc/bin/../lib/gcc/arm-none-eabi/4.7.3/armv7e-m/fpu/crti.o
 .bss           0x00000000        0x0 c:/emblocks/2.30/share/em_armgcc/bin/../lib/gcc/arm-none-eabi/4.7.3/armv7e-m/fpu/crti.o
 .data          0x00000000        0x4 c:/emblocks/2.30/share/em_armgcc/bin/../lib/gcc/arm-none-eabi/4.7.3/armv7e-m/fpu/crtbegin.o
 .bss           0x00000000        0x0 c:/emblocks/2.30/share/em_armgcc/bin/../lib/gcc/arm-none-eabi/4.7.3/../../../../arm-none-eabi/lib/armv7e-m/fpu/rdimon-crt0.o
 .ARM.extab     0x00000000        0x0 c:/emblocks/2.30/share/em_armgcc/bin/../lib/gcc/arm-none-eabi/4.7.3/../../../../arm-none-eabi/lib/armv7e-m/fpu/rdimon-crt0.o
 .data          0x00000000        0x0 .\_out_\debug\src\startup_stm32f4xx.o
 .bss           0x00000000        0x0 .\_out_\debug\src\startup_stm32f4xx.o
 .group         0x00000000        0x8 .\_out_\debug\src\system_stm32f4xx.o
 .group         0x00000000        0x8 .\_out_\debug\src\system_stm32f4xx.o
 .group         0x00000000        0x8 .\_out_\debug\src\system_stm32f4xx.o
 .group         0x00000000        0x8 .\_out_\debug\src\system_stm32f4xx.o
 .group         0x00000000        0x8 .\_out_\debug\src\system_stm32f4xx.o
 .group         0x00000000        0x8 .\_out_\debug\src\system_stm32f4xx.o
 .group         0x00000000        0x8 .\_out_\debug\src\system_stm32f4xx.o
 .group         0x00000000        0x8 .\_out_\debug\src\system_stm32f4xx.o
 .group         0x00000000        0x8 .\_out_\debug\src\system_stm32f4xx.o
 .group         0x00000000        0x8 .\_out_\debug\src\system_stm32f4xx.o
 .group         0x00000000        0x8 .\_out_\debug\src\system_stm32f4xx.o
 .group         0x00000000        0x8 .\_out_\debug\src\system_stm32f4xx.o
 .text          0x00000000        0x0 .\_out_\debug\src\system_stm32f4xx.o
 .data          0x00000000        0x0 .\_out_\debug\src\system_stm32f4xx.o
 .bss           0x00000000        0x0 .\_out_\debug\src\system_stm32f4xx.o
 .data.SystemCoreClock
                0x00000000        0x4 .\_out_\debug\src\system_stm32f4xx.o
 .data.AHBPrescTable
                0x00000000       0x10 .\_out_\debug\src\system_stm32f4xx.o
 .text.SystemCoreClockUpdate
                0x00000000      0x170 .\_out_\debug\src\system_stm32f4xx.o
 .group         0x00000000        0x8 .\_out_\debug\~#\src\driverinterface.o
 .group         0x00000000        0x8 .\_out_\debug\~#\src\driverinterface.o
 .group         0x00000000        0x8 .\_out_\debug\~#\src\driverinterface.o
 .group         0x00000000        0x8 .\_out_\debug\~#\src\driverinterface.o
 .group         0x00000000        0x8 .\_out_\debug\~#\src\driverinterface.o
 .group         0x00000000        0x8 .\_out_\debug\~#\src\driverinterface.o
 .group         0x00000000        0x8 .\_out_\debug\~#\src\driverinterface.o
 .group         0x00000000        0x8 .\_out_\debug\~#\src\driverinterface.o
 .group         0x00000000        0x8 .\_out_\debug\~#\src\driverinterface.o
 .group         0x00000000        0x8 .\_out_\debug\~#\src\driverinterface.o
 .group         0x00000000        0x8 .\_out_\debug\~#\src\driverinterface.o
 .group         0x00000000        0x8 .\_out_\debug\~#\src\driverinterface.o
 .group         0x00000000        0x8 .\_out_\debug\~#\src\driverinterface.o
 .group         0x00000000        0x8 .\_out_\debug\~#\src\driverinterface.o
 .group         0x00000000        0x8 .\_out_\debug\~#\src\driverinterface.o
 .group         0x00000000        0x8 .\_out_\debug\~#\src\driverinterface.o
 .group         0x00000000        0x8 .\_out_\debug\~#\src\driverinterface.o
 .group         0x00000000        0x8 .\_out_\debug\~#\src\driverinterface.o
 .group         0x00000000        0x8 .\_out_\debug\~#\src\driverinterface.o
 .group         0x00000000        0x8 .\_out_\debug\~#\src\driverinterface.o
 .group         0x00000000        0x8 .\_out_\debug\~#\src\driverinterface.o
 .group         0x00000000        0x8 .\_out_\debug\~#\src\driverinterface.o
 .text          0x00000000        0x0 .\_out_\debug\~#\src\driverinterface.o
 .data          0x00000000        0x0 .\_out_\debug\~#\src\driverinterface.o
 .bss           0x00000000        0x0 .\_out_\debug\~#\src\driverinterface.o
 .debug_macro   0x00000000      0x820 .\_out_\debug\~#\src\driverinterface.o
 .debug_macro   0x00000000       0x16 .\_out_\debug\~#\src\driverinterface.o
 .group         0x00000000        0x8 .\_out_\debug\~#\src\gpio\stm32f407\gpio.o
 .group         0x00000000        0x8 .\_out_\debug\~#\src\gpio\stm32f407\gpio.o
 .text          0x00000000        0x0 .\_out_\debug\~#\src\gpio\stm32f407\gpio.o
 .data          0x00000000        0x0 .\_out_\debug\~#\src\gpio\stm32f407\gpio.o
 .bss           0x00000000        0x0 .\_out_\debug\~#\src\gpio\stm32f407\gpio.o
 .debug_info    0x00000000       0x21 .\_out_\debug\~#\src\gpio\stm32f407\gpio.o
 .debug_abbrev  0x00000000       0x13 .\_out_\debug\~#\src\gpio\stm32f407\gpio.o
 .debug_aranges
                0x00000000       0x18 .\_out_\debug\~#\src\gpio\stm32f407\gpio.o
 .debug_macro   0x00000000       0x1a .\_out_\debug\~#\src\gpio\stm32f407\gpio.o
 .debug_macro   0x00000000      0x820 .\_out_\debug\~#\src\gpio\stm32f407\gpio.o
 .debug_macro   0x00000000       0x7c .\_out_\debug\~#\src\gpio\stm32f407\gpio.o
 .debug_line    0x00000000       0x47 .\_out_\debug\~#\src\gpio\stm32f407\gpio.o
 .debug_str     0x00000000     0x251e .\_out_\debug\~#\src\gpio\stm32f407\gpio.o
 .comment       0x00000000       0x39 .\_out_\debug\~#\src\gpio\stm32f407\gpio.o
 .ARM.attributes
                0x00000000       0x39 .\_out_\debug\~#\src\gpio\stm32f407\gpio.o
 .group         0x00000000        0x8 .\_out_\debug\~#\src\gpio\gpio_driverinterface.o
 .group         0x00000000        0x8 .\_out_\debug\~#\src\gpio\gpio_driverinterface.o
 .group         0x00000000        0x8 .\_out_\debug\~#\src\gpio\gpio_driverinterface.o
 .group         0x00000000        0x8 .\_out_\debug\~#\src\gpio\gpio_driverinterface.o
 .group         0x00000000        0x8 .\_out_\debug\~#\src\gpio\gpio_driverinterface.o
 .group         0x00000000        0x8 .\_out_\debug\~#\src\gpio\gpio_driverinterface.o
 .group         0x00000000        0x8 .\_out_\debug\~#\src\gpio\gpio_driverinterface.o
 .group         0x00000000        0x8 .\_out_\debug\~#\src\gpio\gpio_driverinterface.o
 .group         0x00000000        0x8 .\_out_\debug\~#\src\gpio\gpio_driverinterface.o
 .group         0x00000000        0x8 .\_out_\debug\~#\src\gpio\gpio_driverinterface.o
 .group         0x00000000        0x8 .\_out_\debug\~#\src\gpio\gpio_driverinterface.o
 .group         0x00000000        0x8 .\_out_\debug\~#\src\gpio\gpio_driverinterface.o
 .group         0x00000000        0x8 .\_out_\debug\~#\src\gpio\gpio_driverinterface.o
 .group         0x00000000        0x8 .\_out_\debug\~#\src\gpio\gpio_driverinterface.o
 .group         0x00000000        0x8 .\_out_\debug\~#\src\gpio\gpio_driverinterface.o
 .group         0x00000000        0x8 .\_out_\debug\~#\src\gpio\gpio_driverinterface.o
 .group         0x00000000        0x8 .\_out_\debug\~#\src\gpio\gpio_driverinterface.o
 .group         0x00000000        0x8 .\_out_\debug\~#\src\gpio\gpio_driverinterface.o
 .group         0x00000000        0x8 .\_out_\debug\~#\src\gpio\gpio_driverinterface.o
 .group         0x00000000        0x8 .\_out_\debug\~#\src\gpio\gpio_driverinterface.o
 .group         0x00000000        0x8 .\_out_\debug\~#\src\gpio\gpio_driverinterface.o
 .group         0x00000000        0x8 .\_out_\debug\~#\src\gpio\gpio_driverinterface.o
 .text          0x00000000        0x0 .\_out_\debug\~#\src\gpio\gpio_driverinterface.o
 .data          0x00000000        0x0 .\_out_\debug\~#\src\gpio\gpio_driverinterface.o
 .bss           0x00000000        0x0 .\_out_\debug\~#\src\gpio\gpio_driverinterface.o
 .debug_macro   0x00000000      0x820 .\_out_\debug\~#\src\gpio\gpio_driverinterface.o
 .debug_macro   0x00000000       0x58 .\_out_\debug\~#\src\gpio\gpio_driverinterface.o
 .debug_macro   0x00000000       0x16 .\_out_\debug\~#\src\gpio\gpio_driverinterface.o
 .debug_macro   0x00000000       0x35 .\_out_\debug\~#\src\gpio\gpio_driverinterface.o
 .debug_macro   0x00000000       0xa2 .\_out_\debug\~#\src\gpio\gpio_driverinterface.o
 .debug_macro   0x00000000       0x16 .\_out_\debug\~#\src\gpio\gpio_driverinterface.o
 .debug_macro   0x00000000      0x10e .\_out_\debug\~#\src\gpio\gpio_driverinterface.o
 .debug_macro   0x00000000       0x85 .\_out_\debug\~#\src\gpio\gpio_driverinterface.o
 .debug_macro   0x00000000       0x4a .\_out_\debug\~#\src\gpio\gpio_driverinterface.o
 .debug_macro   0x00000000       0x52 .\_out_\debug\~#\src\gpio\gpio_driverinterface.o
 .debug_macro   0x00000000       0x16 .\_out_\debug\~#\src\gpio\gpio_driverinterface.o
 .debug_macro   0x00000000       0x43 .\_out_\debug\~#\src\gpio\gpio_driverinterface.o
 .debug_macro   0x00000000      0x180 .\_out_\debug\~#\src\gpio\gpio_driverinterface.o
 .debug_macro   0x00000000       0x16 .\_out_\debug\~#\src\gpio\gpio_driverinterface.o
 .debug_macro   0x00000000       0x29 .\_out_\debug\~#\src\gpio\gpio_driverinterface.o
 .debug_macro   0x00000000      0x20f .\_out_\debug\~#\src\gpio\gpio_driverinterface.o
 .debug_macro   0x00000000      0x2a6 .\_out_\debug\~#\src\gpio\gpio_driverinterface.o
 .debug_macro   0x00000000       0x10 .\_out_\debug\~#\src\gpio\gpio_driverinterface.o
 .debug_macro   0x00000000       0x35 .\_out_\debug\~#\src\gpio\gpio_driverinterface.o
 .debug_macro   0x00000000       0x1f .\_out_\debug\~#\src\gpio\gpio_driverinterface.o
 .debug_macro   0x00000000       0x22 .\_out_\debug\~#\src\gpio\gpio_driverinterface.o
 .debug_macro   0x00000000       0xd1 .\_out_\debug\~#\src\gpio\gpio_driverinterface.o
 .group         0x00000000        0x8 .\_out_\debug\src\main.o
 .group         0x00000000        0x8 .\_out_\debug\src\main.o
 .group         0x00000000        0x8 .\_out_\debug\src\main.o
 .group         0x00000000        0x8 .\_out_\debug\src\main.o
 .group         0x00000000        0x8 .\_out_\debug\src\main.o
 .group         0x00000000        0x8 .\_out_\debug\src\main.o
 .group         0x00000000        0x8 .\_out_\debug\src\main.o
 .group         0x00000000        0x8 .\_out_\debug\src\main.o
 .group         0x00000000        0x8 .\_out_\debug\src\main.o
 .group         0x00000000        0x8 .\_out_\debug\src\main.o
 .group         0x00000000        0x8 .\_out_\debug\src\main.o
 .group         0x00000000        0x8 .\_out_\debug\src\main.o
 .group         0x00000000        0x8 .\_out_\debug\src\main.o
 .group         0x00000000        0x8 .\_out_\debug\src\main.o
 .group         0x00000000        0x8 .\_out_\debug\src\main.o
 .group         0x00000000        0x8 .\_out_\debug\src\main.o
 .group         0x00000000        0x8 .\_out_\debug\src\main.o
 .group         0x00000000        0x8 .\_out_\debug\src\main.o
 .group         0x00000000        0x8 .\_out_\debug\src\main.o
 .group         0x00000000        0x8 .\_out_\debug\src\main.o
 .group         0x00000000        0x8 .\_out_\debug\src\main.o
 .group         0x00000000        0x8 .\_out_\debug\src\main.o
 .text          0x00000000        0x0 .\_out_\debug\src\main.o
 .data          0x00000000        0x0 .\_out_\debug\src\main.o
 .bss           0x00000000        0x0 .\_out_\debug\src\main.o
 .debug_macro   0x00000000      0x820 .\_out_\debug\src\main.o
 .debug_macro   0x00000000       0x58 .\_out_\debug\src\main.o
 .debug_macro   0x00000000       0x16 .\_out_\debug\src\main.o
 .debug_macro   0x00000000       0x35 .\_out_\debug\src\main.o
 .debug_macro   0x00000000       0xa2 .\_out_\debug\src\main.o
 .debug_macro   0x00000000       0x16 .\_out_\debug\src\main.o
 .debug_macro   0x00000000      0x10e .\_out_\debug\src\main.o
 .debug_macro   0x00000000       0x85 .\_out_\debug\src\main.o
 .debug_macro   0x00000000       0x4a .\_out_\debug\src\main.o
 .debug_macro   0x00000000       0x52 .\_out_\debug\src\main.o
 .debug_macro   0x00000000       0x16 .\_out_\debug\src\main.o
 .debug_macro   0x00000000       0x43 .\_out_\debug\src\main.o
 .debug_macro   0x00000000      0x180 .\_out_\debug\src\main.o
 .debug_macro   0x00000000       0x16 .\_out_\debug\src\main.o
 .debug_macro   0x00000000       0x29 .\_out_\debug\src\main.o
 .debug_macro   0x00000000      0x20f .\_out_\debug\src\main.o
 .debug_macro   0x00000000      0x2a6 .\_out_\debug\src\main.o
 .debug_macro   0x00000000       0x10 .\_out_\debug\src\main.o
 .debug_macro   0x00000000       0x35 .\_out_\debug\src\main.o
 .debug_macro   0x00000000       0x1f .\_out_\debug\src\main.o
 .debug_macro   0x00000000       0x22 .\_out_\debug\src\main.o
 .debug_macro   0x00000000       0xd1 .\_out_\debug\src\main.o
 .text          0x00000000        0x0 c:/emblocks/2.30/share/em_armgcc/bin/../lib/gcc/arm-none-eabi/4.7.3/../../../../arm-none-eabi/lib/armv7e-m/fpu\librdimon.a(rdimon-syscalls.o)
 .data          0x00000000        0x0 c:/emblocks/2.30/share/em_armgcc/bin/../lib/gcc/arm-none-eabi/4.7.3/../../../../arm-none-eabi/lib/armv7e-m/fpu\librdimon.a(rdimon-syscalls.o)
 .bss           0x00000000        0x0 c:/emblocks/2.30/share/em_armgcc/bin/../lib/gcc/arm-none-eabi/4.7.3/../../../../arm-none-eabi/lib/armv7e-m/fpu\librdimon.a(rdimon-syscalls.o)
 .text.findslot
                0x00000000       0x34 c:/emblocks/2.30/share/em_armgcc/bin/../lib/gcc/arm-none-eabi/4.7.3/../../../../arm-none-eabi/lib/armv7e-m/fpu\librdimon.a(rdimon-syscalls.o)
 .text.error    0x00000000       0x1c c:/emblocks/2.30/share/em_armgcc/bin/../lib/gcc/arm-none-eabi/4.7.3/../../../../arm-none-eabi/lib/armv7e-m/fpu\librdimon.a(rdimon-syscalls.o)
 .text.checkerror
                0x00000000        0xa c:/emblocks/2.30/share/em_armgcc/bin/../lib/gcc/arm-none-eabi/4.7.3/../../../../arm-none-eabi/lib/armv7e-m/fpu\librdimon.a(rdimon-syscalls.o)
 .text._swiread
                0x00000000       0x20 c:/emblocks/2.30/share/em_armgcc/bin/../lib/gcc/arm-none-eabi/4.7.3/../../../../arm-none-eabi/lib/armv7e-m/fpu\librdimon.a(rdimon-syscalls.o)
 .text._read    0x00000000       0x34 c:/emblocks/2.30/share/em_armgcc/bin/../lib/gcc/arm-none-eabi/4.7.3/../../../../arm-none-eabi/lib/armv7e-m/fpu\librdimon.a(rdimon-syscalls.o)
 .text._swilseek
                0x00000000       0x7c c:/emblocks/2.30/share/em_armgcc/bin/../lib/gcc/arm-none-eabi/4.7.3/../../../../arm-none-eabi/lib/armv7e-m/fpu\librdimon.a(rdimon-syscalls.o)
 .text._lseek   0x00000000        0x4 c:/emblocks/2.30/share/em_armgcc/bin/../lib/gcc/arm-none-eabi/4.7.3/../../../../arm-none-eabi/lib/armv7e-m/fpu\librdimon.a(rdimon-syscalls.o)
 .text._swiwrite
                0x00000000       0x20 c:/emblocks/2.30/share/em_armgcc/bin/../lib/gcc/arm-none-eabi/4.7.3/../../../../arm-none-eabi/lib/armv7e-m/fpu\librdimon.a(rdimon-syscalls.o)
 .text._write   0x00000000       0x42 c:/emblocks/2.30/share/em_armgcc/bin/../lib/gcc/arm-none-eabi/4.7.3/../../../../arm-none-eabi/lib/armv7e-m/fpu\librdimon.a(rdimon-syscalls.o)
 .text._swiclose
                0x00000000       0x1a c:/emblocks/2.30/share/em_armgcc/bin/../lib/gcc/arm-none-eabi/4.7.3/../../../../arm-none-eabi/lib/armv7e-m/fpu\librdimon.a(rdimon-syscalls.o)
 .text._close   0x00000000       0x48 c:/emblocks/2.30/share/em_armgcc/bin/../lib/gcc/arm-none-eabi/4.7.3/../../../../arm-none-eabi/lib/armv7e-m/fpu\librdimon.a(rdimon-syscalls.o)
 .text._getpid  0x00000000        0x4 c:/emblocks/2.30/share/em_armgcc/bin/../lib/gcc/arm-none-eabi/4.7.3/../../../../arm-none-eabi/lib/armv7e-m/fpu\librdimon.a(rdimon-syscalls.o)
 .text._sbrk    0x00000000       0x34 c:/emblocks/2.30/share/em_armgcc/bin/../lib/gcc/arm-none-eabi/4.7.3/../../../../arm-none-eabi/lib/armv7e-m/fpu\librdimon.a(rdimon-syscalls.o)
 .text._swistat
                0x00000000       0x42 c:/emblocks/2.30/share/em_armgcc/bin/../lib/gcc/arm-none-eabi/4.7.3/../../../../arm-none-eabi/lib/armv7e-m/fpu\librdimon.a(rdimon-syscalls.o)
 .text._fstat   0x00000000       0x1c c:/emblocks/2.30/share/em_armgcc/bin/../lib/gcc/arm-none-eabi/4.7.3/../../../../arm-none-eabi/lib/armv7e-m/fpu\librdimon.a(rdimon-syscalls.o)
 .text._stat    0x00000000       0x3c c:/emblocks/2.30/share/em_armgcc/bin/../lib/gcc/arm-none-eabi/4.7.3/../../../../arm-none-eabi/lib/armv7e-m/fpu\librdimon.a(rdimon-syscalls.o)
 .text._swiopen
                0x00000000       0xb4 c:/emblocks/2.30/share/em_armgcc/bin/../lib/gcc/arm-none-eabi/4.7.3/../../../../arm-none-eabi/lib/armv7e-m/fpu\librdimon.a(rdimon-syscalls.o)
 .text._open    0x00000000       0x12 c:/emblocks/2.30/share/em_armgcc/bin/../lib/gcc/arm-none-eabi/4.7.3/../../../../arm-none-eabi/lib/armv7e-m/fpu\librdimon.a(rdimon-syscalls.o)
 .text._link    0x00000000       0x10 c:/emblocks/2.30/share/em_armgcc/bin/../lib/gcc/arm-none-eabi/4.7.3/../../../../arm-none-eabi/lib/armv7e-m/fpu\librdimon.a(rdimon-syscalls.o)
 .text._unlink  0x00000000       0x26 c:/emblocks/2.30/share/em_armgcc/bin/../lib/gcc/arm-none-eabi/4.7.3/../../../../arm-none-eabi/lib/armv7e-m/fpu\librdimon.a(rdimon-syscalls.o)
 .text._gettimeofday
                0x00000000       0x24 c:/emblocks/2.30/share/em_armgcc/bin/../lib/gcc/arm-none-eabi/4.7.3/../../../../arm-none-eabi/lib/armv7e-m/fpu\librdimon.a(rdimon-syscalls.o)
 .text._clock   0x00000000       0x12 c:/emblocks/2.30/share/em_armgcc/bin/../lib/gcc/arm-none-eabi/4.7.3/../../../../arm-none-eabi/lib/armv7e-m/fpu\librdimon.a(rdimon-syscalls.o)
 .text._times   0x00000000       0x16 c:/emblocks/2.30/share/em_armgcc/bin/../lib/gcc/arm-none-eabi/4.7.3/../../../../arm-none-eabi/lib/armv7e-m/fpu\librdimon.a(rdimon-syscalls.o)
 .text._isatty  0x00000000       0x38 c:/emblocks/2.30/share/em_armgcc/bin/../lib/gcc/arm-none-eabi/4.7.3/../../../../arm-none-eabi/lib/armv7e-m/fpu\librdimon.a(rdimon-syscalls.o)
 .text._system  0x00000000       0x3a c:/emblocks/2.30/share/em_armgcc/bin/../lib/gcc/arm-none-eabi/4.7.3/../../../../arm-none-eabi/lib/armv7e-m/fpu\librdimon.a(rdimon-syscalls.o)
 .text._rename  0x00000000       0x38 c:/emblocks/2.30/share/em_armgcc/bin/../lib/gcc/arm-none-eabi/4.7.3/../../../../arm-none-eabi/lib/armv7e-m/fpu\librdimon.a(rdimon-syscalls.o)
 .bss.heap_end.5775
                0x00000000        0x4 c:/emblocks/2.30/share/em_armgcc/bin/../lib/gcc/arm-none-eabi/4.7.3/../../../../arm-none-eabi/lib/armv7e-m/fpu\librdimon.a(rdimon-syscalls.o)
 .text          0x00000000        0x0 c:/emblocks/2.30/share/em_armgcc/bin/../lib/gcc/arm-none-eabi/4.7.3/../../../../arm-none-eabi/lib/armv7e-m/fpu\libc_n.a(lib_a-errno.o)
 .data          0x00000000        0x0 c:/emblocks/2.30/share/em_armgcc/bin/../lib/gcc/arm-none-eabi/4.7.3/../../../../arm-none-eabi/lib/armv7e-m/fpu\libc_n.a(lib_a-errno.o)
 .bss           0x00000000        0x0 c:/emblocks/2.30/share/em_armgcc/bin/../lib/gcc/arm-none-eabi/4.7.3/../../../../arm-none-eabi/lib/armv7e-m/fpu\libc_n.a(lib_a-errno.o)
 .text.__errno  0x00000000        0xc c:/emblocks/2.30/share/em_armgcc/bin/../lib/gcc/arm-none-eabi/4.7.3/../../../../arm-none-eabi/lib/armv7e-m/fpu\libc_n.a(lib_a-errno.o)
 .ARM.attributes
                0x00000000       0x34 c:/emblocks/2.30/share/em_armgcc/bin/../lib/gcc/arm-none-eabi/4.7.3/../../../../arm-none-eabi/lib/armv7e-m/fpu\libc_n.a(lib_a-errno.o)
 .debug_frame   0x00000000       0x20 c:/emblocks/2.30/share/em_armgcc/bin/../lib/gcc/arm-none-eabi/4.7.3/../../../../arm-none-eabi/lib/armv7e-m/fpu\libc_n.a(lib_a-errno.o)
 .text          0x00000000        0x0 c:/emblocks/2.30/share/em_armgcc/bin/../lib/gcc/arm-none-eabi/4.7.3/../../../../arm-none-eabi/lib/armv7e-m/fpu\libc_n.a(lib_a-exit.o)
 .data          0x00000000        0x0 c:/emblocks/2.30/share/em_armgcc/bin/../lib/gcc/arm-none-eabi/4.7.3/../../../../arm-none-eabi/lib/armv7e-m/fpu\libc_n.a(lib_a-exit.o)
 .bss           0x00000000        0x0 c:/emblocks/2.30/share/em_armgcc/bin/../lib/gcc/arm-none-eabi/4.7.3/../../../../arm-none-eabi/lib/armv7e-m/fpu\libc_n.a(lib_a-exit.o)
 .text          0x00000000        0x0 c:/emblocks/2.30/share/em_armgcc/bin/../lib/gcc/arm-none-eabi/4.7.3/../../../../arm-none-eabi/lib/armv7e-m/fpu\libc_n.a(lib_a-findfp.o)
 .data          0x00000000        0x0 c:/emblocks/2.30/share/em_armgcc/bin/../lib/gcc/arm-none-eabi/4.7.3/../../../../arm-none-eabi/lib/armv7e-m/fpu\libc_n.a(lib_a-findfp.o)
 .bss           0x00000000        0x0 c:/emblocks/2.30/share/em_armgcc/bin/../lib/gcc/arm-none-eabi/4.7.3/../../../../arm-none-eabi/lib/armv7e-m/fpu\libc_n.a(lib_a-findfp.o)
 .text.__fp_lock
                0x00000000        0x4 c:/emblocks/2.30/share/em_armgcc/bin/../lib/gcc/arm-none-eabi/4.7.3/../../../../arm-none-eabi/lib/armv7e-m/fpu\libc_n.a(lib_a-findfp.o)
 .text.__fp_unlock
                0x00000000        0x4 c:/emblocks/2.30/share/em_armgcc/bin/../lib/gcc/arm-none-eabi/4.7.3/../../../../arm-none-eabi/lib/armv7e-m/fpu\libc_n.a(lib_a-findfp.o)
 .text._cleanup_r
                0x00000000       0x34 c:/emblocks/2.30/share/em_armgcc/bin/../lib/gcc/arm-none-eabi/4.7.3/../../../../arm-none-eabi/lib/armv7e-m/fpu\libc_n.a(lib_a-findfp.o)
 .text.std.isra.0
                0x00000000       0x48 c:/emblocks/2.30/share/em_armgcc/bin/../lib/gcc/arm-none-eabi/4.7.3/../../../../arm-none-eabi/lib/armv7e-m/fpu\libc_n.a(lib_a-findfp.o)
 .text.__sfmoreglue
                0x00000000       0x2c c:/emblocks/2.30/share/em_armgcc/bin/../lib/gcc/arm-none-eabi/4.7.3/../../../../arm-none-eabi/lib/armv7e-m/fpu\libc_n.a(lib_a-findfp.o)
 .text._cleanup
                0x00000000        0xc c:/emblocks/2.30/share/em_armgcc/bin/../lib/gcc/arm-none-eabi/4.7.3/../../../../arm-none-eabi/lib/armv7e-m/fpu\libc_n.a(lib_a-findfp.o)
 .text.__sinit  0x00000000       0x64 c:/emblocks/2.30/share/em_armgcc/bin/../lib/gcc/arm-none-eabi/4.7.3/../../../../arm-none-eabi/lib/armv7e-m/fpu\libc_n.a(lib_a-findfp.o)
 .text.__sfp    0x00000000       0x78 c:/emblocks/2.30/share/em_armgcc/bin/../lib/gcc/arm-none-eabi/4.7.3/../../../../arm-none-eabi/lib/armv7e-m/fpu\libc_n.a(lib_a-findfp.o)
 .text.__sfp_lock_acquire
                0x00000000        0x2 c:/emblocks/2.30/share/em_armgcc/bin/../lib/gcc/arm-none-eabi/4.7.3/../../../../arm-none-eabi/lib/armv7e-m/fpu\libc_n.a(lib_a-findfp.o)
 .text.__sfp_lock_release
                0x00000000        0x2 c:/emblocks/2.30/share/em_armgcc/bin/../lib/gcc/arm-none-eabi/4.7.3/../../../../arm-none-eabi/lib/armv7e-m/fpu\libc_n.a(lib_a-findfp.o)
 .text.__sinit_lock_acquire
                0x00000000        0x2 c:/emblocks/2.30/share/em_armgcc/bin/../lib/gcc/arm-none-eabi/4.7.3/../../../../arm-none-eabi/lib/armv7e-m/fpu\libc_n.a(lib_a-findfp.o)
 .text.__sinit_lock_release
                0x00000000        0x2 c:/emblocks/2.30/share/em_armgcc/bin/../lib/gcc/arm-none-eabi/4.7.3/../../../../arm-none-eabi/lib/armv7e-m/fpu\libc_n.a(lib_a-findfp.o)
 .text.__fp_lock_all
                0x00000000       0x14 c:/emblocks/2.30/share/em_armgcc/bin/../lib/gcc/arm-none-eabi/4.7.3/../../../../arm-none-eabi/lib/armv7e-m/fpu\libc_n.a(lib_a-findfp.o)
 .text.__fp_unlock_all
                0x00000000       0x14 c:/emblocks/2.30/share/em_armgcc/bin/../lib/gcc/arm-none-eabi/4.7.3/../../../../arm-none-eabi/lib/armv7e-m/fpu\libc_n.a(lib_a-findfp.o)
 .text          0x00000000        0x0 c:/emblocks/2.30/share/em_armgcc/bin/../lib/gcc/arm-none-eabi/4.7.3/../../../../arm-none-eabi/lib/armv7e-m/fpu\libc_n.a(lib_a-fwalk.o)
 .data          0x00000000        0x0 c:/emblocks/2.30/share/em_armgcc/bin/../lib/gcc/arm-none-eabi/4.7.3/../../../../arm-none-eabi/lib/armv7e-m/fpu\libc_n.a(lib_a-fwalk.o)
 .bss           0x00000000        0x0 c:/emblocks/2.30/share/em_armgcc/bin/../lib/gcc/arm-none-eabi/4.7.3/../../../../arm-none-eabi/lib/armv7e-m/fpu\libc_n.a(lib_a-fwalk.o)
 .text._fwalk   0x00000000       0x3a c:/emblocks/2.30/share/em_armgcc/bin/../lib/gcc/arm-none-eabi/4.7.3/../../../../arm-none-eabi/lib/armv7e-m/fpu\libc_n.a(lib_a-fwalk.o)
 .text._fwalk_reent
                0x00000000       0x40 c:/emblocks/2.30/share/em_armgcc/bin/../lib/gcc/arm-none-eabi/4.7.3/../../../../arm-none-eabi/lib/armv7e-m/fpu\libc_n.a(lib_a-fwalk.o)
 .ARM.attributes
                0x00000000       0x34 c:/emblocks/2.30/share/em_armgcc/bin/../lib/gcc/arm-none-eabi/4.7.3/../../../../arm-none-eabi/lib/armv7e-m/fpu\libc_n.a(lib_a-fwalk.o)
 .debug_frame   0x00000000       0x54 c:/emblocks/2.30/share/em_armgcc/bin/../lib/gcc/arm-none-eabi/4.7.3/../../../../arm-none-eabi/lib/armv7e-m/fpu\libc_n.a(lib_a-fwalk.o)
 .text          0x00000000        0x0 c:/emblocks/2.30/share/em_armgcc/bin/../lib/gcc/arm-none-eabi/4.7.3/../../../../arm-none-eabi/lib/armv7e-m/fpu\libc_n.a(lib_a-impure.o)
 .data          0x00000000        0x0 c:/emblocks/2.30/share/em_armgcc/bin/../lib/gcc/arm-none-eabi/4.7.3/../../../../arm-none-eabi/lib/armv7e-m/fpu\libc_n.a(lib_a-impure.o)
 .bss           0x00000000        0x0 c:/emblocks/2.30/share/em_armgcc/bin/../lib/gcc/arm-none-eabi/4.7.3/../../../../arm-none-eabi/lib/armv7e-m/fpu\libc_n.a(lib_a-impure.o)
 .data._impure_ptr
                0x00000000        0x4 c:/emblocks/2.30/share/em_armgcc/bin/../lib/gcc/arm-none-eabi/4.7.3/../../../../arm-none-eabi/lib/armv7e-m/fpu\libc_n.a(lib_a-impure.o)
 .text          0x00000000        0x0 c:/emblocks/2.30/share/em_armgcc/bin/../lib/gcc/arm-none-eabi/4.7.3/../../../../arm-none-eabi/lib/armv7e-m/fpu\libc_n.a(lib_a-init.o)
 .data          0x00000000        0x0 c:/emblocks/2.30/share/em_armgcc/bin/../lib/gcc/arm-none-eabi/4.7.3/../../../../arm-none-eabi/lib/armv7e-m/fpu\libc_n.a(lib_a-init.o)
 .bss           0x00000000        0x0 c:/emblocks/2.30/share/em_armgcc/bin/../lib/gcc/arm-none-eabi/4.7.3/../../../../arm-none-eabi/lib/armv7e-m/fpu\libc_n.a(lib_a-init.o)
 .text          0x00000000        0x0 c:/emblocks/2.30/share/em_armgcc/bin/../lib/gcc/arm-none-eabi/4.7.3/../../../../arm-none-eabi/lib/armv7e-m/fpu\libc_n.a(lib_a-memset.o)
 .data          0x00000000        0x0 c:/emblocks/2.30/share/em_armgcc/bin/../lib/gcc/arm-none-eabi/4.7.3/../../../../arm-none-eabi/lib/armv7e-m/fpu\libc_n.a(lib_a-memset.o)
 .bss           0x00000000        0x0 c:/emblocks/2.30/share/em_armgcc/bin/../lib/gcc/arm-none-eabi/4.7.3/../../../../arm-none-eabi/lib/armv7e-m/fpu\libc_n.a(lib_a-memset.o)
 .text          0x00000000        0x0 c:/emblocks/2.30/share/em_armgcc/bin/../lib/gcc/arm-none-eabi/4.7.3/../../../../arm-none-eabi/lib/armv7e-m/fpu\libc_n.a(lib_a-nano-mallocr.o)
 .data          0x00000000        0x0 c:/emblocks/2.30/share/em_armgcc/bin/../lib/gcc/arm-none-eabi/4.7.3/../../../../arm-none-eabi/lib/armv7e-m/fpu\libc_n.a(lib_a-nano-mallocr.o)
 .bss           0x00000000        0x0 c:/emblocks/2.30/share/em_armgcc/bin/../lib/gcc/arm-none-eabi/4.7.3/../../../../arm-none-eabi/lib/armv7e-m/fpu\libc_n.a(lib_a-nano-mallocr.o)
 .text._malloc_r
                0x00000000       0xb4 c:/emblocks/2.30/share/em_armgcc/bin/../lib/gcc/arm-none-eabi/4.7.3/../../../../arm-none-eabi/lib/armv7e-m/fpu\libc_n.a(lib_a-nano-mallocr.o)
 .bss.__malloc_sbrk_start
                0x00000000        0x4 c:/emblocks/2.30/share/em_armgcc/bin/../lib/gcc/arm-none-eabi/4.7.3/../../../../arm-none-eabi/lib/armv7e-m/fpu\libc_n.a(lib_a-nano-mallocr.o)
 .bss.__malloc_free_list
                0x00000000        0x4 c:/emblocks/2.30/share/em_armgcc/bin/../lib/gcc/arm-none-eabi/4.7.3/../../../../arm-none-eabi/lib/armv7e-m/fpu\libc_n.a(lib_a-nano-mallocr.o)
 .ARM.attributes
                0x00000000       0x34 c:/emblocks/2.30/share/em_armgcc/bin/../lib/gcc/arm-none-eabi/4.7.3/../../../../arm-none-eabi/lib/armv7e-m/fpu\libc_n.a(lib_a-nano-mallocr.o)
 .debug_frame   0x00000000       0x30 c:/emblocks/2.30/share/em_armgcc/bin/../lib/gcc/arm-none-eabi/4.7.3/../../../../arm-none-eabi/lib/armv7e-m/fpu\libc_n.a(lib_a-nano-mallocr.o)
 .text          0x00000000        0x0 c:/emblocks/2.30/share/em_armgcc/bin/../lib/gcc/arm-none-eabi/4.7.3/../../../../arm-none-eabi/lib/armv7e-m/fpu\libc_n.a(lib_a-sbrkr.o)
 .data          0x00000000        0x0 c:/emblocks/2.30/share/em_armgcc/bin/../lib/gcc/arm-none-eabi/4.7.3/../../../../arm-none-eabi/lib/armv7e-m/fpu\libc_n.a(lib_a-sbrkr.o)
 .bss           0x00000000        0x0 c:/emblocks/2.30/share/em_armgcc/bin/../lib/gcc/arm-none-eabi/4.7.3/../../../../arm-none-eabi/lib/armv7e-m/fpu\libc_n.a(lib_a-sbrkr.o)
 .text._sbrk_r  0x00000000       0x20 c:/emblocks/2.30/share/em_armgcc/bin/../lib/gcc/arm-none-eabi/4.7.3/../../../../arm-none-eabi/lib/armv7e-m/fpu\libc_n.a(lib_a-sbrkr.o)
 .ARM.attributes
                0x00000000       0x34 c:/emblocks/2.30/share/em_armgcc/bin/../lib/gcc/arm-none-eabi/4.7.3/../../../../arm-none-eabi/lib/armv7e-m/fpu\libc_n.a(lib_a-sbrkr.o)
 .debug_frame   0x00000000       0x2c c:/emblocks/2.30/share/em_armgcc/bin/../lib/gcc/arm-none-eabi/4.7.3/../../../../arm-none-eabi/lib/armv7e-m/fpu\libc_n.a(lib_a-sbrkr.o)
 .text          0x00000000        0x0 c:/emblocks/2.30/share/em_armgcc/bin/../lib/gcc/arm-none-eabi/4.7.3/../../../../arm-none-eabi/lib/armv7e-m/fpu\libc_n.a(lib_a-stdio.o)
 .data          0x00000000        0x0 c:/emblocks/2.30/share/em_armgcc/bin/../lib/gcc/arm-none-eabi/4.7.3/../../../../arm-none-eabi/lib/armv7e-m/fpu\libc_n.a(lib_a-stdio.o)
 .bss           0x00000000        0x0 c:/emblocks/2.30/share/em_armgcc/bin/../lib/gcc/arm-none-eabi/4.7.3/../../../../arm-none-eabi/lib/armv7e-m/fpu\libc_n.a(lib_a-stdio.o)
 .text.__sread  0x00000000       0x22 c:/emblocks/2.30/share/em_armgcc/bin/../lib/gcc/arm-none-eabi/4.7.3/../../../../arm-none-eabi/lib/armv7e-m/fpu\libc_n.a(lib_a-stdio.o)
 .text.__seofread
                0x00000000        0x4 c:/emblocks/2.30/share/em_armgcc/bin/../lib/gcc/arm-none-eabi/4.7.3/../../../../arm-none-eabi/lib/armv7e-m/fpu\libc_n.a(lib_a-stdio.o)
 .text.__swrite
                0x00000000       0x3c c:/emblocks/2.30/share/em_armgcc/bin/../lib/gcc/arm-none-eabi/4.7.3/../../../../arm-none-eabi/lib/armv7e-m/fpu\libc_n.a(lib_a-stdio.o)
 .text.__sseek  0x00000000       0x24 c:/emblocks/2.30/share/em_armgcc/bin/../lib/gcc/arm-none-eabi/4.7.3/../../../../arm-none-eabi/lib/armv7e-m/fpu\libc_n.a(lib_a-stdio.o)
 .text.__sclose
                0x00000000        0x8 c:/emblocks/2.30/share/em_armgcc/bin/../lib/gcc/arm-none-eabi/4.7.3/../../../../arm-none-eabi/lib/armv7e-m/fpu\libc_n.a(lib_a-stdio.o)
 .ARM.attributes
                0x00000000       0x34 c:/emblocks/2.30/share/em_armgcc/bin/../lib/gcc/arm-none-eabi/4.7.3/../../../../arm-none-eabi/lib/armv7e-m/fpu\libc_n.a(lib_a-stdio.o)
 .debug_frame   0x00000000       0x80 c:/emblocks/2.30/share/em_armgcc/bin/../lib/gcc/arm-none-eabi/4.7.3/../../../../arm-none-eabi/lib/armv7e-m/fpu\libc_n.a(lib_a-stdio.o)
 .data          0x00000000        0x0 c:/emblocks/2.30/share/em_armgcc/bin/../lib/gcc/arm-none-eabi/4.7.3/../../../../arm-none-eabi/lib/armv7e-m/fpu\libc_n.a(lib_a-strcmp.o)
 .bss           0x00000000        0x0 c:/emblocks/2.30/share/em_armgcc/bin/../lib/gcc/arm-none-eabi/4.7.3/../../../../arm-none-eabi/lib/armv7e-m/fpu\libc_n.a(lib_a-strcmp.o)
 .text          0x00000000        0x0 c:/emblocks/2.30/share/em_armgcc/bin/../lib/gcc/arm-none-eabi/4.7.3/../../../../arm-none-eabi/lib/armv7e-m/fpu\libc_n.a(lib_a-strlen.o)
 .data          0x00000000        0x0 c:/emblocks/2.30/share/em_armgcc/bin/../lib/gcc/arm-none-eabi/4.7.3/../../../../arm-none-eabi/lib/armv7e-m/fpu\libc_n.a(lib_a-strlen.o)
 .bss           0x00000000        0x0 c:/emblocks/2.30/share/em_armgcc/bin/../lib/gcc/arm-none-eabi/4.7.3/../../../../arm-none-eabi/lib/armv7e-m/fpu\libc_n.a(lib_a-strlen.o)
 .text.strlen   0x00000000       0x10 c:/emblocks/2.30/share/em_armgcc/bin/../lib/gcc/arm-none-eabi/4.7.3/../../../../arm-none-eabi/lib/armv7e-m/fpu\libc_n.a(lib_a-strlen.o)
 .ARM.attributes
                0x00000000       0x34 c:/emblocks/2.30/share/em_armgcc/bin/../lib/gcc/arm-none-eabi/4.7.3/../../../../arm-none-eabi/lib/armv7e-m/fpu\libc_n.a(lib_a-strlen.o)
 .debug_frame   0x00000000       0x20 c:/emblocks/2.30/share/em_armgcc/bin/../lib/gcc/arm-none-eabi/4.7.3/../../../../arm-none-eabi/lib/armv7e-m/fpu\libc_n.a(lib_a-strlen.o)
 .text          0x00000000        0x0 c:/emblocks/2.30/share/em_armgcc/bin/../lib/gcc/arm-none-eabi/4.7.3/../../../../arm-none-eabi/lib/armv7e-m/fpu\libc_n.a(lib_a-writer.o)
 .data          0x00000000        0x0 c:/emblocks/2.30/share/em_armgcc/bin/../lib/gcc/arm-none-eabi/4.7.3/../../../../arm-none-eabi/lib/armv7e-m/fpu\libc_n.a(lib_a-writer.o)
 .bss           0x00000000        0x0 c:/emblocks/2.30/share/em_armgcc/bin/../lib/gcc/arm-none-eabi/4.7.3/../../../../arm-none-eabi/lib/armv7e-m/fpu\libc_n.a(lib_a-writer.o)
 .text._write_r
                0x00000000       0x24 c:/emblocks/2.30/share/em_armgcc/bin/../lib/gcc/arm-none-eabi/4.7.3/../../../../arm-none-eabi/lib/armv7e-m/fpu\libc_n.a(lib_a-writer.o)
 .ARM.attributes
                0x00000000       0x34 c:/emblocks/2.30/share/em_armgcc/bin/../lib/gcc/arm-none-eabi/4.7.3/../../../../arm-none-eabi/lib/armv7e-m/fpu\libc_n.a(lib_a-writer.o)
 .debug_frame   0x00000000       0x2c c:/emblocks/2.30/share/em_armgcc/bin/../lib/gcc/arm-none-eabi/4.7.3/../../../../arm-none-eabi/lib/armv7e-m/fpu\libc_n.a(lib_a-writer.o)
 .text          0x00000000        0x0 c:/emblocks/2.30/share/em_armgcc/bin/../lib/gcc/arm-none-eabi/4.7.3/../../../../arm-none-eabi/lib/armv7e-m/fpu\libc_n.a(lib_a-closer.o)
 .data          0x00000000        0x0 c:/emblocks/2.30/share/em_armgcc/bin/../lib/gcc/arm-none-eabi/4.7.3/../../../../arm-none-eabi/lib/armv7e-m/fpu\libc_n.a(lib_a-closer.o)
 .bss           0x00000000        0x0 c:/emblocks/2.30/share/em_armgcc/bin/../lib/gcc/arm-none-eabi/4.7.3/../../../../arm-none-eabi/lib/armv7e-m/fpu\libc_n.a(lib_a-closer.o)
 .text._close_r
                0x00000000       0x20 c:/emblocks/2.30/share/em_armgcc/bin/../lib/gcc/arm-none-eabi/4.7.3/../../../../arm-none-eabi/lib/armv7e-m/fpu\libc_n.a(lib_a-closer.o)
 .ARM.attributes
                0x00000000       0x34 c:/emblocks/2.30/share/em_armgcc/bin/../lib/gcc/arm-none-eabi/4.7.3/../../../../arm-none-eabi/lib/armv7e-m/fpu\libc_n.a(lib_a-closer.o)
 .debug_frame   0x00000000       0x2c c:/emblocks/2.30/share/em_armgcc/bin/../lib/gcc/arm-none-eabi/4.7.3/../../../../arm-none-eabi/lib/armv7e-m/fpu\libc_n.a(lib_a-closer.o)
 .text          0x00000000        0x0 c:/emblocks/2.30/share/em_armgcc/bin/../lib/gcc/arm-none-eabi/4.7.3/../../../../arm-none-eabi/lib/armv7e-m/fpu\libc_n.a(lib_a-fflush.o)
 .data          0x00000000        0x0 c:/emblocks/2.30/share/em_armgcc/bin/../lib/gcc/arm-none-eabi/4.7.3/../../../../arm-none-eabi/lib/armv7e-m/fpu\libc_n.a(lib_a-fflush.o)
 .bss           0x00000000        0x0 c:/emblocks/2.30/share/em_armgcc/bin/../lib/gcc/arm-none-eabi/4.7.3/../../../../arm-none-eabi/lib/armv7e-m/fpu\libc_n.a(lib_a-fflush.o)
 .text.__sflush_r
                0x00000000      0x118 c:/emblocks/2.30/share/em_armgcc/bin/../lib/gcc/arm-none-eabi/4.7.3/../../../../arm-none-eabi/lib/armv7e-m/fpu\libc_n.a(lib_a-fflush.o)
 .text._fflush_r
                0x00000000       0x54 c:/emblocks/2.30/share/em_armgcc/bin/../lib/gcc/arm-none-eabi/4.7.3/../../../../arm-none-eabi/lib/armv7e-m/fpu\libc_n.a(lib_a-fflush.o)
 .text.fflush   0x00000000       0x24 c:/emblocks/2.30/share/em_armgcc/bin/../lib/gcc/arm-none-eabi/4.7.3/../../../../arm-none-eabi/lib/armv7e-m/fpu\libc_n.a(lib_a-fflush.o)
 .ARM.attributes
                0x00000000       0x34 c:/emblocks/2.30/share/em_armgcc/bin/../lib/gcc/arm-none-eabi/4.7.3/../../../../arm-none-eabi/lib/armv7e-m/fpu\libc_n.a(lib_a-fflush.o)
 .debug_frame   0x00000000       0x5c c:/emblocks/2.30/share/em_armgcc/bin/../lib/gcc/arm-none-eabi/4.7.3/../../../../arm-none-eabi/lib/armv7e-m/fpu\libc_n.a(lib_a-fflush.o)
 .text          0x00000000        0x0 c:/emblocks/2.30/share/em_armgcc/bin/../lib/gcc/arm-none-eabi/4.7.3/../../../../arm-none-eabi/lib/armv7e-m/fpu\libc_n.a(lib_a-lseekr.o)
 .data          0x00000000        0x0 c:/emblocks/2.30/share/em_armgcc/bin/../lib/gcc/arm-none-eabi/4.7.3/../../../../arm-none-eabi/lib/armv7e-m/fpu\libc_n.a(lib_a-lseekr.o)
 .bss           0x00000000        0x0 c:/emblocks/2.30/share/em_armgcc/bin/../lib/gcc/arm-none-eabi/4.7.3/../../../../arm-none-eabi/lib/armv7e-m/fpu\libc_n.a(lib_a-lseekr.o)
 .text._lseek_r
                0x00000000       0x24 c:/emblocks/2.30/share/em_armgcc/bin/../lib/gcc/arm-none-eabi/4.7.3/../../../../arm-none-eabi/lib/armv7e-m/fpu\libc_n.a(lib_a-lseekr.o)
 .ARM.attributes
                0x00000000       0x34 c:/emblocks/2.30/share/em_armgcc/bin/../lib/gcc/arm-none-eabi/4.7.3/../../../../arm-none-eabi/lib/armv7e-m/fpu\libc_n.a(lib_a-lseekr.o)
 .debug_frame   0x00000000       0x2c c:/emblocks/2.30/share/em_armgcc/bin/../lib/gcc/arm-none-eabi/4.7.3/../../../../arm-none-eabi/lib/armv7e-m/fpu\libc_n.a(lib_a-lseekr.o)
 .text          0x00000000        0x0 c:/emblocks/2.30/share/em_armgcc/bin/../lib/gcc/arm-none-eabi/4.7.3/../../../../arm-none-eabi/lib/armv7e-m/fpu\libc_n.a(lib_a-nano-freer.o)
 .data          0x00000000        0x0 c:/emblocks/2.30/share/em_armgcc/bin/../lib/gcc/arm-none-eabi/4.7.3/../../../../arm-none-eabi/lib/armv7e-m/fpu\libc_n.a(lib_a-nano-freer.o)
 .bss           0x00000000        0x0 c:/emblocks/2.30/share/em_armgcc/bin/../lib/gcc/arm-none-eabi/4.7.3/../../../../arm-none-eabi/lib/armv7e-m/fpu\libc_n.a(lib_a-nano-freer.o)
 .text._free_r  0x00000000       0x84 c:/emblocks/2.30/share/em_armgcc/bin/../lib/gcc/arm-none-eabi/4.7.3/../../../../arm-none-eabi/lib/armv7e-m/fpu\libc_n.a(lib_a-nano-freer.o)
 .ARM.attributes
                0x00000000       0x34 c:/emblocks/2.30/share/em_armgcc/bin/../lib/gcc/arm-none-eabi/4.7.3/../../../../arm-none-eabi/lib/armv7e-m/fpu\libc_n.a(lib_a-nano-freer.o)
 .debug_frame   0x00000000       0x2c c:/emblocks/2.30/share/em_armgcc/bin/../lib/gcc/arm-none-eabi/4.7.3/../../../../arm-none-eabi/lib/armv7e-m/fpu\libc_n.a(lib_a-nano-freer.o)
 .text          0x00000000        0x0 c:/emblocks/2.30/share/em_armgcc/bin/../lib/gcc/arm-none-eabi/4.7.3/../../../../arm-none-eabi/lib/armv7e-m/fpu\libc_n.a(lib_a-readr.o)
 .data          0x00000000        0x0 c:/emblocks/2.30/share/em_armgcc/bin/../lib/gcc/arm-none-eabi/4.7.3/../../../../arm-none-eabi/lib/armv7e-m/fpu\libc_n.a(lib_a-readr.o)
 .bss           0x00000000        0x0 c:/emblocks/2.30/share/em_armgcc/bin/../lib/gcc/arm-none-eabi/4.7.3/../../../../arm-none-eabi/lib/armv7e-m/fpu\libc_n.a(lib_a-readr.o)
 .text._read_r  0x00000000       0x24 c:/emblocks/2.30/share/em_armgcc/bin/../lib/gcc/arm-none-eabi/4.7.3/../../../../arm-none-eabi/lib/armv7e-m/fpu\libc_n.a(lib_a-readr.o)
 .ARM.attributes
                0x00000000       0x34 c:/emblocks/2.30/share/em_armgcc/bin/../lib/gcc/arm-none-eabi/4.7.3/../../../../arm-none-eabi/lib/armv7e-m/fpu\libc_n.a(lib_a-readr.o)
 .debug_frame   0x00000000       0x2c c:/emblocks/2.30/share/em_armgcc/bin/../lib/gcc/arm-none-eabi/4.7.3/../../../../arm-none-eabi/lib/armv7e-m/fpu\libc_n.a(lib_a-readr.o)
 .text          0x00000000        0x0 c:/emblocks/2.30/share/em_armgcc/bin/../lib/gcc/arm-none-eabi/4.7.3/../../../../arm-none-eabi/lib/armv7e-m/fpu\libc_n.a(lib_a-reent.o)
 .data          0x00000000        0x0 c:/emblocks/2.30/share/em_armgcc/bin/../lib/gcc/arm-none-eabi/4.7.3/../../../../arm-none-eabi/lib/armv7e-m/fpu\libc_n.a(lib_a-reent.o)
 .bss           0x00000000        0x0 c:/emblocks/2.30/share/em_armgcc/bin/../lib/gcc/arm-none-eabi/4.7.3/../../../../arm-none-eabi/lib/armv7e-m/fpu\libc_n.a(lib_a-reent.o)
 .text.cleanup_glue
                0x00000000       0x1a c:/emblocks/2.30/share/em_armgcc/bin/../lib/gcc/arm-none-eabi/4.7.3/../../../../arm-none-eabi/lib/armv7e-m/fpu\libc_n.a(lib_a-reent.o)
 .text._reclaim_reent
                0x00000000       0xb8 c:/emblocks/2.30/share/em_armgcc/bin/../lib/gcc/arm-none-eabi/4.7.3/../../../../arm-none-eabi/lib/armv7e-m/fpu\libc_n.a(lib_a-reent.o)
 .ARM.attributes
                0x00000000       0x34 c:/emblocks/2.30/share/em_armgcc/bin/../lib/gcc/arm-none-eabi/4.7.3/../../../../arm-none-eabi/lib/armv7e-m/fpu\libc_n.a(lib_a-reent.o)
 .debug_frame   0x00000000       0x48 c:/emblocks/2.30/share/em_armgcc/bin/../lib/gcc/arm-none-eabi/4.7.3/../../../../arm-none-eabi/lib/armv7e-m/fpu\libc_n.a(lib_a-reent.o)
 COMMON         0x00000000        0x4 c:/emblocks/2.30/share/em_armgcc/bin/../lib/gcc/arm-none-eabi/4.7.3/../../../../arm-none-eabi/lib/armv7e-m/fpu\libc_n.a(lib_a-reent.o)
 .text          0x00000000        0x0 c:/emblocks/2.30/share/em_armgcc/bin/../lib/gcc/arm-none-eabi/4.7.3/../../../../arm-none-eabi/lib/armv7e-m/fpu\libnosys.a(_exit.o)
 .data          0x00000000        0x0 c:/emblocks/2.30/share/em_armgcc/bin/../lib/gcc/arm-none-eabi/4.7.3/../../../../arm-none-eabi/lib/armv7e-m/fpu\libnosys.a(_exit.o)
 .bss           0x00000000        0x0 c:/emblocks/2.30/share/em_armgcc/bin/../lib/gcc/arm-none-eabi/4.7.3/../../../../arm-none-eabi/lib/armv7e-m/fpu\libnosys.a(_exit.o)
 .text          0x00000000        0x0 c:/emblocks/2.30/share/em_armgcc/bin/../lib/gcc/arm-none-eabi/4.7.3/armv7e-m/fpu/crtend.o
 .data          0x00000000        0x0 c:/emblocks/2.30/share/em_armgcc/bin/../lib/gcc/arm-none-eabi/4.7.3/armv7e-m/fpu/crtend.o
 .bss           0x00000000        0x0 c:/emblocks/2.30/share/em_armgcc/bin/../lib/gcc/arm-none-eabi/4.7.3/armv7e-m/fpu/crtend.o
 .jcr           0x00000000        0x4 c:/emblocks/2.30/share/em_armgcc/bin/../lib/gcc/arm-none-eabi/4.7.3/armv7e-m/fpu/crtend.o
 .text          0x00000000        0x0 c:/emblocks/2.30/share/em_armgcc/bin/../lib/gcc/arm-none-eabi/4.7.3/armv7e-m/fpu/crtn.o
 .data          0x00000000        0x0 c:/emblocks/2.30/share/em_armgcc/bin/../lib/gcc/arm-none-eabi/4.7.3/armv7e-m/fpu/crtn.o
 .bss           0x00000000        0x0 c:/emblocks/2.30/share/em_armgcc/bin/../lib/gcc/arm-none-eabi/4.7.3/armv7e-m/fpu/crtn.o

Memory Configuration

Name             Origin             Length             Attributes
ROM              0x08000000         0x00100000         xr
RAM              0x20000000         0x00020000         xrw
CCRAM            0x10000000         0x00010000         xrw
*default*        0x00000000         0xffffffff

Linker script and memory map

LOAD c:/emblocks/2.30/share/em_armgcc/bin/../lib/gcc/arm-none-eabi/4.7.3/../../../../arm-none-eabi/lib/armv7e-m/fpu\librdimon.a
LOAD c:/emblocks/2.30/share/em_armgcc/bin/../lib/gcc/arm-none-eabi/4.7.3/armv7e-m/fpu/crti.o
LOAD c:/emblocks/2.30/share/em_armgcc/bin/../lib/gcc/arm-none-eabi/4.7.3/armv7e-m/fpu/crtbegin.o
LOAD c:/emblocks/2.30/share/em_armgcc/bin/../lib/gcc/arm-none-eabi/4.7.3/../../../../arm-none-eabi/lib/armv7e-m/fpu/rdimon-crt0.o
                0x00000000                __HEAP_SIZE = 0x0
                0x00000100                __STACK_SIZE = 0x100

.text           0x08000000      0xb18
 *(.isr_vector)
 .isr_vector    0x08000000      0x188 .\_out_\debug\src\startup_stm32f4xx.o
                0x08000000                __isr_vector
 *(.text*)
 .text          0x08000188       0x54 c:/emblocks/2.30/share/em_armgcc/bin/../lib/gcc/arm-none-eabi/4.7.3/armv7e-m/fpu/crtbegin.o
 .text          0x080001dc       0xdc c:/emblocks/2.30/share/em_armgcc/bin/../lib/gcc/arm-none-eabi/4.7.3/../../../../arm-none-eabi/lib/armv7e-m/fpu/rdimon-crt0.o
                0x080001dc                _start
                0x080001dc                _mainCRTStartup
 .text          0x080002b8      0x108 .\_out_\debug\src\startup_stm32f4xx.o
                0x080002b8                Reset_Handler
                0x080002fe                NMI_Handler
                0x08000300                HardFault_Handler
                0x08000302                MemManage_Handler
                0x08000304                BusFault_Handler
                0x08000306                UsageFault_Handler
                0x08000308                SVC_Handler
                0x0800030a                DebugMon_Handler
                0x0800030c                PendSV_Handler
                0x0800030e                SysTick_Handler
                0x08000310                Default_Handler
                0x08000312                WWDG_IRQHandler
                0x08000314                PVD_IRQHandler
                0x08000316                TAMP_STAMP_IRQHandler
                0x08000318                RTC_WKUP_IRQHandler
                0x0800031a                FLASH_IRQHandler
                0x0800031c                RCC_IRQHandler
                0x0800031e                EXTI0_IRQHandler
                0x08000320                EXTI1_IRQHandler
                0x08000322                EXTI2_IRQHandler
                0x08000324                EXTI3_IRQHandler
                0x08000326                EXTI4_IRQHandler
                0x08000328                DMA1_Stream0_IRQHandler
                0x0800032a                DMA1_Stream1_IRQHandler
                0x0800032c                DMA1_Stream2_IRQHandler
                0x0800032e                DMA1_Stream3_IRQHandler
                0x08000330                DMA1_Stream4_IRQHandler
                0x08000332                DMA1_Stream5_IRQHandler
                0x08000334                DMA1_Stream6_IRQHandler
                0x08000336                ADC_IRQHandler
                0x08000338                CAN1_TX_IRQHandler
                0x0800033a                CAN1_RX0_IRQHandler
                0x0800033c                CAN1_RX1_IRQHandler
                0x0800033e                CAN1_SCE_IRQHandler
                0x08000340                EXTI9_5_IRQHandler
                0x08000342                TIM1_BRK_TIM9_IRQHandler
                0x08000344                TIM1_UP_TIM10_IRQHandler
                0x08000346                TIM1_TRG_COM_TIM11_IRQHandler
                0x08000348                TIM1_CC_IRQHandler
                0x0800034a                TIM2_IRQHandler
                0x0800034c                TIM3_IRQHandler
                0x0800034e                TIM4_IRQHandler
                0x08000350                I2C1_EV_IRQHandler
                0x08000352                I2C1_ER_IRQHandler
                0x08000354                I2C2_EV_IRQHandler
                0x08000356                I2C2_ER_IRQHandler
                0x08000358                SPI1_IRQHandler
                0x0800035a                SPI2_IRQHandler
                0x0800035c                USART1_IRQHandler
                0x0800035e                USART2_IRQHandler
                0x08000360                USART3_IRQHandler
                0x08000362                EXTI15_10_IRQHandler
                0x08000364                RTC_Alarm_IRQHandler
                0x08000366                OTG_FS_WKUP_IRQHandler
                0x08000368                TIM8_BRK_TIM12_IRQHandler
                0x0800036a                TIM8_UP_TIM13_IRQHandler
                0x0800036c                TIM8_TRG_COM_TIM14_IRQHandler
                0x0800036e                TIM8_CC_IRQHandler
                0x08000370                DMA1_Stream7_IRQHandler
                0x08000372                FSMC_IRQHandler
                0x08000374                SDIO_IRQHandler
                0x08000376                TIM5_IRQHandler
                0x08000378                SPI3_IRQHandler
                0x0800037a                UART4_IRQHandler
                0x0800037c                UART5_IRQHandler
                0x0800037e                TIM6_DAC_IRQHandler
                0x08000380                TIM7_IRQHandler
                0x08000382                DMA2_Stream0_IRQHandler
                0x08000384                DMA2_Stream1_IRQHandler
                0x08000386                DMA2_Stream2_IRQHandler
                0x08000388                DMA2_Stream3_IRQHandler
                0x0800038a                DMA2_Stream4_IRQHandler
                0x0800038c                ETH_IRQHandler
                0x0800038e                ETH_WKUP_IRQHandler
                0x08000390                CAN2_TX_IRQHandler
                0x08000392                CAN2_RX0_IRQHandler
                0x08000394                CAN2_RX1_IRQHandler
                0x08000396                CAN2_SCE_IRQHandler
                0x08000398                OTG_FS_IRQHandler
                0x0800039a                DMA2_Stream5_IRQHandler
                0x0800039c                DMA2_Stream6_IRQHandler
                0x0800039e                DMA2_Stream7_IRQHandler
                0x080003a0                USART6_IRQHandler
                0x080003a2                I2C3_EV_IRQHandler
                0x080003a4                I2C3_ER_IRQHandler
                0x080003a6                OTG_HS_EP1_OUT_IRQHandler
                0x080003a8                OTG_HS_EP1_IN_IRQHandler
                0x080003aa                OTG_HS_WKUP_IRQHandler
                0x080003ac                OTG_HS_IRQHandler
                0x080003ae                DCMI_IRQHandler
                0x080003b0                CRYP_IRQHandler
                0x080003b2                HASH_RNG_IRQHandler
                0x080003b4                FPU_IRQHandler
 .text.SystemInit
                0x080003c0       0xb0 .\_out_\debug\src\system_stm32f4xx.o
                0x080003c0                SystemInit
 .text.SetSysClock
                0x08000470      0x188 .\_out_\debug\src\system_stm32f4xx.o
 .text.DRIVER_Add
                0x080005f8      0x138 .\_out_\debug\~#\src\driverinterface.o
                0x080005f8                DRIVER_Add
 .text.DRIVER_LoadAll
                0x08000730       0x7c .\_out_\debug\~#\src\driverinterface.o
                0x08000730                DRIVER_LoadAll
 .text.DRIVER_open
                0x080007ac       0x84 .\_out_\debug\~#\src\driverinterface.o
                0x080007ac                DRIVER_open
 .text._Write   0x08000830       0x1c .\_out_\debug\~#\src\gpio\gpio_driverinterface.o
                0x08000830                _Write
 .text._Read    0x0800084c       0x1c .\_out_\debug\~#\src\gpio\gpio_driverinterface.o
                0x0800084c                _Read
 .text._Ioctl   0x08000868       0x1c .\_out_\debug\~#\src\gpio\gpio_driverinterface.o
                0x08000868                _Ioctl
 .text.GPIO_LoadDriver
                0x08000884       0x40 .\_out_\debug\~#\src\gpio\gpio_driverinterface.o
                0x08000884                GPIO_LoadDriver
 .text.main     0x080008c4       0x7c .\_out_\debug\src\main.o
                0x080008c4                main
 .text.initialise_monitor_handles
                0x08000940       0xa4 c:/emblocks/2.30/share/em_armgcc/bin/../lib/gcc/arm-none-eabi/4.7.3/../../../../arm-none-eabi/lib/armv7e-m/fpu\librdimon.a(rdimon-syscalls.o)
                0x08000940                initialise_monitor_handles
 .text.exit     0x080009e4       0x28 c:/emblocks/2.30/share/em_armgcc/bin/../lib/gcc/arm-none-eabi/4.7.3/../../../../arm-none-eabi/lib/armv7e-m/fpu\libc_n.a(lib_a-exit.o)
                0x080009e4                exit
 .text.__libc_init_array
                0x08000a0c       0x4c c:/emblocks/2.30/share/em_armgcc/bin/../lib/gcc/arm-none-eabi/4.7.3/../../../../arm-none-eabi/lib/armv7e-m/fpu\libc_n.a(lib_a-init.o)
                0x08000a0c                __libc_init_array
 .text.memset   0x08000a58       0x10 c:/emblocks/2.30/share/em_armgcc/bin/../lib/gcc/arm-none-eabi/4.7.3/../../../../arm-none-eabi/lib/armv7e-m/fpu\libc_n.a(lib_a-memset.o)
                0x08000a58                memset
 .text          0x08000a68       0x14 c:/emblocks/2.30/share/em_armgcc/bin/../lib/gcc/arm-none-eabi/4.7.3/../../../../arm-none-eabi/lib/armv7e-m/fpu\libc_n.a(lib_a-strcmp.o)
                0x08000a68                strcmp
 .text._exit    0x08000a7c        0x4 c:/emblocks/2.30/share/em_armgcc/bin/../lib/gcc/arm-none-eabi/4.7.3/../../../../arm-none-eabi/lib/armv7e-m/fpu\libnosys.a(_exit.o)
                0x08000a7c                _exit
 *(.init)
 .init          0x08000a80        0x4 c:/emblocks/2.30/share/em_armgcc/bin/../lib/gcc/arm-none-eabi/4.7.3/armv7e-m/fpu/crti.o
                0x08000a80                _init
 .init          0x08000a84        0x8 c:/emblocks/2.30/share/em_armgcc/bin/../lib/gcc/arm-none-eabi/4.7.3/armv7e-m/fpu/crtn.o
 *(.fini)
 .fini          0x08000a8c        0x4 c:/emblocks/2.30/share/em_armgcc/bin/../lib/gcc/arm-none-eabi/4.7.3/armv7e-m/fpu/crti.o
                0x08000a8c                _fini
 .fini          0x08000a90        0x8 c:/emblocks/2.30/share/em_armgcc/bin/../lib/gcc/arm-none-eabi/4.7.3/armv7e-m/fpu/crtn.o
 *crtbegin.o(.ctors)
 *crtbegin?.o(.ctors)
 *(EXCLUDE_FILE(*crtend.o *crtend?.o) .ctors)
 *(SORT(.ctors.*))
 *(.ctors)
 *crtbegin.o(.dtors)
 *crtbegin?.o(.dtors)
 *(EXCLUDE_FILE(*crtend.o *crtend?.o) .dtors)
 *(SORT(.dtors.*))
 *(.dtors)
 *(.rodata*)
 .rodata        0x08000a98        0x8 .\_out_\debug\~#\src\gpio\gpio_driverinterface.o
 .rodata        0x08000aa0        0x8 .\_out_\debug\src\main.o
 .rodata.str1.1
                0x08000aa8        0x4 c:/emblocks/2.30/share/em_armgcc/bin/../lib/gcc/arm-none-eabi/4.7.3/../../../../arm-none-eabi/lib/armv7e-m/fpu\librdimon.a(rdimon-syscalls.o)
 .rodata.__sf_fake_stdin
                0x08000aac       0x20 c:/emblocks/2.30/share/em_armgcc/bin/../lib/gcc/arm-none-eabi/4.7.3/../../../../arm-none-eabi/lib/armv7e-m/fpu\libc_n.a(lib_a-findfp.o)
                0x08000aac                __sf_fake_stdin
 .rodata.__sf_fake_stdout
                0x08000acc       0x20 c:/emblocks/2.30/share/em_armgcc/bin/../lib/gcc/arm-none-eabi/4.7.3/../../../../arm-none-eabi/lib/armv7e-m/fpu\libc_n.a(lib_a-findfp.o)
                0x08000acc                __sf_fake_stdout
 .rodata.__sf_fake_stderr
                0x08000aec       0x20 c:/emblocks/2.30/share/em_armgcc/bin/../lib/gcc/arm-none-eabi/4.7.3/../../../../arm-none-eabi/lib/armv7e-m/fpu\libc_n.a(lib_a-findfp.o)
                0x08000aec                __sf_fake_stderr
 .rodata.str1.1
                0x08000b0c        0x2 c:/emblocks/2.30/share/em_armgcc/bin/../lib/gcc/arm-none-eabi/4.7.3/../../../../arm-none-eabi/lib/armv7e-m/fpu\libc_n.a(lib_a-impure.o)
 *fill*         0x08000b0e        0x2 
 .rodata._global_impure_ptr
                0x08000b10        0x4 c:/emblocks/2.30/share/em_armgcc/bin/../lib/gcc/arm-none-eabi/4.7.3/../../../../arm-none-eabi/lib/armv7e-m/fpu\libc_n.a(lib_a-impure.o)
                0x08000b10                _global_impure_ptr
 *(.eh_frame*)
 .eh_frame      0x08000b14        0x0 c:/emblocks/2.30/share/em_armgcc/bin/../lib/gcc/arm-none-eabi/4.7.3/armv7e-m/fpu/crtbegin.o
 .eh_frame      0x08000b14        0x4 c:/emblocks/2.30/share/em_armgcc/bin/../lib/gcc/arm-none-eabi/4.7.3/armv7e-m/fpu/crtend.o

.glue_7         0x08000b18        0x0
 .glue_7        0x00000000        0x0 linker stubs

.glue_7t        0x08000b18        0x0
 .glue_7t       0x00000000        0x0 linker stubs

.vfp11_veneer   0x08000b18        0x0
 .vfp11_veneer  0x00000000        0x0 linker stubs

.v4_bx          0x08000b18        0x0
 .v4_bx         0x00000000        0x0 linker stubs

.iplt           0x08000b18        0x0
 .iplt          0x00000000        0x0 c:/emblocks/2.30/share/em_armgcc/bin/../lib/gcc/arm-none-eabi/4.7.3/armv7e-m/fpu/crtbegin.o

.ARM.extab
 *(.ARM.extab* .gnu.linkonce.armextab.*)
                0x08000b18                __exidx_start = .

.ARM.exidx      0x08000b18        0x8
 *(.ARM.exidx* .gnu.linkonce.armexidx.*)
 .ARM.exidx     0x08000b18        0x8 c:/emblocks/2.30/share/em_armgcc/bin/../lib/gcc/arm-none-eabi/4.7.3/../../../../arm-none-eabi/lib/armv7e-m/fpu/rdimon-crt0.o
                0x08000b20                __exidx_end = .
                0x08000b20                __etext = .

.rel.dyn        0x08000b20        0x0
 .rel.iplt      0x00000000        0x0 c:/emblocks/2.30/share/em_armgcc/bin/../lib/gcc/arm-none-eabi/4.7.3/armv7e-m/fpu/crtbegin.o

.data           0x20000000      0x178 load address 0x08000b20
                0x20000000                __data_start__ = .
 *(vtable)
 *(.data*)
 .data          0x20000000      0x110 c:/emblocks/2.30/share/em_armgcc/bin/../lib/gcc/arm-none-eabi/4.7.3/../../../../arm-none-eabi/lib/armv7e-m/fpu/rdimon-crt0.o
                0x20000008                __stack_base__
 .data.impure_data
                0x20000110       0x60 c:/emblocks/2.30/share/em_armgcc/bin/../lib/gcc/arm-none-eabi/4.7.3/../../../../arm-none-eabi/lib/armv7e-m/fpu\libc_n.a(lib_a-impure.o)
                0x20000170                . = ALIGN (0x4)
                0x20000170                PROVIDE (__preinit_array_start, .)
 *(.preinit_array)
                0x20000170                PROVIDE (__preinit_array_end, .)
                0x20000170                . = ALIGN (0x4)
                0x20000170                PROVIDE (__init_array_start, .)
 *(SORT(.init_array.*))
 *(.init_array)
 .init_array    0x20000170        0x4 c:/emblocks/2.30/share/em_armgcc/bin/../lib/gcc/arm-none-eabi/4.7.3/armv7e-m/fpu/crtbegin.o
                0x20000174                PROVIDE (__init_array_end, .)
                0x20000174                . = ALIGN (0x4)
                0x20000174                PROVIDE (__fini_array_start, .)
 *(SORT(.fini_array.*))
 *(.fini_array)
 .fini_array    0x20000174        0x4 c:/emblocks/2.30/share/em_armgcc/bin/../lib/gcc/arm-none-eabi/4.7.3/armv7e-m/fpu/crtbegin.o
                0x20000178                PROVIDE (__fini_array_end, .)
                0x20000178                . = ALIGN (0x4)
                0x20000178                __data_end__ = .

.jcr            0x20000178        0x0 load address 0x08000c98
 .jcr           0x20000178        0x0 c:/emblocks/2.30/share/em_armgcc/bin/../lib/gcc/arm-none-eabi/4.7.3/armv7e-m/fpu/crtbegin.o

.igot.plt       0x20000178        0x0 load address 0x08000c98
 .igot.plt      0x00000000        0x0 c:/emblocks/2.30/share/em_armgcc/bin/../lib/gcc/arm-none-eabi/4.7.3/armv7e-m/fpu/crtbegin.o

.bss            0x20000178      0x290 load address 0x08000c98
                0x20000178                __bss_start__ = .
 *(.bss*)
 .bss           0x20000178       0x1c c:/emblocks/2.30/share/em_armgcc/bin/../lib/gcc/arm-none-eabi/4.7.3/armv7e-m/fpu/crtbegin.o
 .bss.xNumberOfPeripherals
                0x20000194        0x4 .\_out_\debug\~#\src\driverinterface.o
 .bss.xAvailablePeripherals
                0x20000198      0x1c0 .\_out_\debug\~#\src\driverinterface.o
 .bss.monitor_stdout
                0x20000358        0x4 c:/emblocks/2.30/share/em_armgcc/bin/../lib/gcc/arm-none-eabi/4.7.3/../../../../arm-none-eabi/lib/armv7e-m/fpu\librdimon.a(rdimon-syscalls.o)
 .bss.monitor_stdin
                0x2000035c        0x4 c:/emblocks/2.30/share/em_armgcc/bin/../lib/gcc/arm-none-eabi/4.7.3/../../../../arm-none-eabi/lib/armv7e-m/fpu\librdimon.a(rdimon-syscalls.o)
 .bss.monitor_stderr
                0x20000360        0x4 c:/emblocks/2.30/share/em_armgcc/bin/../lib/gcc/arm-none-eabi/4.7.3/../../../../arm-none-eabi/lib/armv7e-m/fpu\librdimon.a(rdimon-syscalls.o)
 .bss.openfiles
                0x20000364       0xa0 c:/emblocks/2.30/share/em_armgcc/bin/../lib/gcc/arm-none-eabi/4.7.3/../../../../arm-none-eabi/lib/armv7e-m/fpu\librdimon.a(rdimon-syscalls.o)
 *(COMMON)
 COMMON         0x20000404        0x4 .\_out_\debug\src\main.o
                0x20000404                gpio
                0x20000408                __bss_end__ = .

.heap           0x20000408        0x0
                0x20000408                __end__ = .
                0x20000408                end = __end__
 *(.heap*)
 .heap          0x20000408        0x0 .\_out_\debug\src\startup_stm32f4xx.o
                0x20000408                __HeapLimit = .

.stack_dummy    0x20000408      0x100
 *(.stack)
 .stack         0x20000408      0x100 .\_out_\debug\src\startup_stm32f4xx.o
                0x20020000                __StackTop = (ORIGIN (RAM) + 0x20000)
                0x2001ff00                __StackLimit = (__StackTop - SIZEOF (.stack_dummy))
                0x20020000                PROVIDE (__stack, __StackTop)
                0x00000001                ASSERT ((__StackLimit >= __HeapLimit), region RAM overflowed with stack)
LOAD .\_out_\debug\src\startup_stm32f4xx.o
LOAD .\_out_\debug\src\system_stm32f4xx.o
LOAD .\_out_\debug\~#\src\driverinterface.o
LOAD .\_out_\debug\~#\src\gpio\stm32f407\gpio.o
LOAD .\_out_\debug\~#\src\gpio\gpio_driverinterface.o
LOAD .\_out_\debug\src\main.o
LOAD c:/emblocks/2.30/share/em_armgcc/bin/../lib/gcc/arm-none-eabi/4.7.3/../../../../arm-none-eabi/lib/armv7e-m/fpu\librdimon.a
START GROUP
LOAD c:/emblocks/2.30/share/em_armgcc/bin/../lib/gcc/arm-none-eabi/4.7.3/armv7e-m/fpu\libgcc.a
LOAD c:/emblocks/2.30/share/em_armgcc/bin/../lib/gcc/arm-none-eabi/4.7.3/../../../../arm-none-eabi/lib/armv7e-m/fpu\libc_n.a
LOAD c:/emblocks/2.30/share/em_armgcc/bin/../lib/gcc/arm-none-eabi/4.7.3/../../../../arm-none-eabi/lib/armv7e-m/fpu\libg_n.a
LOAD c:/emblocks/2.30/share/em_armgcc/bin/../lib/gcc/arm-none-eabi/4.7.3/../../../../arm-none-eabi/lib/armv7e-m/fpu\libnosys.a
END GROUP
LOAD c:/emblocks/2.30/share/em_armgcc/bin/../lib/gcc/arm-none-eabi/4.7.3/armv7e-m/fpu/crtend.o
LOAD c:/emblocks/2.30/share/em_armgcc/bin/../lib/gcc/arm-none-eabi/4.7.3/armv7e-m/fpu/crtn.o
OUTPUT(.\_HEX_\Debug\STM32_Test.elf elf32-littlearm)

.ARM.attributes
                0x00000000       0x30
 .ARM.attributes
                0x00000000       0x22 c:/emblocks/2.30/share/em_armgcc/bin/../lib/gcc/arm-none-eabi/4.7.3/armv7e-m/fpu/crti.o
 .ARM.attributes
                0x00000022       0x34 c:/emblocks/2.30/share/em_armgcc/bin/../lib/gcc/arm-none-eabi/4.7.3/armv7e-m/fpu/crtbegin.o
 .ARM.attributes
                0x00000056       0x20 c:/emblocks/2.30/share/em_armgcc/bin/../lib/gcc/arm-none-eabi/4.7.3/../../../../arm-none-eabi/lib/armv7e-m/fpu/rdimon-crt0.o
 .ARM.attributes
                0x00000076       0x1f .\_out_\debug\src\startup_stm32f4xx.o
 .ARM.attributes
                0x00000095       0x39 .\_out_\debug\src\system_stm32f4xx.o
 .ARM.attributes
                0x000000ce       0x39 .\_out_\debug\~#\src\driverinterface.o
 .ARM.attributes
                0x00000107       0x39 .\_out_\debug\~#\src\gpio\gpio_driverinterface.o
 .ARM.attributes
                0x00000140       0x39 .\_out_\debug\src\main.o
 .ARM.attributes
                0x00000179       0x34 c:/emblocks/2.30/share/em_armgcc/bin/../lib/gcc/arm-none-eabi/4.7.3/../../../../arm-none-eabi/lib/armv7e-m/fpu\librdimon.a(rdimon-syscalls.o)
 .ARM.attributes
                0x000001ad       0x34 c:/emblocks/2.30/share/em_armgcc/bin/../lib/gcc/arm-none-eabi/4.7.3/../../../../arm-none-eabi/lib/armv7e-m/fpu\libc_n.a(lib_a-exit.o)
 .ARM.attributes
                0x000001e1       0x34 c:/emblocks/2.30/share/em_armgcc/bin/../lib/gcc/arm-none-eabi/4.7.3/../../../../arm-none-eabi/lib/armv7e-m/fpu\libc_n.a(lib_a-findfp.o)
 .ARM.attributes
                0x00000215       0x34 c:/emblocks/2.30/share/em_armgcc/bin/../lib/gcc/arm-none-eabi/4.7.3/../../../../arm-none-eabi/lib/armv7e-m/fpu\libc_n.a(lib_a-impure.o)
 .ARM.attributes
                0x00000249       0x34 c:/emblocks/2.30/share/em_armgcc/bin/../lib/gcc/arm-none-eabi/4.7.3/../../../../arm-none-eabi/lib/armv7e-m/fpu\libc_n.a(lib_a-init.o)
 .ARM.attributes
                0x0000027d       0x34 c:/emblocks/2.30/share/em_armgcc/bin/../lib/gcc/arm-none-eabi/4.7.3/../../../../arm-none-eabi/lib/armv7e-m/fpu\libc_n.a(lib_a-memset.o)
 .ARM.attributes
                0x000002b1       0x20 c:/emblocks/2.30/share/em_armgcc/bin/../lib/gcc/arm-none-eabi/4.7.3/../../../../arm-none-eabi/lib/armv7e-m/fpu\libc_n.a(lib_a-strcmp.o)
 .ARM.attributes
                0x000002d1       0x34 c:/emblocks/2.30/share/em_armgcc/bin/../lib/gcc/arm-none-eabi/4.7.3/../../../../arm-none-eabi/lib/armv7e-m/fpu\libnosys.a(_exit.o)
 .ARM.attributes
                0x00000305       0x34 c:/emblocks/2.30/share/em_armgcc/bin/../lib/gcc/arm-none-eabi/4.7.3/armv7e-m/fpu/crtend.o
 .ARM.attributes
                0x00000339       0x22 c:/emblocks/2.30/share/em_armgcc/bin/../lib/gcc/arm-none-eabi/4.7.3/armv7e-m/fpu/crtn.o

.comment        0x00000000       0x38
 .comment       0x00000000       0x38 .\_out_\debug\src\system_stm32f4xx.o
                                 0x39 (size before relaxing)
 .comment       0x00000000       0x39 .\_out_\debug\~#\src\driverinterface.o
 .comment       0x00000000       0x39 .\_out_\debug\~#\src\gpio\gpio_driverinterface.o
 .comment       0x00000000       0x39 .\_out_\debug\src\main.o

.debug_line     0x00000000      0xed8
 .debug_line    0x00000000       0xcc .\_out_\debug\src\startup_stm32f4xx.o
 .debug_line    0x000000cc      0x33a .\_out_\debug\src\system_stm32f4xx.o
 .debug_line    0x00000406      0x3cd .\_out_\debug\~#\src\driverinterface.o
 .debug_line    0x000007d3      0x3a7 .\_out_\debug\~#\src\gpio\gpio_driverinterface.o
 .debug_line    0x00000b7a      0x35e .\_out_\debug\src\main.o

.debug_info     0x00000000      0xfe6
 .debug_info    0x00000000       0x5d .\_out_\debug\src\startup_stm32f4xx.o
 .debug_info    0x0000005d      0x629 .\_out_\debug\src\system_stm32f4xx.o
 .debug_info    0x00000686      0x365 .\_out_\debug\~#\src\driverinterface.o
 .debug_info    0x000009eb      0x353 .\_out_\debug\~#\src\gpio\gpio_driverinterface.o
 .debug_info    0x00000d3e      0x2a8 .\_out_\debug\src\main.o

.debug_abbrev   0x00000000      0x417
 .debug_abbrev  0x00000000       0x14 .\_out_\debug\src\startup_stm32f4xx.o
 .debug_abbrev  0x00000014      0x13d .\_out_\debug\src\system_stm32f4xx.o
 .debug_abbrev  0x00000151      0x128 .\_out_\debug\~#\src\driverinterface.o
 .debug_abbrev  0x00000279       0xda .\_out_\debug\~#\src\gpio\gpio_driverinterface.o
 .debug_abbrev  0x00000353       0xc4 .\_out_\debug\src\main.o

.debug_aranges  0x00000000       0xd8
 .debug_aranges
                0x00000000       0x20 .\_out_\debug\src\startup_stm32f4xx.o
 .debug_aranges
                0x00000020       0x30 .\_out_\debug\src\system_stm32f4xx.o
 .debug_aranges
                0x00000050       0x30 .\_out_\debug\~#\src\driverinterface.o
 .debug_aranges
                0x00000080       0x38 .\_out_\debug\~#\src\gpio\gpio_driverinterface.o
 .debug_aranges
                0x000000b8       0x20 .\_out_\debug\src\main.o

.debug_loc      0x00000000      0x25c
 .debug_loc     0x00000000       0x9c .\_out_\debug\src\system_stm32f4xx.o
 .debug_loc     0x0000009c       0xa8 .\_out_\debug\~#\src\driverinterface.o
 .debug_loc     0x00000144       0xe0 .\_out_\debug\~#\src\gpio\gpio_driverinterface.o
 .debug_loc     0x00000224       0x38 .\_out_\debug\src\main.o

.debug_ranges   0x00000000       0x78
 .debug_ranges  0x00000000       0x20 .\_out_\debug\src\system_stm32f4xx.o
 .debug_ranges  0x00000020       0x20 .\_out_\debug\~#\src\driverinterface.o
 .debug_ranges  0x00000040       0x28 .\_out_\debug\~#\src\gpio\gpio_driverinterface.o
 .debug_ranges  0x00000068       0x10 .\_out_\debug\src\main.o

.debug_macro    0x00000000     0xaac1
 .debug_macro   0x00000000       0xbc .\_out_\debug\src\system_stm32f4xx.o
 .debug_macro   0x000000bc      0x820 .\_out_\debug\src\system_stm32f4xx.o
 .debug_macro   0x000008dc       0x5d .\_out_\debug\src\system_stm32f4xx.o
 .debug_macro   0x00000939       0x3b .\_out_\debug\src\system_stm32f4xx.o
 .debug_macro   0x00000974       0x16 .\_out_\debug\src\system_stm32f4xx.o
 .debug_macro   0x0000098a       0x44 .\_out_\debug\src\system_stm32f4xx.o
 .debug_macro   0x000009ce      0x209 .\_out_\debug\src\system_stm32f4xx.o
 .debug_macro   0x00000bd7       0x18 .\_out_\debug\src\system_stm32f4xx.o
 .debug_macro   0x00000bef       0x42 .\_out_\debug\src\system_stm32f4xx.o
 .debug_macro   0x00000c31      0xd39 .\_out_\debug\src\system_stm32f4xx.o
 .debug_macro   0x0000196a     0x81c3 .\_out_\debug\src\system_stm32f4xx.o
 .debug_macro   0x00009b2d       0x10 .\_out_\debug\src\system_stm32f4xx.o
 .debug_macro   0x00009b3d       0x35 .\_out_\debug\src\system_stm32f4xx.o
 .debug_macro   0x00009b72      0x13d .\_out_\debug\~#\src\driverinterface.o
 .debug_macro   0x00009caf       0x58 .\_out_\debug\~#\src\driverinterface.o
 .debug_macro   0x00009d07       0x35 .\_out_\debug\~#\src\driverinterface.o
 .debug_macro   0x00009d3c       0xa2 .\_out_\debug\~#\src\driverinterface.o
 .debug_macro   0x00009dde       0x16 .\_out_\debug\~#\src\driverinterface.o
 .debug_macro   0x00009df4      0x10e .\_out_\debug\~#\src\driverinterface.o
 .debug_macro   0x00009f02       0x85 .\_out_\debug\~#\src\driverinterface.o
 .debug_macro   0x00009f87       0x4a .\_out_\debug\~#\src\driverinterface.o
 .debug_macro   0x00009fd1       0x52 .\_out_\debug\~#\src\driverinterface.o
 .debug_macro   0x0000a023       0x16 .\_out_\debug\~#\src\driverinterface.o
 .debug_macro   0x0000a039       0x43 .\_out_\debug\~#\src\driverinterface.o
 .debug_macro   0x0000a07c      0x180 .\_out_\debug\~#\src\driverinterface.o
 .debug_macro   0x0000a1fc       0x16 .\_out_\debug\~#\src\driverinterface.o
 .debug_macro   0x0000a212       0x29 .\_out_\debug\~#\src\driverinterface.o
 .debug_macro   0x0000a23b      0x20f .\_out_\debug\~#\src\driverinterface.o
 .debug_macro   0x0000a44a      0x2a6 .\_out_\debug\~#\src\driverinterface.o
 .debug_macro   0x0000a6f0       0x10 .\_out_\debug\~#\src\driverinterface.o
 .debug_macro   0x0000a700       0x35 .\_out_\debug\~#\src\driverinterface.o
 .debug_macro   0x0000a735       0x1f .\_out_\debug\~#\src\driverinterface.o
 .debug_macro   0x0000a754       0x22 .\_out_\debug\~#\src\driverinterface.o
 .debug_macro   0x0000a776       0xd1 .\_out_\debug\~#\src\driverinterface.o
 .debug_macro   0x0000a847      0x13d .\_out_\debug\~#\src\gpio\gpio_driverinterface.o
 .debug_macro   0x0000a984      0x13d .\_out_\debug\src\main.o

.debug_str      0x00000000    0x38cd5
 .debug_str     0x00000000    0x35d05 .\_out_\debug\src\system_stm32f4xx.o
                              0x35e76 (size before relaxing)
 .debug_str     0x00035d05     0x2f3f .\_out_\debug\~#\src\driverinterface.o
                               0x5d46 (size before relaxing)
 .debug_str     0x00038c44       0x76 .\_out_\debug\~#\src\gpio\gpio_driverinterface.o
                               0x5d29 (size before relaxing)
 .debug_str     0x00038cba       0x1b .\_out_\debug\src\main.o
                               0x5ce2 (size before relaxing)

.debug_frame    0x00000000      0x640
 .debug_frame   0x00000000       0x64 .\_out_\debug\src\system_stm32f4xx.o
 .debug_frame   0x00000064       0x6c .\_out_\debug\~#\src\driverinterface.o
 .debug_frame   0x000000d0       0x84 .\_out_\debug\~#\src\gpio\gpio_driverinterface.o
 .debug_frame   0x00000154       0x30 .\_out_\debug\src\main.o
 .debug_frame   0x00000184      0x2fc c:/emblocks/2.30/share/em_armgcc/bin/../lib/gcc/arm-none-eabi/4.7.3/../../../../arm-none-eabi/lib/armv7e-m/fpu\librdimon.a(rdimon-syscalls.o)
 .debug_frame   0x00000480       0x28 c:/emblocks/2.30/share/em_armgcc/bin/../lib/gcc/arm-none-eabi/4.7.3/../../../../arm-none-eabi/lib/armv7e-m/fpu\libc_n.a(lib_a-exit.o)
 .debug_frame   0x000004a8      0x12c c:/emblocks/2.30/share/em_armgcc/bin/../lib/gcc/arm-none-eabi/4.7.3/../../../../arm-none-eabi/lib/armv7e-m/fpu\libc_n.a(lib_a-findfp.o)
 .debug_frame   0x000005d4       0x2c c:/emblocks/2.30/share/em_armgcc/bin/../lib/gcc/arm-none-eabi/4.7.3/../../../../arm-none-eabi/lib/armv7e-m/fpu\libc_n.a(lib_a-init.o)
 .debug_frame   0x00000600       0x20 c:/emblocks/2.30/share/em_armgcc/bin/../lib/gcc/arm-none-eabi/4.7.3/../../../../arm-none-eabi/lib/armv7e-m/fpu\libc_n.a(lib_a-memset.o)
 .debug_frame   0x00000620       0x20 c:/emblocks/2.30/share/em_armgcc/bin/../lib/gcc/arm-none-eabi/4.7.3/../../../../arm-none-eabi/lib/armv7e-m/fpu\libnosys.a(_exit.o)
