Archive member included because of file (symbol)

c:/program files/embitz/0.42/share/em_armgcc/bin/../lib/gcc/arm-none-eabi/4.8.4/../../../../arm-none-eabi/lib/armv7e-m/fpu\librdimon_n.a(rdimon-syscalls.o)
                              c:/program files/embitz/0.42/share/em_armgcc/bin/../lib/gcc/arm-none-eabi/4.8.4/../../../../arm-none-eabi/lib/armv7e-m/fpu/rdimon-crt0.o (initialise_monitor_handles)
c:/program files/embitz/0.42/share/em_armgcc/bin/../lib/gcc/arm-none-eabi/4.8.4/../../../../arm-none-eabi/lib/armv7e-m/fpu\libg_n.a(lib_a-errno.o)
                              c:/program files/embitz/0.42/share/em_armgcc/bin/../lib/gcc/arm-none-eabi/4.8.4/../../../../arm-none-eabi/lib/armv7e-m/fpu\librdimon_n.a(rdimon-syscalls.o) (__errno)
c:/program files/embitz/0.42/share/em_armgcc/bin/../lib/gcc/arm-none-eabi/4.8.4/../../../../arm-none-eabi/lib/armv7e-m/fpu\libg_n.a(lib_a-exit.o)
                              c:/program files/embitz/0.42/share/em_armgcc/bin/../lib/gcc/arm-none-eabi/4.8.4/../../../../arm-none-eabi/lib/armv7e-m/fpu/rdimon-crt0.o (exit)
c:/program files/embitz/0.42/share/em_armgcc/bin/../lib/gcc/arm-none-eabi/4.8.4/../../../../arm-none-eabi/lib/armv7e-m/fpu\libg_n.a(lib_a-findfp.o)
                              c:/program files/embitz/0.42/share/em_armgcc/bin/../lib/gcc/arm-none-eabi/4.8.4/../../../../arm-none-eabi/lib/armv7e-m/fpu\librdimon_n.a(rdimon-syscalls.o) (__sinit)
c:/program files/embitz/0.42/share/em_armgcc/bin/../lib/gcc/arm-none-eabi/4.8.4/../../../../arm-none-eabi/lib/armv7e-m/fpu\libg_n.a(lib_a-fwalk.o)
                              c:/program files/embitz/0.42/share/em_armgcc/bin/../lib/gcc/arm-none-eabi/4.8.4/../../../../arm-none-eabi/lib/armv7e-m/fpu\libg_n.a(lib_a-findfp.o) (_fwalk)
c:/program files/embitz/0.42/share/em_armgcc/bin/../lib/gcc/arm-none-eabi/4.8.4/../../../../arm-none-eabi/lib/armv7e-m/fpu\libg_n.a(lib_a-impure.o)
                              c:/program files/embitz/0.42/share/em_armgcc/bin/../lib/gcc/arm-none-eabi/4.8.4/../../../../arm-none-eabi/lib/armv7e-m/fpu\libg_n.a(lib_a-exit.o) (_global_impure_ptr)
c:/program files/embitz/0.42/share/em_armgcc/bin/../lib/gcc/arm-none-eabi/4.8.4/../../../../arm-none-eabi/lib/armv7e-m/fpu\libg_n.a(lib_a-init.o)
                              c:/program files/embitz/0.42/share/em_armgcc/bin/../lib/gcc/arm-none-eabi/4.8.4/../../../../arm-none-eabi/lib/armv7e-m/fpu/rdimon-crt0.o (__libc_init_array)
c:/program files/embitz/0.42/share/em_armgcc/bin/../lib/gcc/arm-none-eabi/4.8.4/../../../../arm-none-eabi/lib/armv7e-m/fpu\libg_n.a(lib_a-memset.o)
                              c:/program files/embitz/0.42/share/em_armgcc/bin/../lib/gcc/arm-none-eabi/4.8.4/../../../../arm-none-eabi/lib/armv7e-m/fpu/rdimon-crt0.o (memset)
c:/program files/embitz/0.42/share/em_armgcc/bin/../lib/gcc/arm-none-eabi/4.8.4/../../../../arm-none-eabi/lib/armv7e-m/fpu\libg_n.a(lib_a-nano-mallocr.o)
                              c:/program files/embitz/0.42/share/em_armgcc/bin/../lib/gcc/arm-none-eabi/4.8.4/../../../../arm-none-eabi/lib/armv7e-m/fpu\libg_n.a(lib_a-findfp.o) (_malloc_r)
c:/program files/embitz/0.42/share/em_armgcc/bin/../lib/gcc/arm-none-eabi/4.8.4/../../../../arm-none-eabi/lib/armv7e-m/fpu\libg_n.a(lib_a-sbrkr.o)
                              c:/program files/embitz/0.42/share/em_armgcc/bin/../lib/gcc/arm-none-eabi/4.8.4/../../../../arm-none-eabi/lib/armv7e-m/fpu\libg_n.a(lib_a-nano-mallocr.o) (_sbrk_r)
c:/program files/embitz/0.42/share/em_armgcc/bin/../lib/gcc/arm-none-eabi/4.8.4/../../../../arm-none-eabi/lib/armv7e-m/fpu\libg_n.a(lib_a-stdio.o)
                              c:/program files/embitz/0.42/share/em_armgcc/bin/../lib/gcc/arm-none-eabi/4.8.4/../../../../arm-none-eabi/lib/armv7e-m/fpu\libg_n.a(lib_a-findfp.o) (__sread)
c:/program files/embitz/0.42/share/em_armgcc/bin/../lib/gcc/arm-none-eabi/4.8.4/../../../../arm-none-eabi/lib/armv7e-m/fpu\libg_n.a(lib_a-strcmp.o)
                              .\_out_\debug\~#\src\driverinterface.o (strcmp)
c:/program files/embitz/0.42/share/em_armgcc/bin/../lib/gcc/arm-none-eabi/4.8.4/../../../../arm-none-eabi/lib/armv7e-m/fpu\libg_n.a(lib_a-strlen.o)
                              c:/program files/embitz/0.42/share/em_armgcc/bin/../lib/gcc/arm-none-eabi/4.8.4/../../../../arm-none-eabi/lib/armv7e-m/fpu\librdimon_n.a(rdimon-syscalls.o) (strlen)
c:/program files/embitz/0.42/share/em_armgcc/bin/../lib/gcc/arm-none-eabi/4.8.4/../../../../arm-none-eabi/lib/armv7e-m/fpu\libg_n.a(lib_a-writer.o)
                              c:/program files/embitz/0.42/share/em_armgcc/bin/../lib/gcc/arm-none-eabi/4.8.4/../../../../arm-none-eabi/lib/armv7e-m/fpu\libg_n.a(lib_a-stdio.o) (_write_r)
c:/program files/embitz/0.42/share/em_armgcc/bin/../lib/gcc/arm-none-eabi/4.8.4/../../../../arm-none-eabi/lib/armv7e-m/fpu\libg_n.a(lib_a-closer.o)
[...]
Memory Configuration

Name             Origin             Length             Attributes
ROM              0x08000000         0x00100000         xr
RAM              0x20000000         0x00020000         xrw
CCRAM            0x10000000         0x00010000         xrw
*default*        0x00000000         0xffffffff

Linker script and memory map

LOAD c:/program files/embitz/0.42/share/em_armgcc/bin/../lib/gcc/arm-none-eabi/4.8.4/armv7e-m/fpu/crti.o
LOAD c:/program files/embitz/0.42/share/em_armgcc/bin/../lib/gcc/arm-none-eabi/4.8.4/armv7e-m/fpu/crtbegin.o
LOAD c:/program files/embitz/0.42/share/em_armgcc/bin/../lib/gcc/arm-none-eabi/4.8.4/../../../../arm-none-eabi/lib/armv7e-m/fpu/rdimon-crt0.o
                0x00000000                __HEAP_SIZE = 0x0
                0x00000100                __STACK_SIZE = 0x100

.text           0x08000000      0xddc
 *(.isr_vector)
 .isr_vector    0x08000000      0x188 .\_out_\debug\src\startup_stm32f4xx.o
                0x08000000                __isr_vector
 *(.text*)
 .text          0x08000188       0x54 c:/program files/embitz/0.42/share/em_armgcc/bin/../lib/gcc/arm-none-eabi/4.8.4/armv7e-m/fpu/crtbegin.o
 .text          0x080001dc       0xdc c:/program files/embitz/0.42/share/em_armgcc/bin/../lib/gcc/arm-none-eabi/4.8.4/../../../../arm-none-eabi/lib/armv7e-m/fpu/rdimon-crt0.o
                0x080001dc                _start
                0x080001dc                _mainCRTStartup
 .text.HAL_CLOCK_Config
                0x080002b8       0x5c .\_out_\debug\~#\src\clock\stm32f407\clock.o
                0x080002b8                HAL_CLOCK_Config
 .text.DRIVER_Add
                0x08000314       0xc8 .\_out_\debug\~#\src\driverinterface.o
                0x08000314                DRIVER_Add
 .text.DRIVER_LoadAll
                0x080003dc       0x50 .\_out_\debug\~#\src\driverinterface.o
                0x080003dc                DRIVER_LoadAll
 .text.DRIVER_open
                0x0800042c       0x5c .\_out_\debug\~#\src\driverinterface.o
                0x0800042c                DRIVER_open
 .text._Write   0x08000488       0x1c .\_out_\debug\~#\src\gpio\gpio_driverinterface.o
 .text._Read    0x080004a4       0x1c .\_out_\debug\~#\src\gpio\gpio_driverinterface.o
 .text._Ioctl   0x080004c0       0x4c .\_out_\debug\~#\src\gpio\gpio_driverinterface.o
 .text.GPIO_LoadDriver
                0x0800050c       0x3c .\_out_\debug\~#\src\gpio\gpio_driverinterface.o
                0x0800050c                GPIO_LoadDriver
 .text.HAL_GPIO_Init
                0x08000548      0x338 .\_out_\debug\~#\src\gpio\stm32f407\gpio.o
                0x08000548                HAL_GPIO_Init
 .text.HAL_GPIO_WritePin
                0x08000880       0x4c .\_out_\debug\~#\src\gpio\stm32f407\gpio.o
                0x08000880                HAL_GPIO_WritePin
 .text.main     0x080008cc       0x60 .\_out_\debug\src\main.o
                0x080008cc                main
 .text          0x0800092c      0x108 .\_out_\debug\src\startup_stm32f4xx.o
                0x0800092c                Reset_Handler
                0x08000972                NMI_Handler
                0x08000974                HardFault_Handler
                0x08000976                MemManage_Handler
                0x08000978                BusFault_Handler
                0x0800097a                UsageFault_Handler
                0x0800097c                SVC_Handler
                0x0800097e                DebugMon_Handler
                0x08000980                PendSV_Handler
                0x08000982                SysTick_Handler
                0x08000984                Default_Handler
                0x08000986                WWDG_IRQHandler
                0x08000988                PVD_IRQHandler
                0x0800098a                TAMP_STAMP_IRQHandler
                0x0800098c                RTC_WKUP_IRQHandler
                0x0800098e                FLASH_IRQHandler
                0x08000990                RCC_IRQHandler
                0x08000992                EXTI0_IRQHandler
                0x08000994                EXTI1_IRQHandler
                0x08000996                EXTI2_IRQHandler
                0x08000998                EXTI3_IRQHandler
                0x0800099a                EXTI4_IRQHandler
                0x0800099c                DMA1_Stream0_IRQHandler
                0x0800099e                DMA1_Stream1_IRQHandler
                0x080009a0                DMA1_Stream2_IRQHandler
                0x080009a2                DMA1_Stream3_IRQHandler
                0x080009a4                DMA1_Stream4_IRQHandler
                0x080009a6                DMA1_Stream5_IRQHandler
                0x080009a8                DMA1_Stream6_IRQHandler
                0x080009aa                ADC_IRQHandler
                0x080009ac                CAN1_TX_IRQHandler
                0x080009ae                CAN1_RX0_IRQHandler
                0x080009b0                CAN1_RX1_IRQHandler
                0x080009b2                CAN1_SCE_IRQHandler
                0x080009b4                EXTI9_5_IRQHandler
                0x080009b6                TIM1_BRK_TIM9_IRQHandler
                0x080009b8                TIM1_UP_TIM10_IRQHandler
                0x080009ba                TIM1_TRG_COM_TIM11_IRQHandler
                0x080009bc                TIM1_CC_IRQHandler
                0x080009be                TIM2_IRQHandler
                0x080009c0                TIM3_IRQHandler
                0x080009c2                TIM4_IRQHandler
                0x080009c4                I2C1_EV_IRQHandler
                0x080009c6                I2C1_ER_IRQHandler
                0x080009c8                I2C2_EV_IRQHandler
                0x080009ca                I2C2_ER_IRQHandler
                0x080009cc                SPI1_IRQHandler
                0x080009ce                SPI2_IRQHandler
                0x080009d0                USART1_IRQHandler
                0x080009d2                USART2_IRQHandler
                0x080009d4                USART3_IRQHandler
                0x080009d6                EXTI15_10_IRQHandler
                0x080009d8                RTC_Alarm_IRQHandler
                0x080009da                OTG_FS_WKUP_IRQHandler
                0x080009dc                TIM8_BRK_TIM12_IRQHandler
                0x080009de                TIM8_UP_TIM13_IRQHandler
                0x080009e0                TIM8_TRG_COM_TIM14_IRQHandler
                0x080009e2                TIM8_CC_IRQHandler
                0x080009e4                DMA1_Stream7_IRQHandler
                0x080009e6                FSMC_IRQHandler
                0x080009e8                SDIO_IRQHandler
                0x080009ea                TIM5_IRQHandler
                0x080009ec                SPI3_IRQHandler
                0x080009ee                UART4_IRQHandler
                0x080009f0                UART5_IRQHandler
                0x080009f2                TIM6_DAC_IRQHandler
                0x080009f4                TIM7_IRQHandler
                0x080009f6                DMA2_Stream0_IRQHandler
                0x080009f8                DMA2_Stream1_IRQHandler
                0x080009fa                DMA2_Stream2_IRQHandler
                0x080009fc                DMA2_Stream3_IRQHandler
                0x080009fe                DMA2_Stream4_IRQHandler
                0x08000a00                ETH_IRQHandler
                0x08000a02                ETH_WKUP_IRQHandler
                0x08000a04                CAN2_TX_IRQHandler
                0x08000a06                CAN2_RX0_IRQHandler
                0x08000a08                CAN2_RX1_IRQHandler
                0x08000a0a                CAN2_SCE_IRQHandler
                0x08000a0c                OTG_FS_IRQHandler
                0x08000a0e                DMA2_Stream5_IRQHandler
                0x08000a10                DMA2_Stream6_IRQHandler
                0x08000a12                DMA2_Stream7_IRQHandler
                0x08000a14                USART6_IRQHandler
                0x08000a16                I2C3_EV_IRQHandler
                0x08000a18                I2C3_ER_IRQHandler
                0x08000a1a                OTG_HS_EP1_OUT_IRQHandler
                0x08000a1c                OTG_HS_EP1_IN_IRQHandler
                0x08000a1e                OTG_HS_WKUP_IRQHandler
                0x08000a20                OTG_HS_IRQHandler
                0x08000a22                DCMI_IRQHandler
                0x08000a24                CRYP_IRQHandler
                0x08000a26                HASH_RNG_IRQHandler
                0x08000a28                FPU_IRQHandler
 .text.SystemInit
                0x08000a34       0x68 .\_out_\debug\src\system_stm32f4xx.o
                0x08000a34                SystemInit
 .text.SetSysClock
                0x08000a9c       0xf4 .\_out_\debug\src\system_stm32f4xx.o
 .text._Ioctl   0x08000b90       0x24 .\_out_\debug\~#\src\clock\clock_driverinterface.o
 .text.CLOCK_LoadDriver
                0x08000bb4       0x2c .\_out_\debug\~#\src\clock\clock_driverinterface.o
                0x08000bb4                CLOCK_LoadDriver
 .text.initialise_monitor_handles
                0x08000be0       0x9c c:/program files/embitz/0.42/share/em_armgcc/bin/../lib/gcc/arm-none-eabi/4.8.4/../../../../arm-none-eabi/lib/armv7e-m/fpu\librdimon_n.a(rdimon-syscalls.o)
                0x08000be0                initialise_monitor_handles
 .text.exit     0x08000c7c       0x28 c:/program files/embitz/0.42/share/em_armgcc/bin/../lib/gcc/arm-none-eabi/4.8.4/../../../../arm-none-eabi/lib/armv7e-m/fpu\libg_n.a(lib_a-exit.o)
                0x08000c7c                exit
 .text.__libc_init_array
                0x08000ca4       0x4c c:/program files/embitz/0.42/share/em_armgcc/bin/../lib/gcc/arm-none-eabi/4.8.4/../../../../arm-none-eabi/lib/armv7e-m/fpu\libg_n.a(lib_a-init.o)
                0x08000ca4                __libc_init_array
 .text.memset   0x08000cf0       0x10 c:/program files/embitz/0.42/share/em_armgcc/bin/../lib/gcc/arm-none-eabi/4.8.4/../../../../arm-none-eabi/lib/armv7e-m/fpu\libg_n.a(lib_a-memset.o)
                0x08000cf0                memset
 .text          0x08000d00       0x14 c:/program files/embitz/0.42/share/em_armgcc/bin/../lib/gcc/arm-none-eabi/4.8.4/../../../../arm-none-eabi/lib/armv7e-m/fpu\libg_n.a(lib_a-strcmp.o)
                0x08000d00                strcmp
 .text._exit    0x08000d14        0x8 c:/program files/embitz/0.42/share/em_armgcc/bin/../lib/gcc/arm-none-eabi/4.8.4/../../../../arm-none-eabi/lib/armv7e-m/fpu\librdimon_n.a(rdimon-_exit.o)
                0x08000d14                _exit
 .text._kill    0x08000d1c       0x20 c:/program files/embitz/0.42/share/em_armgcc/bin/../lib/gcc/arm-none-eabi/4.8.4/../../../../arm-none-eabi/lib/armv7e-m/fpu\librdimon_n.a(rdimon-_kill.o)
                0x08000d1c                _kill
 *(.init)
 .init          0x08000d3c        0x4 c:/program files/embitz/0.42/share/em_armgcc/bin/../lib/gcc/arm-none-eabi/4.8.4/armv7e-m/fpu/crti.o
                0x08000d3c                _init
 .init          0x08000d40        0x8 c:/program files/embitz/0.42/share/em_armgcc/bin/../lib/gcc/arm-none-eabi/4.8.4/armv7e-m/fpu/crtn.o
 *(.fini)
 .fini          0x08000d48        0x4 c:/program files/embitz/0.42/share/em_armgcc/bin/../lib/gcc/arm-none-eabi/4.8.4/armv7e-m/fpu/crti.o
                0x08000d48                _fini
 .fini          0x08000d4c        0x8 c:/program files/embitz/0.42/share/em_armgcc/bin/../lib/gcc/arm-none-eabi/4.8.4/armv7e-m/fpu/crtn.o
 *crtbegin.o(.ctors)
 *crtbegin?.o(.ctors)
 *(EXCLUDE_FILE(*crtend.o *crtend?.o) .ctors)
 *(SORT(.ctors.*))
 *(.ctors)
 *crtbegin.o(.dtors)
 *crtbegin?.o(.dtors)
 *(EXCLUDE_FILE(*crtend.o *crtend?.o) .dtors)
 *(SORT(.dtors.*))
 *(.dtors)
 *(.rodata*)
 .rodata        0x08000d54        0x8 .\_out_\debug\~#\src\gpio\gpio_driverinterface.o
 .rodata        0x08000d5c        0x4 .\_out_\debug\~#\src\gpio\stm32f407\gpio.o
 .rodata        0x08000d60        0x8 .\_out_\debug\src\main.o
 .rodata        0x08000d68        0x4 .\_out_\debug\~#\src\clock\clock_driverinterface.o
 .rodata.str1.1
                0x08000d6c        0x4 c:/program files/embitz/0.42/share/em_armgcc/bin/../lib/gcc/arm-none-eabi/4.8.4/../../../../arm-none-eabi/lib/armv7e-m/fpu\librdimon_n.a(rdimon-syscalls.o)
 .rodata.__sf_fake_stdin
                0x08000d70       0x20 c:/program files/embitz/0.42/share/em_armgcc/bin/../lib/gcc/arm-none-eabi/4.8.4/../../../../arm-none-eabi/lib/armv7e-m/fpu\libg_n.a(lib_a-findfp.o)
                0x08000d70                __sf_fake_stdin
 .rodata.__sf_fake_stdout
                0x08000d90       0x20 c:/program files/embitz/0.42/share/em_armgcc/bin/../lib/gcc/arm-none-eabi/4.8.4/../../../../arm-none-eabi/lib/armv7e-m/fpu\libg_n.a(lib_a-findfp.o)
                0x08000d90                __sf_fake_stdout
 .rodata.__sf_fake_stderr
                0x08000db0       0x20 c:/program files/embitz/0.42/share/em_armgcc/bin/../lib/gcc/arm-none-eabi/4.8.4/../../../../arm-none-eabi/lib/armv7e-m/fpu\libg_n.a(lib_a-findfp.o)
                0x08000db0                __sf_fake_stderr
 .rodata.str1.1
                0x08000dd0        0x2 c:/program files/embitz/0.42/share/em_armgcc/bin/../lib/gcc/arm-none-eabi/4.8.4/../../../../arm-none-eabi/lib/armv7e-m/fpu\libg_n.a(lib_a-impure.o)
 *fill*         0x08000dd2        0x2 
 .rodata._global_impure_ptr
                0x08000dd4        0x4 c:/program files/embitz/0.42/share/em_armgcc/bin/../lib/gcc/arm-none-eabi/4.8.4/../../../../arm-none-eabi/lib/armv7e-m/fpu\libg_n.a(lib_a-impure.o)
                0x08000dd4                _global_impure_ptr
 *(.eh_frame*)
 .eh_frame      0x08000dd8        0x0 c:/program files/embitz/0.42/share/em_armgcc/bin/../lib/gcc/arm-none-eabi/4.8.4/armv7e-m/fpu/crtbegin.o
 .eh_frame      0x08000dd8        0x4 c:/program files/embitz/0.42/share/em_armgcc/bin/../lib/gcc/arm-none-eabi/4.8.4/armv7e-m/fpu/crtend.o

.glue_7         0x08000ddc        0x0
 .glue_7        0x00000000        0x0 linker stubs

.glue_7t        0x08000ddc        0x0
 .glue_7t       0x00000000        0x0 linker stubs

.vfp11_veneer   0x08000ddc        0x0
 .vfp11_veneer  0x00000000        0x0 linker stubs

.v4_bx          0x08000ddc        0x0
 .v4_bx         0x00000000        0x0 linker stubs

.iplt           0x08000ddc        0x0
 .iplt          0x00000000        0x0 c:/program files/embitz/0.42/share/em_armgcc/bin/../lib/gcc/arm-none-eabi/4.8.4/armv7e-m/fpu/crtbegin.o

.ARM.extab
 *(.ARM.extab* .gnu.linkonce.armextab.*)
                0x08000ddc                __exidx_start = .

.ARM.exidx      0x08000ddc        0x8
 *(.ARM.exidx* .gnu.linkonce.armexidx.*)
 .ARM.exidx     0x08000ddc        0x8 c:/program files/embitz/0.42/share/em_armgcc/bin/../lib/gcc/arm-none-eabi/4.8.4/../../../../arm-none-eabi/lib/armv7e-m/fpu/rdimon-crt0.o
                0x08000de4                __exidx_end = .
                0x08000de4                __etext = .

.rel.dyn        0x08000de4        0x0
 .rel.iplt      0x00000000        0x0 c:/program files/embitz/0.42/share/em_armgcc/bin/../lib/gcc/arm-none-eabi/4.8.4/armv7e-m/fpu/crtbegin.o

.data           0x20000000      0x178 load address 0x08000de4
                0x20000000                __data_start__ = .
 *(vtable)
 *(.data*)
 .data          0x20000000      0x110 c:/program files/embitz/0.42/share/em_armgcc/bin/../lib/gcc/arm-none-eabi/4.8.4/../../../../arm-none-eabi/lib/armv7e-m/fpu/rdimon-crt0.o
                0x20000008                __stack_base__
 .data.impure_data
                0x20000110       0x60 c:/program files/embitz/0.42/share/em_armgcc/bin/../lib/gcc/arm-none-eabi/4.8.4/../../../../arm-none-eabi/lib/armv7e-m/fpu\libg_n.a(lib_a-impure.o)
                0x20000170                . = ALIGN (0x4)
                0x20000170                PROVIDE (__preinit_array_start, .)
 *(.preinit_array)
                0x20000170                PROVIDE (__preinit_array_end, .)
                0x20000170                . = ALIGN (0x4)
                0x20000170                PROVIDE (__init_array_start, .)
 *(SORT(.init_array.*))
 *(.init_array)
 .init_array    0x20000170        0x4 c:/program files/embitz/0.42/share/em_armgcc/bin/../lib/gcc/arm-none-eabi/4.8.4/armv7e-m/fpu/crtbegin.o
                0x20000174                PROVIDE (__init_array_end, .)
                0x20000174                . = ALIGN (0x4)
                0x20000174                PROVIDE (__fini_array_start, .)
 *(SORT(.fini_array.*))
 *(.fini_array)
 .fini_array    0x20000174        0x4 c:/program files/embitz/0.42/share/em_armgcc/bin/../lib/gcc/arm-none-eabi/4.8.4/armv7e-m/fpu/crtbegin.o
                0x20000178                PROVIDE (__fini_array_end, .)
                0x20000178                . = ALIGN (0x4)
                0x20000178                __data_end__ = .

.jcr            0x20000178        0x0 load address 0x08000f5c
 .jcr           0x20000178        0x0 c:/program files/embitz/0.42/share/em_armgcc/bin/../lib/gcc/arm-none-eabi/4.8.4/armv7e-m/fpu/crtbegin.o

.igot.plt       0x20000178        0x0 load address 0x08000f5c
 .igot.plt      0x00000000        0x0 c:/program files/embitz/0.42/share/em_armgcc/bin/../lib/gcc/arm-none-eabi/4.8.4/armv7e-m/fpu/crtbegin.o

.bss            0x20000178      0x2d0 load address 0x08000f5c
                0x20000178                __bss_start__ = .
 *(.bss*)
 .bss           0x20000178       0x1c c:/program files/embitz/0.42/share/em_armgcc/bin/../lib/gcc/arm-none-eabi/4.8.4/armv7e-m/fpu/crtbegin.o
 .bss.xNumberOfPeripherals
                0x20000194        0x4 .\_out_\debug\~#\src\driverinterface.o
 .bss.xAvailablePeripherals
                0x20000198      0x200 .\_out_\debug\~#\src\driverinterface.o
 .bss.monitor_stdout
                0x20000398        0x4 c:/program files/embitz/0.42/share/em_armgcc/bin/../lib/gcc/arm-none-eabi/4.8.4/../../../../arm-none-eabi/lib/armv7e-m/fpu\librdimon_n.a(rdimon-syscalls.o)
 .bss.monitor_stdin
                0x2000039c        0x4 c:/program files/embitz/0.42/share/em_armgcc/bin/../lib/gcc/arm-none-eabi/4.8.4/../../../../arm-none-eabi/lib/armv7e-m/fpu\librdimon_n.a(rdimon-syscalls.o)
 .bss.monitor_stderr
                0x200003a0        0x4 c:/program files/embitz/0.42/share/em_armgcc/bin/../lib/gcc/arm-none-eabi/4.8.4/../../../../arm-none-eabi/lib/armv7e-m/fpu\librdimon_n.a(rdimon-syscalls.o)
 .bss.openfiles
                0x200003a4       0xa0 c:/program files/embitz/0.42/share/em_armgcc/bin/../lib/gcc/arm-none-eabi/4.8.4/../../../../arm-none-eabi/lib/armv7e-m/fpu\librdimon_n.a(rdimon-syscalls.o)
 *(COMMON)
 COMMON         0x20000444        0x4 .\_out_\debug\src\main.o
                0x20000444                gpio
                0x20000448                __bss_end__ = .

.heap           0x20000448        0x0
                0x20000448                __end__ = .
                0x20000448                end = __end__
 *(.heap*)
 .heap          0x20000448        0x0 .\_out_\debug\src\startup_stm32f4xx.o
                0x20000448                __HeapLimit = .

.stack_dummy    0x20000448      0x100
 *(.stack)
 .stack         0x20000448      0x100 .\_out_\debug\src\startup_stm32f4xx.o
                0x20020000                __StackTop = (ORIGIN (RAM) + 0x20000)
                0x2001ff00                __StackLimit = (__StackTop - SIZEOF (.stack_dummy))
                0x20020000                PROVIDE (__stack, __StackTop)
                0x00000001                ASSERT ((__StackLimit >= __HeapLimit), region RAM overflowed with stack)
LOAD .\_out_\debug\~#\src\clock\stm32f407\clock.o
LOAD .\_out_\debug\~#\src\driverinterface.o
LOAD .\_out_\debug\~#\src\gpio\gpio_driverinterface.o
LOAD .\_out_\debug\~#\src\gpio\stm32f407\gpio.o
LOAD .\_out_\debug\src\main.o
LOAD .\_out_\debug\src\startup_stm32f4xx.o
LOAD .\_out_\debug\src\system_stm32f4xx.o
LOAD .\_out_\debug\~#\src\clock\clock_driverinterface.o
LOAD c:/program files/embitz/0.42/share/em_armgcc/bin/../lib/gcc/arm-none-eabi/4.8.4/../../../../arm-none-eabi/lib/armv7e-m/fpu\librdimon_n.a
START GROUP
LOAD c:/program files/embitz/0.42/share/em_armgcc/bin/../lib/gcc/arm-none-eabi/4.8.4/armv7e-m/fpu\libgcc.a
LOAD c:/program files/embitz/0.42/share/em_armgcc/bin/../lib/gcc/arm-none-eabi/4.8.4/../../../../arm-none-eabi/lib/armv7e-m/fpu\libg_n.a
LOAD c:/program files/embitz/0.42/share/em_armgcc/bin/../lib/gcc/arm-none-eabi/4.8.4/../../../../arm-none-eabi/lib/armv7e-m/fpu\libc_n.a
END GROUP
START GROUP
LOAD c:/program files/embitz/0.42/share/em_armgcc/bin/../lib/gcc/arm-none-eabi/4.8.4/armv7e-m/fpu\libgcc.a
LOAD c:/program files/embitz/0.42/share/em_armgcc/bin/../lib/gcc/arm-none-eabi/4.8.4/../../../../arm-none-eabi/lib/armv7e-m/fpu\libc_n.a
LOAD c:/program files/embitz/0.42/share/em_armgcc/bin/../lib/gcc/arm-none-eabi/4.8.4/../../../../arm-none-eabi/lib/armv7e-m/fpu\librdimon_n.a
LOAD c:/program files/embitz/0.42/share/em_armgcc/bin/../lib/gcc/arm-none-eabi/4.8.4/../../../../arm-none-eabi/lib/armv7e-m/fpu\libnosys_s.a
END GROUP
START GROUP
LOAD c:/program files/embitz/0.42/share/em_armgcc/bin/../lib/gcc/arm-none-eabi/4.8.4/armv7e-m/fpu\libgcc.a
LOAD c:/program files/embitz/0.42/share/em_armgcc/bin/../lib/gcc/arm-none-eabi/4.8.4/../../../../arm-none-eabi/lib/armv7e-m/fpu\libc_n.a
LOAD c:/program files/embitz/0.42/share/em_armgcc/bin/../lib/gcc/arm-none-eabi/4.8.4/../../../../arm-none-eabi/lib/armv7e-m/fpu\librdimon_n.a
END GROUP
LOAD c:/program files/embitz/0.42/share/em_armgcc/bin/../lib/gcc/arm-none-eabi/4.8.4/armv7e-m/fpu/crtend.o
LOAD c:/program files/embitz/0.42/share/em_armgcc/bin/../lib/gcc/arm-none-eabi/4.8.4/armv7e-m/fpu/crtn.o
OUTPUT(.\_HEX_\Debug\STM32_Test.elf elf32-littlearm)

.ARM.attributes
                0x00000000       0x30
 .ARM.attributes
                0x00000000       0x22 c:/program files/embitz/0.42/share/em_armgcc/bin/../lib/gcc/arm-none-eabi/4.8.4/armv7e-m/fpu/crti.o
 .ARM.attributes
                0x00000022       0x34 c:/program files/embitz/0.42/share/em_armgcc/bin/../lib/gcc/arm-none-eabi/4.8.4/armv7e-m/fpu/crtbegin.o
 .ARM.attributes
                0x00000056       0x20 c:/program files/embitz/0.42/share/em_armgcc/bin/../lib/gcc/arm-none-eabi/4.8.4/../../../../arm-none-eabi/lib/armv7e-m/fpu/rdimon-crt0.o
 .ARM.attributes
                0x00000076       0x39 .\_out_\debug\~#\src\clock\stm32f407\clock.o
 .ARM.attributes
                0x000000af       0x39 .\_out_\debug\~#\src\driverinterface.o
 .ARM.attributes
                0x000000e8       0x39 .\_out_\debug\~#\src\gpio\gpio_driverinterface.o
 .ARM.attributes
                0x00000121       0x39 .\_out_\debug\~#\src\gpio\stm32f407\gpio.o
 .ARM.attributes
                0x0000015a       0x39 .\_out_\debug\src\main.o
 .ARM.attributes
                0x00000193       0x1f .\_out_\debug\src\startup_stm32f4xx.o
 .ARM.attributes
                0x000001b2       0x39 .\_out_\debug\src\system_stm32f4xx.o
 .ARM.attributes
                0x000001eb       0x39 .\_out_\debug\~#\src\clock\clock_driverinterface.o
 .ARM.attributes
                0x00000224       0x34 c:/program files/embitz/0.42/share/em_armgcc/bin/../lib/gcc/arm-none-eabi/4.8.4/../../../../arm-none-eabi/lib/armv7e-m/fpu\librdimon_n.a(rdimon-syscalls.o)
 .ARM.attributes
                0x00000258       0x34 c:/program files/embitz/0.42/share/em_armgcc/bin/../lib/gcc/arm-none-eabi/4.8.4/../../../../arm-none-eabi/lib/armv7e-m/fpu\libg_n.a(lib_a-exit.o)
 .ARM.attributes
                0x0000028c       0x34 c:/program files/embitz/0.42/share/em_armgcc/bin/../lib/gcc/arm-none-eabi/4.8.4/../../../../arm-none-eabi/lib/armv7e-m/fpu\libg_n.a(lib_a-findfp.o)
 .ARM.attributes
                0x000002c0       0x34 c:/program files/embitz/0.42/share/em_armgcc/bin/../lib/gcc/arm-none-eabi/4.8.4/../../../../arm-none-eabi/lib/armv7e-m/fpu\libg_n.a(lib_a-impure.o)
 .ARM.attributes
                0x000002f4       0x34 c:/program files/embitz/0.42/share/em_armgcc/bin/../lib/gcc/arm-none-eabi/4.8.4/../../../../arm-none-eabi/lib/armv7e-m/fpu\libg_n.a(lib_a-init.o)
 .ARM.attributes
                0x00000328       0x34 c:/program files/embitz/0.42/share/em_armgcc/bin/../lib/gcc/arm-none-eabi/4.8.4/../../../../arm-none-eabi/lib/armv7e-m/fpu\libg_n.a(lib_a-memset.o)
 .ARM.attributes
                0x0000035c       0x20 c:/program files/embitz/0.42/share/em_armgcc/bin/../lib/gcc/arm-none-eabi/4.8.4/../../../../arm-none-eabi/lib/armv7e-m/fpu\libg_n.a(lib_a-strcmp.o)
 .ARM.attributes
                0x0000037c       0x34 c:/program files/embitz/0.42/share/em_armgcc/bin/../lib/gcc/arm-none-eabi/4.8.4/../../../../arm-none-eabi/lib/armv7e-m/fpu\librdimon_n.a(rdimon-_exit.o)
 .ARM.attributes
                0x000003b0       0x34 c:/program files/embitz/0.42/share/em_armgcc/bin/../lib/gcc/arm-none-eabi/4.8.4/../../../../arm-none-eabi/lib/armv7e-m/fpu\librdimon_n.a(rdimon-_kill.o)
 .ARM.attributes
                0x000003e4       0x34 c:/program files/embitz/0.42/share/em_armgcc/bin/../lib/gcc/arm-none-eabi/4.8.4/armv7e-m/fpu/crtend.o
 .ARM.attributes
                0x00000418       0x22 c:/program files/embitz/0.42/share/em_armgcc/bin/../lib/gcc/arm-none-eabi/4.8.4/armv7e-m/fpu/crtn.o

.comment        0x00000000       0x46
 .comment       0x00000000       0x46 .\_out_\debug\~#\src\clock\stm32f407\clock.o
                                 0x47 (size before relaxing)
 .comment       0x00000000       0x47 .\_out_\debug\~#\src\driverinterface.o
 .comment       0x00000000       0x47 .\_out_\debug\~#\src\gpio\gpio_driverinterface.o
 .comment       0x00000000       0x47 .\_out_\debug\~#\src\gpio\stm32f407\gpio.o
 .comment       0x00000000       0x47 .\_out_\debug\src\main.o
 .comment       0x00000000       0x47 .\_out_\debug\src\system_stm32f4xx.o
 .comment       0x00000000       0x47 .\_out_\debug\~#\src\clock\clock_driverinterface.o

.debug_info     0x00000000     0x1e3e
 .debug_info    0x00000000      0x2bc .\_out_\debug\~#\src\clock\stm32f407\clock.o
 .debug_info    0x000002bc      0x36e .\_out_\debug\~#\src\driverinterface.o
 .debug_info    0x0000062a      0x4ba .\_out_\debug\~#\src\gpio\gpio_driverinterface.o
 .debug_info    0x00000ae4      0x6c1 .\_out_\debug\~#\src\gpio\stm32f407\gpio.o
 .debug_info    0x000011a5      0x309 .\_out_\debug\src\main.o
 .debug_info    0x000014ae       0x73 .\_out_\debug\src\startup_stm32f4xx.o
 .debug_info    0x00001521      0x59a .\_out_\debug\src\system_stm32f4xx.o
 .debug_info    0x00001abb      0x383 .\_out_\debug\~#\src\clock\clock_driverinterface.o

.debug_abbrev   0x00000000      0x88e
 .debug_abbrev  0x00000000       0xdd .\_out_\debug\~#\src\clock\stm32f407\clock.o
 .debug_abbrev  0x000000dd      0x13e .\_out_\debug\~#\src\driverinterface.o
 .debug_abbrev  0x0000021b      0x193 .\_out_\debug\~#\src\gpio\gpio_driverinterface.o
 .debug_abbrev  0x000003ae      0x16e .\_out_\debug\~#\src\gpio\stm32f407\gpio.o
 .debug_abbrev  0x0000051c      0x103 .\_out_\debug\src\main.o
 .debug_abbrev  0x0000061f       0x14 .\_out_\debug\src\startup_stm32f4xx.o
 .debug_abbrev  0x00000633      0x13b .\_out_\debug\src\system_stm32f4xx.o
 .debug_abbrev  0x0000076e      0x120 .\_out_\debug\~#\src\clock\clock_driverinterface.o

.debug_aranges  0x00000000      0x158
 .debug_aranges
                0x00000000       0x20 .\_out_\debug\~#\src\clock\stm32f407\clock.o
 .debug_aranges
                0x00000020       0x30 .\_out_\debug\~#\src\driverinterface.o
 .debug_aranges
                0x00000050       0x38 .\_out_\debug\~#\src\gpio\gpio_driverinterface.o
 .debug_aranges
                0x00000088       0x28 .\_out_\debug\~#\src\gpio\stm32f407\gpio.o
 .debug_aranges
                0x000000b0       0x20 .\_out_\debug\src\main.o
 .debug_aranges
                0x000000d0       0x20 .\_out_\debug\src\startup_stm32f4xx.o
 .debug_aranges
                0x000000f0       0x30 .\_out_\debug\src\system_stm32f4xx.o
 .debug_aranges
                0x00000120       0x38 .\_out_\debug\~#\src\clock\clock_driverinterface.o

.debug_ranges   0x00000000       0xc8
 .debug_ranges  0x00000000       0x10 .\_out_\debug\~#\src\clock\stm32f407\clock.o
 .debug_ranges  0x00000010       0x20 .\_out_\debug\~#\src\driverinterface.o
 .debug_ranges  0x00000030       0x28 .\_out_\debug\~#\src\gpio\gpio_driverinterface.o
 .debug_ranges  0x00000058       0x18 .\_out_\debug\~#\src\gpio\stm32f407\gpio.o
 .debug_ranges  0x00000070       0x10 .\_out_\debug\src\main.o
 .debug_ranges  0x00000080       0x20 .\_out_\debug\src\system_stm32f4xx.o
 .debug_ranges  0x000000a0       0x28 .\_out_\debug\~#\src\clock\clock_driverinterface.o

.debug_macro    0x00000000     0xbaca
 .debug_macro   0x00000000      0x1d8 .\_out_\debug\~#\src\clock\stm32f407\clock.o
 .debug_macro   0x000001d8      0x874 .\_out_\debug\~#\src\clock\stm32f407\clock.o
 .debug_macro   0x00000a4c       0x16 .\_out_\debug\~#\src\clock\stm32f407\clock.o
 .debug_macro   0x00000a62       0x44 .\_out_\debug\~#\src\clock\stm32f407\clock.o
 .debug_macro   0x00000aa6      0x209 .\_out_\debug\~#\src\clock\stm32f407\clock.o
 .debug_macro   0x00000caf       0x5d .\_out_\debug\~#\src\clock\stm32f407\clock.o
 .debug_macro   0x00000d0c       0x3b .\_out_\debug\~#\src\clock\stm32f407\clock.o
 .debug_macro   0x00000d47       0x18 .\_out_\debug\~#\src\clock\stm32f407\clock.o
 .debug_macro   0x00000d5f       0x42 .\_out_\debug\~#\src\clock\stm32f407\clock.o
 .debug_macro   0x00000da1      0xd39 .\_out_\debug\~#\src\clock\stm32f407\clock.o
 .debug_macro   0x00001ada     0x81c3 .\_out_\debug\~#\src\clock\stm32f407\clock.o
 .debug_macro   0x00009c9d       0x10 .\_out_\debug\~#\src\clock\stm32f407\clock.o
 .debug_macro   0x00009cad       0x35 .\_out_\debug\~#\src\clock\stm32f407\clock.o
 .debug_macro   0x00009ce2       0x58 .\_out_\debug\~#\src\clock\stm32f407\clock.o
 .debug_macro   0x00009d3a       0x35 .\_out_\debug\~#\src\clock\stm32f407\clock.o
 .debug_macro   0x00009d6f       0xa2 .\_out_\debug\~#\src\clock\stm32f407\clock.o
 .debug_macro   0x00009e11       0x16 .\_out_\debug\~#\src\clock\stm32f407\clock.o
 .debug_macro   0x00009e27      0x10e .\_out_\debug\~#\src\clock\stm32f407\clock.o
 .debug_macro   0x00009f35       0x7f .\_out_\debug\~#\src\clock\stm32f407\clock.o
 .debug_macro   0x00009fb4       0x52 .\_out_\debug\~#\src\clock\stm32f407\clock.o
 .debug_macro   0x0000a006       0x16 .\_out_\debug\~#\src\clock\stm32f407\clock.o
 .debug_macro   0x0000a01c       0x43 .\_out_\debug\~#\src\clock\stm32f407\clock.o
 .debug_macro   0x0000a05f      0x180 .\_out_\debug\~#\src\clock\stm32f407\clock.o
 .debug_macro   0x0000a1df       0x16 .\_out_\debug\~#\src\clock\stm32f407\clock.o
 .debug_macro   0x0000a1f5       0x29 .\_out_\debug\~#\src\clock\stm32f407\clock.o
 .debug_macro   0x0000a21e      0x2a6 .\_out_\debug\~#\src\clock\stm32f407\clock.o
 .debug_macro   0x0000a4c4       0x10 .\_out_\debug\~#\src\clock\stm32f407\clock.o
 .debug_macro   0x0000a4d4       0x35 .\_out_\debug\~#\src\clock\stm32f407\clock.o
 .debug_macro   0x0000a509       0x1f .\_out_\debug\~#\src\clock\stm32f407\clock.o
 .debug_macro   0x0000a528       0x22 .\_out_\debug\~#\src\clock\stm32f407\clock.o
 .debug_macro   0x0000a54a      0x842 .\_out_\debug\~#\src\clock\stm32f407\clock.o
 .debug_macro   0x0000ad8c       0x10 .\_out_\debug\~#\src\clock\stm32f407\clock.o
 .debug_macro   0x0000ad9c       0xcd .\_out_\debug\~#\src\clock\stm32f407\clock.o
 .debug_macro   0x0000ae69       0x28 .\_out_\debug\~#\src\clock\stm32f407\clock.o
 .debug_macro   0x0000ae91      0x1bd .\_out_\debug\~#\src\driverinterface.o
 .debug_macro   0x0000b04e       0x4a .\_out_\debug\~#\src\driverinterface.o
 .debug_macro   0x0000b098      0x20f .\_out_\debug\~#\src\driverinterface.o
 .debug_macro   0x0000b2a7      0x1bd .\_out_\debug\~#\src\gpio\gpio_driverinterface.o
 .debug_macro   0x0000b464      0x202 .\_out_\debug\~#\src\gpio\stm32f407\gpio.o
 .debug_macro   0x0000b666       0x2e .\_out_\debug\~#\src\gpio\stm32f407\gpio.o
 .debug_macro   0x0000b694      0x1bd .\_out_\debug\src\main.o
 .debug_macro   0x0000b851       0xbc .\_out_\debug\src\system_stm32f4xx.o
 .debug_macro   0x0000b90d      0x1bd .\_out_\debug\~#\src\clock\clock_driverinterface.o

.debug_line     0x00000000     0x1e5f
 .debug_line    0x00000000      0x431 .\_out_\debug\~#\src\clock\stm32f407\clock.o
 .debug_line    0x00000431      0x495 .\_out_\debug\~#\src\driverinterface.o
 .debug_line    0x000008c6      0x461 .\_out_\debug\~#\src\gpio\gpio_driverinterface.o
 .debug_line    0x00000d27      0x52b .\_out_\debug\~#\src\gpio\stm32f407\gpio.o
 .debug_line    0x00001252      0x40e .\_out_\debug\src\main.o
 .debug_line    0x00001660       0xcc .\_out_\debug\src\startup_stm32f4xx.o
 .debug_line    0x0000172c      0x2d9 .\_out_\debug\src\system_stm32f4xx.o
 .debug_line    0x00001a05      0x45a .\_out_\debug\~#\src\clock\clock_driverinterface.o

.debug_str      0x00000000    0x39c58
 .debug_str     0x00000000    0x3962b .\_out_\debug\~#\src\clock\stm32f407\clock.o
                              0x3982c (size before relaxing)
 .debug_str     0x0003962b      0x1e8 .\_out_\debug\~#\src\driverinterface.o
                              0x396b3 (size before relaxing)
 .debug_str     0x00039813       0xd4 .\_out_\debug\~#\src\gpio\gpio_driverinterface.o
                              0x39711 (size before relaxing)
 .debug_str     0x000398e7      0x1c7 .\_out_\debug\~#\src\gpio\stm32f407\gpio.o
                              0x39bb3 (size before relaxing)
 .debug_str     0x00039aae       0x24 .\_out_\debug\src\main.o
                              0x3967d (size before relaxing)
 .debug_str     0x00039ad2      0x150 .\_out_\debug\src\system_stm32f4xx.o
                              0x36046 (size before relaxing)
 .debug_str     0x00039c22       0x36 .\_out_\debug\~#\src\clock\clock_driverinterface.o
                              0x396b0 (size before relaxing)

.debug_frame    0x00000000      0x780
 .debug_frame   0x00000000       0x2c .\_out_\debug\~#\src\clock\stm32f407\clock.o
 .debug_frame   0x0000002c       0x6c .\_out_\debug\~#\src\driverinterface.o
 .debug_frame   0x00000098       0x88 .\_out_\debug\~#\src\gpio\gpio_driverinterface.o
 .debug_frame   0x00000120       0x4c .\_out_\debug\~#\src\gpio\stm32f407\gpio.o
 .debug_frame   0x0000016c       0x30 .\_out_\debug\src\main.o
 .debug_frame   0x0000019c       0x64 .\_out_\debug\src\system_stm32f4xx.o
 .debug_frame   0x00000200       0x88 .\_out_\debug\~#\src\clock\clock_driverinterface.o
 .debug_frame   0x00000288      0x30c c:/program files/embitz/0.42/share/em_armgcc/bin/../lib/gcc/arm-none-eabi/4.8.4/../../../../arm-none-eabi/lib/armv7e-m/fpu\librdimon_n.a(rdimon-syscalls.o)
 .debug_frame   0x00000594       0x28 c:/program files/embitz/0.42/share/em_armgcc/bin/../lib/gcc/arm-none-eabi/4.8.4/../../../../arm-none-eabi/lib/armv7e-m/fpu\libg_n.a(lib_a-exit.o)
 .debug_frame   0x000005bc      0x12c c:/program files/embitz/0.42/share/em_armgcc/bin/../lib/gcc/arm-none-eabi/4.8.4/../../../../arm-none-eabi/lib/armv7e-m/fpu\libg_n.a(lib_a-findfp.o)
 .debug_frame   0x000006e8       0x2c c:/program files/embitz/0.42/share/em_armgcc/bin/../lib/gcc/arm-none-eabi/4.8.4/../../../../arm-none-eabi/lib/armv7e-m/fpu\libg_n.a(lib_a-init.o)
 .debug_frame   0x00000714       0x20 c:/program files/embitz/0.42/share/em_armgcc/bin/../lib/gcc/arm-none-eabi/4.8.4/../../../../arm-none-eabi/lib/armv7e-m/fpu\libg_n.a(lib_a-memset.o)
 .debug_frame   0x00000734       0x20 c:/program files/embitz/0.42/share/em_armgcc/bin/../lib/gcc/arm-none-eabi/4.8.4/../../../../arm-none-eabi/lib/armv7e-m/fpu\librdimon_n.a(rdimon-_exit.o)
 .debug_frame   0x00000754       0x2c c:/program files/embitz/0.42/share/em_armgcc/bin/../lib/gcc/arm-none-eabi/4.8.4/../../../../arm-none-eabi/lib/armv7e-m/fpu\librdimon_n.a(rdimon-_kill.o)
