Archive member included because of file (symbol)

c:/emblocks/2.30/share/em_armgcc/bin/../lib/gcc/arm-none-eabi/4.7.3/../../../../arm-none-eabi/lib/armv7e-m/fpu\librdimon.a(rdimon-syscalls.o)
                              c:/emblocks/2.30/share/em_armgcc/bin/../lib/gcc/arm-none-eabi/4.7.3/../../../../arm-none-eabi/lib/armv7e-m/fpu/rdimon-crt0.o (initialise_monitor_handles)
c:/emblocks/2.30/share/em_armgcc/bin/../lib/gcc/arm-none-eabi/4.7.3/../../../../arm-none-eabi/lib/armv7e-m/fpu\libc_n.a(lib_a-errno.o)
                              c:/emblocks/2.30/share/em_armgcc/bin/../lib/gcc/arm-none-eabi/4.7.3/../../../../arm-none-eabi/lib/armv7e-m/fpu\librdimon.a(rdimon-syscalls.o) (__errno)
c:/emblocks/2.30/share/em_armgcc/bin/../lib/gcc/arm-none-eabi/4.7.3/../../../../arm-none-eabi/lib/armv7e-m/fpu\libc_n.a(lib_a-exit.o)
                              c:/emblocks/2.30/share/em_armgcc/bin/../lib/gcc/arm-none-eabi/4.7.3/../../../../arm-none-eabi/lib/armv7e-m/fpu/rdimon-crt0.o (exit)
c:/emblocks/2.30/share/em_armgcc/bin/../lib/gcc/arm-none-eabi/4.7.3/../../../../arm-none-eabi/lib/armv7e-m/fpu\libc_n.a(lib_a-findfp.o)
                              c:/emblocks/2.30/share/em_armgcc/bin/../lib/gcc/arm-none-eabi/4.7.3/../../../../arm-none-eabi/lib/armv7e-m/fpu\librdimon.a(rdimon-syscalls.o) (__sinit)
c:/emblocks/2.30/share/em_armgcc/bin/../lib/gcc/arm-none-eabi/4.7.3/../../../../arm-none-eabi/lib/armv7e-m/fpu\libc_n.a(lib_a-fwalk.o)
                              c:/emblocks/2.30/share/em_armgcc/bin/../lib/gcc/arm-none-eabi/4.7.3/../../../../arm-none-eabi/lib/armv7e-m/fpu\libc_n.a(lib_a-findfp.o) (_fwalk)
c:/emblocks/2.30/share/em_armgcc/bin/../lib/gcc/arm-none-eabi/4.7.3/../../../../arm-none-eabi/lib/armv7e-m/fpu\libc_n.a(lib_a-impure.o)
                              c:/emblocks/2.30/share/em_armgcc/bin/../lib/gcc/arm-none-eabi/4.7.3/../../../../arm-none-eabi/lib/armv7e-m/fpu\libc_n.a(lib_a-exit.o) (_global_impure_ptr)
c:/emblocks/2.30/share/em_armgcc/bin/../lib/gcc/arm-none-eabi/4.7.3/../../../../arm-none-eabi/lib/armv7e-m/fpu\libc_n.a(lib_a-init.o)
                              c:/emblocks/2.30/share/em_armgcc/bin/../lib/gcc/arm-none-eabi/4.7.3/../../../../arm-none-eabi/lib/armv7e-m/fpu/rdimon-crt0.o (__libc_init_array)
c:/emblocks/2.30/share/em_armgcc/bin/../lib/gcc/arm-none-eabi/4.7.3/../../../../arm-none-eabi/lib/armv7e-m/fpu\libc_n.a(lib_a-memset.o)
                              c:/emblocks/2.30/share/em_armgcc/bin/../lib/gcc/arm-none-eabi/4.7.3/../../../../arm-none-eabi/lib/armv7e-m/fpu/rdimon-crt0.o (memset)
c:/emblocks/2.30/share/em_armgcc/bin/../lib/gcc/arm-none-eabi/4.7.3/../../../../arm-none-eabi/lib/armv7e-m/fpu\libc_n.a(lib_a-nano-mallocr.o)
                              c:/emblocks/2.30/share/em_armgcc/bin/../lib/gcc/arm-none-eabi/4.7.3/../../../../arm-none-eabi/lib/armv7e-m/fpu\libc_n.a(lib_a-findfp.o) (_malloc_r)
c:/emblocks/2.30/share/em_armgcc/bin/../lib/gcc/arm-none-eabi/4.7.3/../../../../arm-none-eabi/lib/armv7e-m/fpu\libc_n.a(lib_a-sbrkr.o)
                              c:/emblocks/2.30/share/em_armgcc/bin/../lib/gcc/arm-none-eabi/4.7.3/../../../../arm-none-eabi/lib/armv7e-m/fpu\libc_n.a(lib_a-nano-mallocr.o) (_sbrk_r)
c:/emblocks/2.30/share/em_armgcc/bin/../lib/gcc/arm-none-eabi/4.7.3/../../../../arm-none-eabi/lib/armv7e-m/fpu\libc_n.a(lib_a-stdio.o)
                              c:/emblocks/2.30/share/em_armgcc/bin/../lib/gcc/arm-none-eabi/4.7.3/../../../../arm-none-eabi/lib/armv7e-m/fpu\libc_n.a(lib_a-findfp.o) (__sread)
c:/emblocks/2.30/share/em_armgcc/bin/../lib/gcc/arm-none-eabi/4.7.3/../../../../arm-none-eabi/lib/armv7e-m/fpu\libc_n.a(lib_a-strcmp.o)
                              .\_out_\debug\~#\src\driverinterface.o (strcmp)
c:/emblocks/2.30/share/em_armgcc/bin/../lib/gcc/arm-none-eabi/4.7.3/../../../../arm-none-eabi/lib/armv7e-m/fpu\libc_n.a(lib_a-strlen.o)
                              c:/emblocks/2.30/share/em_armgcc/bin/../lib/gcc/arm-none-eabi/4.7.3/../../../../arm-none-eabi/lib/armv7e-m/fpu\librdimon.a(rdimon-syscalls.o) (strlen)
c:/emblocks/2.30/share/em_armgcc/bin/../lib/gcc/arm-none-eabi/4.7.3/../../../../arm-none-eabi/lib/armv7e-m/fpu\libc_n.a(lib_a-writer.o)
                              c:/emblocks/2.30/share/em_armgcc/bin/../lib/gcc/arm-none-eabi/4.7.3/../../../../arm-none-eabi/lib/armv7e-m/fpu\libc_n.a(lib_a-stdio.o) (_write_r)
c:/emblocks/2.30/share/em_armgcc/bin/../lib/gcc/arm-none-eabi/4.7.3/../../../../arm-none-eabi/lib/armv7e-m/fpu\libc_n.a(lib_a-closer.o)
                              c:/emblocks/2.30/share/em_armgcc/bin/../lib/gcc/arm-none-eabi/4.7.3/../../../../arm-none-eabi/lib/armv7e-m/fpu\libc_n.a(lib_a-stdio.o) (_close_r)
c:/emblocks/2.30/share/em_armgcc/bin/../lib/gcc/arm-none-eabi/4.7.3/../../../../arm-none-eabi/lib/armv7e-m/fpu\libc_n.a(lib_a-fflush.o)
                              c:/emblocks/2.30/share/em_armgcc/bin/../lib/gcc/arm-none-eabi/4.7.3/../../../../arm-none-eabi/lib/armv7e-m/fpu\libc_n.a(lib_a-findfp.o) (_fflush_r)
c:/emblocks/2.30/share/em_armgcc/bin/../lib/gcc/arm-none-eabi/4.7.3/../../../../arm-none-eabi/lib/armv7e-m/fpu\libc_n.a(lib_a-lseekr.o)
                              c:/emblocks/2.30/share/em_armgcc/bin/../lib/gcc/arm-none-eabi/4.7.3/../../../../arm-none-eabi/lib/armv7e-m/fpu\libc_n.a(lib_a-stdio.o) (_lseek_r)
c:/emblocks/2.30/share/em_armgcc/bin/../lib/gcc/arm-none-eabi/4.7.3/../../../../arm-none-eabi/lib/armv7e-m/fpu\libc_n.a(lib_a-nano-freer.o)
                              c:/emblocks/2.30/share/em_armgcc/bin/../lib/gcc/arm-none-eabi/4.7.3/../../../../arm-none-eabi/lib/armv7e-m/fpu\libc_n.a(lib_a-fflush.o) (_free_r)
c:/emblocks/2.30/share/em_armgcc/bin/../lib/gcc/arm-none-eabi/4.7.3/../../../../arm-none-eabi/lib/armv7e-m/fpu\libc_n.a(lib_a-readr.o)
                              c:/emblocks/2.30/share/em_armgcc/bin/../lib/gcc/arm-none-eabi/4.7.3/../../../../arm-none-eabi/lib/armv7e-m/fpu\libc_n.a(lib_a-stdio.o) (_read_r)
c:/emblocks/2.30/share/em_armgcc/bin/../lib/gcc/arm-none-eabi/4.7.3/../../../../arm-none-eabi/lib/armv7e-m/fpu\libc_n.a(lib_a-reent.o)
                              c:/emblocks/2.30/share/em_armgcc/bin/../lib/gcc/arm-none-eabi/4.7.3/../../../../arm-none-eabi/lib/armv7e-m/fpu\libc_n.a(lib_a-sbrkr.o) (errno)
c:/emblocks/2.30/share/em_armgcc/bin/../lib/gcc/arm-none-eabi/4.7.3/../../../../arm-none-eabi/lib/armv7e-m/fpu\libnosys.a(_exit.o)
                              c:/emblocks/2.30/share/em_armgcc/bin/../lib/gcc/arm-none-eabi/4.7.3/../../../../arm-none-eabi/lib/armv7e-m/fpu\libc_n.a(lib_a-exit.o) (_exit)

Allocating common symbols
Common symbol       size              file

errno               0x4               c:/emblocks/2.30/share/em_armgcc/bin/../lib/gcc/arm-none-eabi/4.7.3/../../../../arm-none-eabi/lib/armv7e-m/fpu\libc_n.a(lib_a-reent.o)
gpio                0x4               .\_out_\debug\src\main.o

Discarded input sections

 .text          0x00000000        0x0 c:/emblocks/2.30/share/em_armgcc/bin/../lib/gcc/arm-none-eabi/4.7.3/armv7e-m/fpu/crti.o
 .data          0x00000000        0x0 c:/emblocks/2.30/share/em_armgcc/bin/../lib/gcc/arm-none-eabi/4.7.3/armv7e-m/fpu/crti.o
 .bss           0x00000000        0x0 c:/emblocks/2.30/share/em_armgcc/bin/../lib/gcc/arm-none-eabi/4.7.3/armv7e-m/fpu/crti.o
 .data          0x00000000        0x4 c:/emblocks/2.30/share/em_armgcc/bin/../lib/gcc/arm-none-eabi/4.7.3/armv7e-m/fpu/crtbegin.o
 .bss           0x00000000        0x0 c:/emblocks/2.30/share/em_armgcc/bin/../lib/gcc/arm-none-eabi/4.7.3/../../../../arm-none-eabi/lib/armv7e-m/fpu/rdimon-crt0.o
 .ARM.extab     0x00000000        0x0 c:/emblocks/2.30/share/em_armgcc/bin/../lib/gcc/arm-none-eabi/4.7.3/../../../../arm-none-eabi/lib/armv7e-m/fpu/rdimon-crt0.o
 .group         0x00000000        0x8 .\_out_\debug\src\main.o
 .group         0x00000000        0x8 .\_out_\debug\src\main.o
 .group         0x00000000        0x8 .\_out_\debug\src\main.o
 .group         0x00000000        0x8 .\_out_\debug\src\main.o
 .group         0x00000000        0x8 .\_out_\debug\src\main.o
 .group         0x00000000        0x8 .\_out_\debug\src\main.o
 .group         0x00000000        0x8 .\_out_\debug\src\main.o
 .group         0x00000000        0x8 .\_out_\debug\src\main.o
 .group         0x00000000        0x8 .\_out_\debug\src\main.o
 .group         0x00000000        0x8 .\_out_\debug\src\main.o
 .group         0x00000000        0x8 .\_out_\debug\src\main.o
 .group         0x00000000        0x8 .\_out_\debug\src\main.o
 .group         0x00000000        0x8 .\_out_\debug\src\main.o
 .group         0x00000000        0x8 .\_out_\debug\src\main.o
 .group         0x00000000        0x8 .\_out_\debug\src\main.o
 .group         0x00000000        0x8 .\_out_\debug\src\main.o
 .group         0x00000000        0x8 .\_out_\debug\src\main.o
 .group         0x00000000        0x8 .\_out_\debug\src\main.o
 .group         0x00000000        0x8 .\_out_\debug\src\main.o
 .group         0x00000000        0x8 .\_out_\debug\src\main.o
 .group         0x00000000        0x8 .\_out_\debug\src\main.o
 .group         0x00000000        0x8 .\_out_\debug\src\main.o
 .group         0x00000000        0x8 .\_out_\debug\src\main.o
 .group         0x00000000        0x8 .\_out_\debug\src\main.o
 .group         0x00000000        0x8 .\_out_\debug\src\main.o
 .group         0x00000000        0x8 .\_out_\debug\src\main.o
 .group         0x00000000        0x8 .\_out_\debug\src\main.o
 .group         0x00000000        0x8 .\_out_\debug\src\main.o
 .group         0x00000000        0x8 .\_out_\debug\src\main.o
 .group         0x00000000        0x8 .\_out_\debug\src\main.o
 .group         0x00000000        0x8 .\_out_\debug\src\main.o
 .group         0x00000000        0x8 .\_out_\debug\src\main.o
 .group         0x00000000        0x8 .\_out_\debug\src\main.o
 .group         0x00000000        0x8 .\_out_\debug\src\main.o
 .text          0x00000000        0x0 .\_out_\debug\src\main.o
 .data          0x00000000        0x0 .\_out_\debug\src\main.o
 .bss           0x00000000        0x0 .\_out_\debug\src\main.o
 .data          0x00000000        0x0 .\_out_\debug\src\startup_stm32f4xx.o
 .bss           0x00000000        0x0 .\_out_\debug\src\startup_stm32f4xx.o
 .group         0x00000000        0x8 .\_out_\debug\src\system_stm32f4xx.o
 .group         0x00000000        0x8 .\_out_\debug\src\system_stm32f4xx.o
 .group         0x00000000        0x8 .\_out_\debug\src\system_stm32f4xx.o
 .group         0x00000000        0x8 .\_out_\debug\src\system_stm32f4xx.o
 .group         0x00000000        0x8 .\_out_\debug\src\system_stm32f4xx.o
 .group         0x00000000        0x8 .\_out_\debug\src\system_stm32f4xx.o
 .group         0x00000000        0x8 .\_out_\debug\src\system_stm32f4xx.o
 .group         0x00000000        0x8 .\_out_\debug\src\system_stm32f4xx.o
 .group         0x00000000        0x8 .\_out_\debug\src\system_stm32f4xx.o
 .group         0x00000000        0x8 .\_out_\debug\src\system_stm32f4xx.o
 .group         0x00000000        0x8 .\_out_\debug\src\system_stm32f4xx.o
 .group         0x00000000        0x8 .\_out_\debug\src\system_stm32f4xx.o
 .text          0x00000000        0x0 .\_out_\debug\src\system_stm32f4xx.o
 .data          0x00000000        0x0 .\_out_\debug\src\system_stm32f4xx.o
 .bss           0x00000000        0x0 .\_out_\debug\src\system_stm32f4xx.o
 .data.SystemCoreClock
                0x00000000        0x4 .\_out_\debug\src\system_stm32f4xx.o
 .data.AHBPrescTable
                0x00000000       0x10 .\_out_\debug\src\system_stm32f4xx.o
 .text.SystemCoreClockUpdate
                0x00000000      0x170 .\_out_\debug\src\system_stm32f4xx.o
 .debug_macro   0x00000000      0x820 .\_out_\debug\src\system_stm32f4xx.o
 .debug_macro   0x00000000       0x5d .\_out_\debug\src\system_stm32f4xx.o
 .debug_macro   0x00000000       0x3b .\_out_\debug\src\system_stm32f4xx.o
 .debug_macro   0x00000000       0x16 .\_out_\debug\src\system_stm32f4xx.o
 .debug_macro   0x00000000       0x18 .\_out_\debug\src\system_stm32f4xx.o
 .debug_macro   0x00000000       0x42 .\_out_\debug\src\system_stm32f4xx.o
 .debug_macro   0x00000000      0xd39 .\_out_\debug\src\system_stm32f4xx.o
 .debug_macro   0x00000000     0x81c3 .\_out_\debug\src\system_stm32f4xx.o
 .debug_macro   0x00000000       0x10 .\_out_\debug\src\system_stm32f4xx.o
 .debug_macro   0x00000000       0x35 .\_out_\debug\src\system_stm32f4xx.o
 .group         0x00000000        0x8 .\_out_\debug\~#\src\driverinterface.o
 .group         0x00000000        0x8 .\_out_\debug\~#\src\driverinterface.o
 .group         0x00000000        0x8 .\_out_\debug\~#\src\driverinterface.o
 .group         0x00000000        0x8 .\_out_\debug\~#\src\driverinterface.o
 .group         0x00000000        0x8 .\_out_\debug\~#\src\driverinterface.o
 .group         0x00000000        0x8 .\_out_\debug\~#\src\driverinterface.o
 .group         0x00000000        0x8 .\_out_\debug\~#\src\driverinterface.o
 .group         0x00000000        0x8 .\_out_\debug\~#\src\driverinterface.o
 .group         0x00000000        0x8 .\_out_\debug\~#\src\driverinterface.o
 .group         0x00000000        0x8 .\_out_\debug\~#\src\driverinterface.o
 .group         0x00000000        0x8 .\_out_\debug\~#\src\driverinterface.o
 .group         0x00000000        0x8 .\_out_\debug\~#\src\driverinterface.o
 .group         0x00000000        0x8 .\_out_\debug\~#\src\driverinterface.o
 .group         0x00000000        0x8 .\_out_\debug\~#\src\driverinterface.o
 .group         0x00000000        0x8 .\_out_\debug\~#\src\driverinterface.o
 .group         0x00000000        0x8 .\_out_\debug\~#\src\driverinterface.o
 .group         0x00000000        0x8 .\_out_\debug\~#\src\driverinterface.o
 .group         0x00000000        0x8 .\_out_\debug\~#\src\driverinterface.o
 .group         0x00000000        0x8 .\_out_\debug\~#\src\driverinterface.o
 .group         0x00000000        0x8 .\_out_\debug\~#\src\driverinterface.o
 .group         0x00000000        0x8 .\_out_\debug\~#\src\driverinterface.o
 .group         0x00000000        0x8 .\_out_\debug\~#\src\driverinterface.o
 .group         0x00000000        0x8 .\_out_\debug\~#\src\driverinterface.o
 .group         0x00000000        0x8 .\_out_\debug\~#\src\driverinterface.o
 .group         0x00000000        0x8 .\_out_\debug\~#\src\driverinterface.o
 .group         0x00000000        0x8 .\_out_\debug\~#\src\driverinterface.o
 .group         0x00000000        0x8 .\_out_\debug\~#\src\driverinterface.o
 .group         0x00000000        0x8 .\_out_\debug\~#\src\driverinterface.o
 .group         0x00000000        0x8 .\_out_\debug\~#\src\driverinterface.o
 .group         0x00000000        0x8 .\_out_\debug\~#\src\driverinterface.o
 .group         0x00000000        0x8 .\_out_\debug\~#\src\driverinterface.o
 .group         0x00000000        0x8 .\_out_\debug\~#\src\driverinterface.o
 .group         0x00000000        0x8 .\_out_\debug\~#\src\driverinterface.o
 .text          0x00000000        0x0 .\_out_\debug\~#\src\driverinterface.o
 .data          0x00000000        0x0 .\_out_\debug\~#\src\driverinterface.o
 .bss           0x00000000        0x0 .\_out_\debug\~#\src\driverinterface.o
 .debug_macro   0x00000000      0x820 .\_out_\debug\~#\src\driverinterface.o
 .debug_macro   0x00000000       0x58 .\_out_\debug\~#\src\driverinterface.o
 .debug_macro   0x00000000       0x16 .\_out_\debug\~#\src\driverinterface.o
 .debug_macro   0x00000000       0x35 .\_out_\debug\~#\src\driverinterface.o
 .debug_macro   0x00000000       0xa2 .\_out_\debug\~#\src\driverinterface.o
 .debug_macro   0x00000000       0x16 .\_out_\debug\~#\src\driverinterface.o
 .debug_macro   0x00000000      0x10e .\_out_\debug\~#\src\driverinterface.o
 .debug_macro   0x00000000       0x85 .\_out_\debug\~#\src\driverinterface.o
 .debug_macro   0x00000000       0x4a .\_out_\debug\~#\src\driverinterface.o
 .debug_macro   0x00000000       0x52 .\_out_\debug\~#\src\driverinterface.o
 .debug_macro   0x00000000       0x16 .\_out_\debug\~#\src\driverinterface.o
 .debug_macro   0x00000000       0x43 .\_out_\debug\~#\src\driverinterface.o
 .debug_macro   0x00000000      0x180 .\_out_\debug\~#\src\driverinterface.o
 .debug_macro   0x00000000       0x16 .\_out_\debug\~#\src\driverinterface.o
 .debug_macro   0x00000000       0x29 .\_out_\debug\~#\src\driverinterface.o
 .debug_macro   0x00000000      0x20f .\_out_\debug\~#\src\driverinterface.o
 .debug_macro   0x00000000      0x2a6 .\_out_\debug\~#\src\driverinterface.o
 .debug_macro   0x00000000       0x10 .\_out_\debug\~#\src\driverinterface.o
 .debug_macro   0x00000000       0x35 .\_out_\debug\~#\src\driverinterface.o
 .debug_macro   0x00000000       0x1f .\_out_\debug\~#\src\driverinterface.o
 .debug_macro   0x00000000       0x22 .\_out_\debug\~#\src\driverinterface.o
 .debug_macro   0x00000000       0x5d .\_out_\debug\~#\src\driverinterface.o
 .debug_macro   0x00000000       0x3b .\_out_\debug\~#\src\driverinterface.o
 .debug_macro   0x00000000       0x18 .\_out_\debug\~#\src\driverinterface.o
 .debug_macro   0x00000000       0x42 .\_out_\debug\~#\src\driverinterface.o
 .debug_macro   0x00000000      0xd39 .\_out_\debug\~#\src\driverinterface.o
 .debug_macro   0x00000000     0x81c3 .\_out_\debug\~#\src\driverinterface.o
 .debug_macro   0x00000000       0x10 .\_out_\debug\~#\src\driverinterface.o
 .debug_macro   0x00000000       0x35 .\_out_\debug\~#\src\driverinterface.o
 .debug_macro   0x00000000      0x881 .\_out_\debug\~#\src\driverinterface.o
 .debug_macro   0x00000000       0x16 .\_out_\debug\~#\src\driverinterface.o
 .debug_macro   0x00000000       0x5e .\_out_\debug\~#\src\driverinterface.o
 .debug_macro   0x00000000       0xcd .\_out_\debug\~#\src\driverinterface.o
 .group         0x00000000        0x8 .\_out_\debug\src\board.o
 .group         0x00000000        0x8 .\_out_\debug\src\board.o
 .group         0x00000000        0x8 .\_out_\debug\src\board.o
 .group         0x00000000        0x8 .\_out_\debug\src\board.o
 .group         0x00000000        0x8 .\_out_\debug\src\board.o
 .group         0x00000000        0x8 .\_out_\debug\src\board.o
 .group         0x00000000        0x8 .\_out_\debug\src\board.o
 .group         0x00000000        0x8 .\_out_\debug\src\board.o
 .group         0x00000000        0x8 .\_out_\debug\src\board.o
 .group         0x00000000        0x8 .\_out_\debug\src\board.o
 .group         0x00000000        0x8 .\_out_\debug\src\board.o
 .group         0x00000000        0x8 .\_out_\debug\src\board.o
 .group         0x00000000        0x8 .\_out_\debug\src\board.o
 .group         0x00000000        0x8 .\_out_\debug\src\board.o
 .text          0x00000000        0x0 .\_out_\debug\src\board.o
 .data          0x00000000        0x0 .\_out_\debug\src\board.o
 .bss           0x00000000        0x0 .\_out_\debug\src\board.o
 .text.BOARD_ShutDown
                0x00000000        0x8 .\_out_\debug\src\board.o
 .debug_macro   0x00000000      0x820 .\_out_\debug\src\board.o
 .debug_macro   0x00000000       0x16 .\_out_\debug\src\board.o
 .debug_macro   0x00000000       0x44 .\_out_\debug\src\board.o
 .debug_macro   0x00000000      0x209 .\_out_\debug\src\board.o
 .debug_macro   0x00000000       0x22 .\_out_\debug\src\board.o
 .debug_macro   0x00000000       0x5d .\_out_\debug\src\board.o
 .debug_macro   0x00000000       0x3b .\_out_\debug\src\board.o
 .debug_macro   0x00000000       0x18 .\_out_\debug\src\board.o
 .debug_macro   0x00000000       0x42 .\_out_\debug\src\board.o
 .debug_macro   0x00000000      0xd39 .\_out_\debug\src\board.o
 .debug_macro   0x00000000     0x81c3 .\_out_\debug\src\board.o
 .debug_macro   0x00000000       0x10 .\_out_\debug\src\board.o
 .debug_macro   0x00000000       0x35 .\_out_\debug\src\board.o
 .text          0x00000000        0x0 c:/emblocks/2.30/share/em_armgcc/bin/../lib/gcc/arm-none-eabi/4.7.3/../../../../arm-none-eabi/lib/armv7e-m/fpu\librdimon.a(rdimon-syscalls.o)
 .data          0x00000000        0x0 c:/emblocks/2.30/share/em_armgcc/bin/../lib/gcc/arm-none-eabi/4.7.3/../../../../arm-none-eabi/lib/armv7e-m/fpu\librdimon.a(rdimon-syscalls.o)
 .bss           0x00000000        0x0 c:/emblocks/2.30/share/em_armgcc/bin/../lib/gcc/arm-none-eabi/4.7.3/../../../../arm-none-eabi/lib/armv7e-m/fpu\librdimon.a(rdimon-syscalls.o)
 .text.findslot
                0x00000000       0x34 c:/emblocks/2.30/share/em_armgcc/bin/../lib/gcc/arm-none-eabi/4.7.3/../../../../arm-none-eabi/lib/armv7e-m/fpu\librdimon.a(rdimon-syscalls.o)
 .text.error    0x00000000       0x1c c:/emblocks/2.30/share/em_armgcc/bin/../lib/gcc/arm-none-eabi/4.7.3/../../../../arm-none-eabi/lib/armv7e-m/fpu\librdimon.a(rdimon-syscalls.o)
 .text.checkerror
                0x00000000        0xa c:/emblocks/2.30/share/em_armgcc/bin/../lib/gcc/arm-none-eabi/4.7.3/../../../../arm-none-eabi/lib/armv7e-m/fpu\librdimon.a(rdimon-syscalls.o)
 .text._swiread
                0x00000000       0x20 c:/emblocks/2.30/share/em_armgcc/bin/../lib/gcc/arm-none-eabi/4.7.3/../../../../arm-none-eabi/lib/armv7e-m/fpu\librdimon.a(rdimon-syscalls.o)
 .text._read    0x00000000       0x34 c:/emblocks/2.30/share/em_armgcc/bin/../lib/gcc/arm-none-eabi/4.7.3/../../../../arm-none-eabi/lib/armv7e-m/fpu\librdimon.a(rdimon-syscalls.o)
 .text._swilseek
                0x00000000       0x7c c:/emblocks/2.30/share/em_armgcc/bin/../lib/gcc/arm-none-eabi/4.7.3/../../../../arm-none-eabi/lib/armv7e-m/fpu\librdimon.a(rdimon-syscalls.o)
 .text._lseek   0x00000000        0x4 c:/emblocks/2.30/share/em_armgcc/bin/../lib/gcc/arm-none-eabi/4.7.3/../../../../arm-none-eabi/lib/armv7e-m/fpu\librdimon.a(rdimon-syscalls.o)
 .text._swiwrite
                0x00000000       0x20 c:/emblocks/2.30/share/em_armgcc/bin/../lib/gcc/arm-none-eabi/4.7.3/../../../../arm-none-eabi/lib/armv7e-m/fpu\librdimon.a(rdimon-syscalls.o)
 .text._write   0x00000000       0x42 c:/emblocks/2.30/share/em_armgcc/bin/../lib/gcc/arm-none-eabi/4.7.3/../../../../arm-none-eabi/lib/armv7e-m/fpu\librdimon.a(rdimon-syscalls.o)
 .text._swiclose
                0x00000000       0x1a c:/emblocks/2.30/share/em_armgcc/bin/../lib/gcc/arm-none-eabi/4.7.3/../../../../arm-none-eabi/lib/armv7e-m/fpu\librdimon.a(rdimon-syscalls.o)
 .text._close   0x00000000       0x48 c:/emblocks/2.30/share/em_armgcc/bin/../lib/gcc/arm-none-eabi/4.7.3/../../../../arm-none-eabi/lib/armv7e-m/fpu\librdimon.a(rdimon-syscalls.o)
 .text._getpid  0x00000000        0x4 c:/emblocks/2.30/share/em_armgcc/bin/../lib/gcc/arm-none-eabi/4.7.3/../../../../arm-none-eabi/lib/armv7e-m/fpu\librdimon.a(rdimon-syscalls.o)
 .text._sbrk    0x00000000       0x34 c:/emblocks/2.30/share/em_armgcc/bin/../lib/gcc/arm-none-eabi/4.7.3/../../../../arm-none-eabi/lib/armv7e-m/fpu\librdimon.a(rdimon-syscalls.o)
 .text._swistat
                0x00000000       0x42 c:/emblocks/2.30/share/em_armgcc/bin/../lib/gcc/arm-none-eabi/4.7.3/../../../../arm-none-eabi/lib/armv7e-m/fpu\librdimon.a(rdimon-syscalls.o)
 .text._fstat   0x00000000       0x1c c:/emblocks/2.30/share/em_armgcc/bin/../lib/gcc/arm-none-eabi/4.7.3/../../../../arm-none-eabi/lib/armv7e-m/fpu\librdimon.a(rdimon-syscalls.o)
 .text._stat    0x00000000       0x3c c:/emblocks/2.30/share/em_armgcc/bin/../lib/gcc/arm-none-eabi/4.7.3/../../../../arm-none-eabi/lib/armv7e-m/fpu\librdimon.a(rdimon-syscalls.o)
 .text._swiopen
                0x00000000       0xb4 c:/emblocks/2.30/share/em_armgcc/bin/../lib/gcc/arm-none-eabi/4.7.3/../../../../arm-none-eabi/lib/armv7e-m/fpu\librdimon.a(rdimon-syscalls.o)
 .text._open    0x00000000       0x12 c:/emblocks/2.30/share/em_armgcc/bin/../lib/gcc/arm-none-eabi/4.7.3/../../../../arm-none-eabi/lib/armv7e-m/fpu\librdimon.a(rdimon-syscalls.o)
 .text._link    0x00000000       0x10 c:/emblocks/2.30/share/em_armgcc/bin/../lib/gcc/arm-none-eabi/4.7.3/../../../../arm-none-eabi/lib/armv7e-m/fpu\librdimon.a(rdimon-syscalls.o)
 .text._unlink  0x00000000       0x26 c:/emblocks/2.30/share/em_armgcc/bin/../lib/gcc/arm-none-eabi/4.7.3/../../../../arm-none-eabi/lib/armv7e-m/fpu\librdimon.a(rdimon-syscalls.o)
 .text._gettimeofday
                0x00000000       0x24 c:/emblocks/2.30/share/em_armgcc/bin/../lib/gcc/arm-none-eabi/4.7.3/../../../../arm-none-eabi/lib/armv7e-m/fpu\librdimon.a(rdimon-syscalls.o)
 .text._clock   0x00000000       0x12 c:/emblocks/2.30/share/em_armgcc/bin/../lib/gcc/arm-none-eabi/4.7.3/../../../../arm-none-eabi/lib/armv7e-m/fpu\librdimon.a(rdimon-syscalls.o)
 .text._times   0x00000000       0x16 c:/emblocks/2.30/share/em_armgcc/bin/../lib/gcc/arm-none-eabi/4.7.3/../../../../arm-none-eabi/lib/armv7e-m/fpu\librdimon.a(rdimon-syscalls.o)
 .text._isatty  0x00000000       0x38 c:/emblocks/2.30/share/em_armgcc/bin/../lib/gcc/arm-none-eabi/4.7.3/../../../../arm-none-eabi/lib/armv7e-m/fpu\librdimon.a(rdimon-syscalls.o)
 .text._system  0x00000000       0x3a c:/emblocks/2.30/share/em_armgcc/bin/../lib/gcc/arm-none-eabi/4.7.3/../../../../arm-none-eabi/lib/armv7e-m/fpu\librdimon.a(rdimon-syscalls.o)
 .text._rename  0x00000000       0x38 c:/emblocks/2.30/share/em_armgcc/bin/../lib/gcc/arm-none-eabi/4.7.3/../../../../arm-none-eabi/lib/armv7e-m/fpu\librdimon.a(rdimon-syscalls.o)
 .bss.heap_end.5775
                0x00000000        0x4 c:/emblocks/2.30/share/em_armgcc/bin/../lib/gcc/arm-none-eabi/4.7.3/../../../../arm-none-eabi/lib/armv7e-m/fpu\librdimon.a(rdimon-syscalls.o)
 .text          0x00000000        0x0 c:/emblocks/2.30/share/em_armgcc/bin/../lib/gcc/arm-none-eabi/4.7.3/../../../../arm-none-eabi/lib/armv7e-m/fpu\libc_n.a(lib_a-errno.o)
 .data          0x00000000        0x0 c:/emblocks/2.30/share/em_armgcc/bin/../lib/gcc/arm-none-eabi/4.7.3/../../../../arm-none-eabi/lib/armv7e-m/fpu\libc_n.a(lib_a-errno.o)
 .bss           0x00000000        0x0 c:/emblocks/2.30/share/em_armgcc/bin/../lib/gcc/arm-none-eabi/4.7.3/../../../../arm-none-eabi/lib/armv7e-m/fpu\libc_n.a(lib_a-errno.o)
 .text.__errno  0x00000000        0xc c:/emblocks/2.30/share/em_armgcc/bin/../lib/gcc/arm-none-eabi/4.7.3/../../../../arm-none-eabi/lib/armv7e-m/fpu\libc_n.a(lib_a-errno.o)
 .ARM.attributes
                0x00000000       0x34 c:/emblocks/2.30/share/em_armgcc/bin/../lib/gcc/arm-none-eabi/4.7.3/../../../../arm-none-eabi/lib/armv7e-m/fpu\libc_n.a(lib_a-errno.o)
 .debug_frame   0x00000000       0x20 c:/emblocks/2.30/share/em_armgcc/bin/../lib/gcc/arm-none-eabi/4.7.3/../../../../arm-none-eabi/lib/armv7e-m/fpu\libc_n.a(lib_a-errno.o)
 .text          0x00000000        0x0 c:/emblocks/2.30/share/em_armgcc/bin/../lib/gcc/arm-none-eabi/4.7.3/../../../../arm-none-eabi/lib/armv7e-m/fpu\libc_n.a(lib_a-exit.o)
 .data          0x00000000        0x0 c:/emblocks/2.30/share/em_armgcc/bin/../lib/gcc/arm-none-eabi/4.7.3/../../../../arm-none-eabi/lib/armv7e-m/fpu\libc_n.a(lib_a-exit.o)
 .bss           0x00000000        0x0 c:/emblocks/2.30/share/em_armgcc/bin/../lib/gcc/arm-none-eabi/4.7.3/../../../../arm-none-eabi/lib/armv7e-m/fpu\libc_n.a(lib_a-exit.o)
 .text          0x00000000        0x0 c:/emblocks/2.30/share/em_armgcc/bin/../lib/gcc/arm-none-eabi/4.7.3/../../../../arm-none-eabi/lib/armv7e-m/fpu\libc_n.a(lib_a-findfp.o)
 .data          0x00000000        0x0 c:/emblocks/2.30/share/em_armgcc/bin/../lib/gcc/arm-none-eabi/4.7.3/../../../../arm-none-eabi/lib/armv7e-m/fpu\libc_n.a(lib_a-findfp.o)
 .bss           0x00000000        0x0 c:/emblocks/2.30/share/em_armgcc/bin/../lib/gcc/arm-none-eabi/4.7.3/../../../../arm-none-eabi/lib/armv7e-m/fpu\libc_n.a(lib_a-findfp.o)
 .text.__fp_lock
                0x00000000        0x4 c:/emblocks/2.30/share/em_armgcc/bin/../lib/gcc/arm-none-eabi/4.7.3/../../../../arm-none-eabi/lib/armv7e-m/fpu\libc_n.a(lib_a-findfp.o)
 .text.__fp_unlock
                0x00000000        0x4 c:/emblocks/2.30/share/em_armgcc/bin/../lib/gcc/arm-none-eabi/4.7.3/../../../../arm-none-eabi/lib/armv7e-m/fpu\libc_n.a(lib_a-findfp.o)
 .text._cleanup_r
                0x00000000       0x34 c:/emblocks/2.30/share/em_armgcc/bin/../lib/gcc/arm-none-eabi/4.7.3/../../../../arm-none-eabi/lib/armv7e-m/fpu\libc_n.a(lib_a-findfp.o)
 .text.std.isra.0
                0x00000000       0x48 c:/emblocks/2.30/share/em_armgcc/bin/../lib/gcc/arm-none-eabi/4.7.3/../../../../arm-none-eabi/lib/armv7e-m/fpu\libc_n.a(lib_a-findfp.o)
 .text.__sfmoreglue
                0x00000000       0x2c c:/emblocks/2.30/share/em_armgcc/bin/../lib/gcc/arm-none-eabi/4.7.3/../../../../arm-none-eabi/lib/armv7e-m/fpu\libc_n.a(lib_a-findfp.o)
 .text._cleanup
                0x00000000        0xc c:/emblocks/2.30/share/em_armgcc/bin/../lib/gcc/arm-none-eabi/4.7.3/../../../../arm-none-eabi/lib/armv7e-m/fpu\libc_n.a(lib_a-findfp.o)
 .text.__sinit  0x00000000       0x64 c:/emblocks/2.30/share/em_armgcc/bin/../lib/gcc/arm-none-eabi/4.7.3/../../../../arm-none-eabi/lib/armv7e-m/fpu\libc_n.a(lib_a-findfp.o)
 .text.__sfp    0x00000000       0x78 c:/emblocks/2.30/share/em_armgcc/bin/../lib/gcc/arm-none-eabi/4.7.3/../../../../arm-none-eabi/lib/armv7e-m/fpu\libc_n.a(lib_a-findfp.o)
 .text.__sfp_lock_acquire
                0x00000000        0x2 c:/emblocks/2.30/share/em_armgcc/bin/../lib/gcc/arm-none-eabi/4.7.3/../../../../arm-none-eabi/lib/armv7e-m/fpu\libc_n.a(lib_a-findfp.o)
 .text.__sfp_lock_release
                0x00000000        0x2 c:/emblocks/2.30/share/em_armgcc/bin/../lib/gcc/arm-none-eabi/4.7.3/../../../../arm-none-eabi/lib/armv7e-m/fpu\libc_n.a(lib_a-findfp.o)
 .text.__sinit_lock_acquire
                0x00000000        0x2 c:/emblocks/2.30/share/em_armgcc/bin/../lib/gcc/arm-none-eabi/4.7.3/../../../../arm-none-eabi/lib/armv7e-m/fpu\libc_n.a(lib_a-findfp.o)
 .text.__sinit_lock_release
                0x00000000        0x2 c:/emblocks/2.30/share/em_armgcc/bin/../lib/gcc/arm-none-eabi/4.7.3/../../../../arm-none-eabi/lib/armv7e-m/fpu\libc_n.a(lib_a-findfp.o)
 .text.__fp_lock_all
                0x00000000       0x14 c:/emblocks/2.30/share/em_armgcc/bin/../lib/gcc/arm-none-eabi/4.7.3/../../../../arm-none-eabi/lib/armv7e-m/fpu\libc_n.a(lib_a-findfp.o)
 .text.__fp_unlock_all
                0x00000000       0x14 c:/emblocks/2.30/share/em_armgcc/bin/../lib/gcc/arm-none-eabi/4.7.3/../../../../arm-none-eabi/lib/armv7e-m/fpu\libc_n.a(lib_a-findfp.o)
 .text          0x00000000        0x0 c:/emblocks/2.30/share/em_armgcc/bin/../lib/gcc/arm-none-eabi/4.7.3/../../../../arm-none-eabi/lib/armv7e-m/fpu\libc_n.a(lib_a-fwalk.o)
 .data          0x00000000        0x0 c:/emblocks/2.30/share/em_armgcc/bin/../lib/gcc/arm-none-eabi/4.7.3/../../../../arm-none-eabi/lib/armv7e-m/fpu\libc_n.a(lib_a-fwalk.o)
 .bss           0x00000000        0x0 c:/emblocks/2.30/share/em_armgcc/bin/../lib/gcc/arm-none-eabi/4.7.3/../../../../arm-none-eabi/lib/armv7e-m/fpu\libc_n.a(lib_a-fwalk.o)
 .text._fwalk   0x00000000       0x3a c:/emblocks/2.30/share/em_armgcc/bin/../lib/gcc/arm-none-eabi/4.7.3/../../../../arm-none-eabi/lib/armv7e-m/fpu\libc_n.a(lib_a-fwalk.o)
 .text._fwalk_reent
                0x00000000       0x40 c:/emblocks/2.30/share/em_armgcc/bin/../lib/gcc/arm-none-eabi/4.7.3/../../../../arm-none-eabi/lib/armv7e-m/fpu\libc_n.a(lib_a-fwalk.o)
 .ARM.attributes
                0x00000000       0x34 c:/emblocks/2.30/share/em_armgcc/bin/../lib/gcc/arm-none-eabi/4.7.3/../../../../arm-none-eabi/lib/armv7e-m/fpu\libc_n.a(lib_a-fwalk.o)
 .debug_frame   0x00000000       0x54 c:/emblocks/2.30/share/em_armgcc/bin/../lib/gcc/arm-none-eabi/4.7.3/../../../../arm-none-eabi/lib/armv7e-m/fpu\libc_n.a(lib_a-fwalk.o)
 .text          0x00000000        0x0 c:/emblocks/2.30/share/em_armgcc/bin/../lib/gcc/arm-none-eabi/4.7.3/../../../../arm-none-eabi/lib/armv7e-m/fpu\libc_n.a(lib_a-impure.o)
 .data          0x00000000        0x0 c:/emblocks/2.30/share/em_armgcc/bin/../lib/gcc/arm-none-eabi/4.7.3/../../../../arm-none-eabi/lib/armv7e-m/fpu\libc_n.a(lib_a-impure.o)
 .bss           0x00000000        0x0 c:/emblocks/2.30/share/em_armgcc/bin/../lib/gcc/arm-none-eabi/4.7.3/../../../../arm-none-eabi/lib/armv7e-m/fpu\libc_n.a(lib_a-impure.o)
 .data._impure_ptr
                0x00000000        0x4 c:/emblocks/2.30/share/em_armgcc/bin/../lib/gcc/arm-none-eabi/4.7.3/../../../../arm-none-eabi/lib/armv7e-m/fpu\libc_n.a(lib_a-impure.o)
 .text          0x00000000        0x0 c:/emblocks/2.30/share/em_armgcc/bin/../lib/gcc/arm-none-eabi/4.7.3/../../../../arm-none-eabi/lib/armv7e-m/fpu\libc_n.a(lib_a-init.o)
 .data          0x00000000        0x0 c:/emblocks/2.30/share/em_armgcc/bin/../lib/gcc/arm-none-eabi/4.7.3/../../../../arm-none-eabi/lib/armv7e-m/fpu\libc_n.a(lib_a-init.o)
 .bss           0x00000000        0x0 c:/emblocks/2.30/share/em_armgcc/bin/../lib/gcc/arm-none-eabi/4.7.3/../../../../arm-none-eabi/lib/armv7e-m/fpu\libc_n.a(lib_a-init.o)
 .text          0x00000000        0x0 c:/emblocks/2.30/share/em_armgcc/bin/../lib/gcc/arm-none-eabi/4.7.3/../../../../arm-none-eabi/lib/armv7e-m/fpu\libc_n.a(lib_a-memset.o)
 .data          0x00000000        0x0 c:/emblocks/2.30/share/em_armgcc/bin/../lib/gcc/arm-none-eabi/4.7.3/../../../../arm-none-eabi/lib/armv7e-m/fpu\libc_n.a(lib_a-memset.o)
 .bss           0x00000000        0x0 c:/emblocks/2.30/share/em_armgcc/bin/../lib/gcc/arm-none-eabi/4.7.3/../../../../arm-none-eabi/lib/armv7e-m/fpu\libc_n.a(lib_a-memset.o)
 .text          0x00000000        0x0 c:/emblocks/2.30/share/em_armgcc/bin/../lib/gcc/arm-none-eabi/4.7.3/../../../../arm-none-eabi/lib/armv7e-m/fpu\libc_n.a(lib_a-nano-mallocr.o)
 .data          0x00000000        0x0 c:/emblocks/2.30/share/em_armgcc/bin/../lib/gcc/arm-none-eabi/4.7.3/../../../../arm-none-eabi/lib/armv7e-m/fpu\libc_n.a(lib_a-nano-mallocr.o)
 .bss           0x00000000        0x0 c:/emblocks/2.30/share/em_armgcc/bin/../lib/gcc/arm-none-eabi/4.7.3/../../../../arm-none-eabi/lib/armv7e-m/fpu\libc_n.a(lib_a-nano-mallocr.o)
 .text._malloc_r
                0x00000000       0xb4 c:/emblocks/2.30/share/em_armgcc/bin/../lib/gcc/arm-none-eabi/4.7.3/../../../../arm-none-eabi/lib/armv7e-m/fpu\libc_n.a(lib_a-nano-mallocr.o)
 .bss.__malloc_sbrk_start
                0x00000000        0x4 c:/emblocks/2.30/share/em_armgcc/bin/../lib/gcc/arm-none-eabi/4.7.3/../../../../arm-none-eabi/lib/armv7e-m/fpu\libc_n.a(lib_a-nano-mallocr.o)
 .bss.__malloc_free_list
                0x00000000        0x4 c:/emblocks/2.30/share/em_armgcc/bin/../lib/gcc/arm-none-eabi/4.7.3/../../../../arm-none-eabi/lib/armv7e-m/fpu\libc_n.a(lib_a-nano-mallocr.o)
 .ARM.attributes
                0x00000000       0x34 c:/emblocks/2.30/share/em_armgcc/bin/../lib/gcc/arm-none-eabi/4.7.3/../../../../arm-none-eabi/lib/armv7e-m/fpu\libc_n.a(lib_a-nano-mallocr.o)
 .debug_frame   0x00000000       0x30 c:/emblocks/2.30/share/em_armgcc/bin/../lib/gcc/arm-none-eabi/4.7.3/../../../../arm-none-eabi/lib/armv7e-m/fpu\libc_n.a(lib_a-nano-mallocr.o)
 .text          0x00000000        0x0 c:/emblocks/2.30/share/em_armgcc/bin/../lib/gcc/arm-none-eabi/4.7.3/../../../../arm-none-eabi/lib/armv7e-m/fpu\libc_n.a(lib_a-sbrkr.o)
 .data          0x00000000        0x0 c:/emblocks/2.30/share/em_armgcc/bin/../lib/gcc/arm-none-eabi/4.7.3/../../../../arm-none-eabi/lib/armv7e-m/fpu\libc_n.a(lib_a-sbrkr.o)
 .bss           0x00000000        0x0 c:/emblocks/2.30/share/em_armgcc/bin/../lib/gcc/arm-none-eabi/4.7.3/../../../../arm-none-eabi/lib/armv7e-m/fpu\libc_n.a(lib_a-sbrkr.o)
 .text._sbrk_r  0x00000000       0x20 c:/emblocks/2.30/share/em_armgcc/bin/../lib/gcc/arm-none-eabi/4.7.3/../../../../arm-none-eabi/lib/armv7e-m/fpu\libc_n.a(lib_a-sbrkr.o)
 .ARM.attributes
                0x00000000       0x34 c:/emblocks/2.30/share/em_armgcc/bin/../lib/gcc/arm-none-eabi/4.7.3/../../../../arm-none-eabi/lib/armv7e-m/fpu\libc_n.a(lib_a-sbrkr.o)
 .debug_frame   0x00000000       0x2c c:/emblocks/2.30/share/em_armgcc/bin/../lib/gcc/arm-none-eabi/4.7.3/../../../../arm-none-eabi/lib/armv7e-m/fpu\libc_n.a(lib_a-sbrkr.o)
 .text          0x00000000        0x0 c:/emblocks/2.30/share/em_armgcc/bin/../lib/gcc/arm-none-eabi/4.7.3/../../../../arm-none-eabi/lib/armv7e-m/fpu\libc_n.a(lib_a-stdio.o)
 .data          0x00000000        0x0 c:/emblocks/2.30/share/em_armgcc/bin/../lib/gcc/arm-none-eabi/4.7.3/../../../../arm-none-eabi/lib/armv7e-m/fpu\libc_n.a(lib_a-stdio.o)
 .bss           0x00000000        0x0 c:/emblocks/2.30/share/em_armgcc/bin/../lib/gcc/arm-none-eabi/4.7.3/../../../../arm-none-eabi/lib/armv7e-m/fpu\libc_n.a(lib_a-stdio.o)
 .text.__sread  0x00000000       0x22 c:/emblocks/2.30/share/em_armgcc/bin/../lib/gcc/arm-none-eabi/4.7.3/../../../../arm-none-eabi/lib/armv7e-m/fpu\libc_n.a(lib_a-stdio.o)
 .text.__seofread
                0x00000000        0x4 c:/emblocks/2.30/share/em_armgcc/bin/../lib/gcc/arm-none-eabi/4.7.3/../../../../arm-none-eabi/lib/armv7e-m/fpu\libc_n.a(lib_a-stdio.o)
 .text.__swrite
                0x00000000       0x3c c:/emblocks/2.30/share/em_armgcc/bin/../lib/gcc/arm-none-eabi/4.7.3/../../../../arm-none-eabi/lib/armv7e-m/fpu\libc_n.a(lib_a-stdio.o)
 .text.__sseek  0x00000000       0x24 c:/emblocks/2.30/share/em_armgcc/bin/../lib/gcc/arm-none-eabi/4.7.3/../../../../arm-none-eabi/lib/armv7e-m/fpu\libc_n.a(lib_a-stdio.o)
 .text.__sclose
                0x00000000        0x8 c:/emblocks/2.30/share/em_armgcc/bin/../lib/gcc/arm-none-eabi/4.7.3/../../../../arm-none-eabi/lib/armv7e-m/fpu\libc_n.a(lib_a-stdio.o)
 .ARM.attributes
                0x00000000       0x34 c:/emblocks/2.30/share/em_armgcc/bin/../lib/gcc/arm-none-eabi/4.7.3/../../../../arm-none-eabi/lib/armv7e-m/fpu\libc_n.a(lib_a-stdio.o)
 .debug_frame   0x00000000       0x80 c:/emblocks/2.30/share/em_armgcc/bin/../lib/gcc/arm-none-eabi/4.7.3/../../../../arm-none-eabi/lib/armv7e-m/fpu\libc_n.a(lib_a-stdio.o)
 .data          0x00000000        0x0 c:/emblocks/2.30/share/em_armgcc/bin/../lib/gcc/arm-none-eabi/4.7.3/../../../../arm-none-eabi/lib/armv7e-m/fpu\libc_n.a(lib_a-strcmp.o)
 .bss           0x00000000        0x0 c:/emblocks/2.30/share/em_armgcc/bin/../lib/gcc/arm-none-eabi/4.7.3/../../../../arm-none-eabi/lib/armv7e-m/fpu\libc_n.a(lib_a-strcmp.o)
 .text          0x00000000        0x0 c:/emblocks/2.30/share/em_armgcc/bin/../lib/gcc/arm-none-eabi/4.7.3/../../../../arm-none-eabi/lib/armv7e-m/fpu\libc_n.a(lib_a-strlen.o)
 .data          0x00000000        0x0 c:/emblocks/2.30/share/em_armgcc/bin/../lib/gcc/arm-none-eabi/4.7.3/../../../../arm-none-eabi/lib/armv7e-m/fpu\libc_n.a(lib_a-strlen.o)
 .bss           0x00000000        0x0 c:/emblocks/2.30/share/em_armgcc/bin/../lib/gcc/arm-none-eabi/4.7.3/../../../../arm-none-eabi/lib/armv7e-m/fpu\libc_n.a(lib_a-strlen.o)
 .text.strlen   0x00000000       0x10 c:/emblocks/2.30/share/em_armgcc/bin/../lib/gcc/arm-none-eabi/4.7.3/../../../../arm-none-eabi/lib/armv7e-m/fpu\libc_n.a(lib_a-strlen.o)
 .ARM.attributes
                0x00000000       0x34 c:/emblocks/2.30/share/em_armgcc/bin/../lib/gcc/arm-none-eabi/4.7.3/../../../../arm-none-eabi/lib/armv7e-m/fpu\libc_n.a(lib_a-strlen.o)
 .debug_frame   0x00000000       0x20 c:/emblocks/2.30/share/em_armgcc/bin/../lib/gcc/arm-none-eabi/4.7.3/../../../../arm-none-eabi/lib/armv7e-m/fpu\libc_n.a(lib_a-strlen.o)
 .text          0x00000000        0x0 c:/emblocks/2.30/share/em_armgcc/bin/../lib/gcc/arm-none-eabi/4.7.3/../../../../arm-none-eabi/lib/armv7e-m/fpu\libc_n.a(lib_a-writer.o)
 .data          0x00000000        0x0 c:/emblocks/2.30/share/em_armgcc/bin/../lib/gcc/arm-none-eabi/4.7.3/../../../../arm-none-eabi/lib/armv7e-m/fpu\libc_n.a(lib_a-writer.o)
 .bss           0x00000000        0x0 c:/emblocks/2.30/share/em_armgcc/bin/../lib/gcc/arm-none-eabi/4.7.3/../../../../arm-none-eabi/lib/armv7e-m/fpu\libc_n.a(lib_a-writer.o)
 .text._write_r
                0x00000000       0x24 c:/emblocks/2.30/share/em_armgcc/bin/../lib/gcc/arm-none-eabi/4.7.3/../../../../arm-none-eabi/lib/armv7e-m/fpu\libc_n.a(lib_a-writer.o)
 .ARM.attributes
                0x00000000       0x34 c:/emblocks/2.30/share/em_armgcc/bin/../lib/gcc/arm-none-eabi/4.7.3/../../../../arm-none-eabi/lib/armv7e-m/fpu\libc_n.a(lib_a-writer.o)
 .debug_frame   0x00000000       0x2c c:/emblocks/2.30/share/em_armgcc/bin/../lib/gcc/arm-none-eabi/4.7.3/../../../../arm-none-eabi/lib/armv7e-m/fpu\libc_n.a(lib_a-writer.o)
 .text          0x00000000        0x0 c:/emblocks/2.30/share/em_armgcc/bin/../lib/gcc/arm-none-eabi/4.7.3/../../../../arm-none-eabi/lib/armv7e-m/fpu\libc_n.a(lib_a-closer.o)
 .data          0x00000000        0x0 c:/emblocks/2.30/share/em_armgcc/bin/../lib/gcc/arm-none-eabi/4.7.3/../../../../arm-none-eabi/lib/armv7e-m/fpu\libc_n.a(lib_a-closer.o)
 .bss           0x00000000        0x0 c:/emblocks/2.30/share/em_armgcc/bin/../lib/gcc/arm-none-eabi/4.7.3/../../../../arm-none-eabi/lib/armv7e-m/fpu\libc_n.a(lib_a-closer.o)
 .text._close_r
                0x00000000       0x20 c:/emblocks/2.30/share/em_armgcc/bin/../lib/gcc/arm-none-eabi/4.7.3/../../../../arm-none-eabi/lib/armv7e-m/fpu\libc_n.a(lib_a-closer.o)
 .ARM.attributes
                0x00000000       0x34 c:/emblocks/2.30/share/em_armgcc/bin/../lib/gcc/arm-none-eabi/4.7.3/../../../../arm-none-eabi/lib/armv7e-m/fpu\libc_n.a(lib_a-closer.o)
 .debug_frame   0x00000000       0x2c c:/emblocks/2.30/share/em_armgcc/bin/../lib/gcc/arm-none-eabi/4.7.3/../../../../arm-none-eabi/lib/armv7e-m/fpu\libc_n.a(lib_a-closer.o)
 .text          0x00000000        0x0 c:/emblocks/2.30/share/em_armgcc/bin/../lib/gcc/arm-none-eabi/4.7.3/../../../../arm-none-eabi/lib/armv7e-m/fpu\libc_n.a(lib_a-fflush.o)
 .data          0x00000000        0x0 c:/emblocks/2.30/share/em_armgcc/bin/../lib/gcc/arm-none-eabi/4.7.3/../../../../arm-none-eabi/lib/armv7e-m/fpu\libc_n.a(lib_a-fflush.o)
 .bss           0x00000000        0x0 c:/emblocks/2.30/share/em_armgcc/bin/../lib/gcc/arm-none-eabi/4.7.3/../../../../arm-none-eabi/lib/armv7e-m/fpu\libc_n.a(lib_a-fflush.o)
 .text.__sflush_r
                0x00000000      0x118 c:/emblocks/2.30/share/em_armgcc/bin/../lib/gcc/arm-none-eabi/4.7.3/../../../../arm-none-eabi/lib/armv7e-m/fpu\libc_n.a(lib_a-fflush.o)
 .text._fflush_r
                0x00000000       0x54 c:/emblocks/2.30/share/em_armgcc/bin/../lib/gcc/arm-none-eabi/4.7.3/../../../../arm-none-eabi/lib/armv7e-m/fpu\libc_n.a(lib_a-fflush.o)
 .text.fflush   0x00000000       0x24 c:/emblocks/2.30/share/em_armgcc/bin/../lib/gcc/arm-none-eabi/4.7.3/../../../../arm-none-eabi/lib/armv7e-m/fpu\libc_n.a(lib_a-fflush.o)
 .ARM.attributes
                0x00000000       0x34 c:/emblocks/2.30/share/em_armgcc/bin/../lib/gcc/arm-none-eabi/4.7.3/../../../../arm-none-eabi/lib/armv7e-m/fpu\libc_n.a(lib_a-fflush.o)
 .debug_frame   0x00000000       0x5c c:/emblocks/2.30/share/em_armgcc/bin/../lib/gcc/arm-none-eabi/4.7.3/../../../../arm-none-eabi/lib/armv7e-m/fpu\libc_n.a(lib_a-fflush.o)
 .text          0x00000000        0x0 c:/emblocks/2.30/share/em_armgcc/bin/../lib/gcc/arm-none-eabi/4.7.3/../../../../arm-none-eabi/lib/armv7e-m/fpu\libc_n.a(lib_a-lseekr.o)
 .data          0x00000000        0x0 c:/emblocks/2.30/share/em_armgcc/bin/../lib/gcc/arm-none-eabi/4.7.3/../../../../arm-none-eabi/lib/armv7e-m/fpu\libc_n.a(lib_a-lseekr.o)
 .bss           0x00000000        0x0 c:/emblocks/2.30/share/em_armgcc/bin/../lib/gcc/arm-none-eabi/4.7.3/../../../../arm-none-eabi/lib/armv7e-m/fpu\libc_n.a(lib_a-lseekr.o)
 .text._lseek_r
                0x00000000       0x24 c:/emblocks/2.30/share/em_armgcc/bin/../lib/gcc/arm-none-eabi/4.7.3/../../../../arm-none-eabi/lib/armv7e-m/fpu\libc_n.a(lib_a-lseekr.o)
 .ARM.attributes
                0x00000000       0x34 c:/emblocks/2.30/share/em_armgcc/bin/../lib/gcc/arm-none-eabi/4.7.3/../../../../arm-none-eabi/lib/armv7e-m/fpu\libc_n.a(lib_a-lseekr.o)
 .debug_frame   0x00000000       0x2c c:/emblocks/2.30/share/em_armgcc/bin/../lib/gcc/arm-none-eabi/4.7.3/../../../../arm-none-eabi/lib/armv7e-m/fpu\libc_n.a(lib_a-lseekr.o)
 .text          0x00000000        0x0 c:/emblocks/2.30/share/em_armgcc/bin/../lib/gcc/arm-none-eabi/4.7.3/../../../../arm-none-eabi/lib/armv7e-m/fpu\libc_n.a(lib_a-nano-freer.o)
 .data          0x00000000        0x0 c:/emblocks/2.30/share/em_armgcc/bin/../lib/gcc/arm-none-eabi/4.7.3/../../../../arm-none-eabi/lib/armv7e-m/fpu\libc_n.a(lib_a-nano-freer.o)
 .bss           0x00000000        0x0 c:/emblocks/2.30/share/em_armgcc/bin/../lib/gcc/arm-none-eabi/4.7.3/../../../../arm-none-eabi/lib/armv7e-m/fpu\libc_n.a(lib_a-nano-freer.o)
 .text._free_r  0x00000000       0x84 c:/emblocks/2.30/share/em_armgcc/bin/../lib/gcc/arm-none-eabi/4.7.3/../../../../arm-none-eabi/lib/armv7e-m/fpu\libc_n.a(lib_a-nano-freer.o)
 .ARM.attributes
                0x00000000       0x34 c:/emblocks/2.30/share/em_armgcc/bin/../lib/gcc/arm-none-eabi/4.7.3/../../../../arm-none-eabi/lib/armv7e-m/fpu\libc_n.a(lib_a-nano-freer.o)
 .debug_frame   0x00000000       0x2c c:/emblocks/2.30/share/em_armgcc/bin/../lib/gcc/arm-none-eabi/4.7.3/../../../../arm-none-eabi/lib/armv7e-m/fpu\libc_n.a(lib_a-nano-freer.o)
 .text          0x00000000        0x0 c:/emblocks/2.30/share/em_armgcc/bin/../lib/gcc/arm-none-eabi/4.7.3/../../../../arm-none-eabi/lib/armv7e-m/fpu\libc_n.a(lib_a-readr.o)
 .data          0x00000000        0x0 c:/emblocks/2.30/share/em_armgcc/bin/../lib/gcc/arm-none-eabi/4.7.3/../../../../arm-none-eabi/lib/armv7e-m/fpu\libc_n.a(lib_a-readr.o)
 .bss           0x00000000        0x0 c:/emblocks/2.30/share/em_armgcc/bin/../lib/gcc/arm-none-eabi/4.7.3/../../../../arm-none-eabi/lib/armv7e-m/fpu\libc_n.a(lib_a-readr.o)
 .text._read_r  0x00000000       0x24 c:/emblocks/2.30/share/em_armgcc/bin/../lib/gcc/arm-none-eabi/4.7.3/../../../../arm-none-eabi/lib/armv7e-m/fpu\libc_n.a(lib_a-readr.o)
 .ARM.attributes
                0x00000000       0x34 c:/emblocks/2.30/share/em_armgcc/bin/../lib/gcc/arm-none-eabi/4.7.3/../../../../arm-none-eabi/lib/armv7e-m/fpu\libc_n.a(lib_a-readr.o)
 .debug_frame   0x00000000       0x2c c:/emblocks/2.30/share/em_armgcc/bin/../lib/gcc/arm-none-eabi/4.7.3/../../../../arm-none-eabi/lib/armv7e-m/fpu\libc_n.a(lib_a-readr.o)
 .text          0x00000000        0x0 c:/emblocks/2.30/share/em_armgcc/bin/../lib/gcc/arm-none-eabi/4.7.3/../../../../arm-none-eabi/lib/armv7e-m/fpu\libc_n.a(lib_a-reent.o)
 .data          0x00000000        0x0 c:/emblocks/2.30/share/em_armgcc/bin/../lib/gcc/arm-none-eabi/4.7.3/../../../../arm-none-eabi/lib/armv7e-m/fpu\libc_n.a(lib_a-reent.o)
 .bss           0x00000000        0x0 c:/emblocks/2.30/share/em_armgcc/bin/../lib/gcc/arm-none-eabi/4.7.3/../../../../arm-none-eabi/lib/armv7e-m/fpu\libc_n.a(lib_a-reent.o)
 .text.cleanup_glue
                0x00000000       0x1a c:/emblocks/2.30/share/em_armgcc/bin/../lib/gcc/arm-none-eabi/4.7.3/../../../../arm-none-eabi/lib/armv7e-m/fpu\libc_n.a(lib_a-reent.o)
 .text._reclaim_reent
                0x00000000       0xb8 c:/emblocks/2.30/share/em_armgcc/bin/../lib/gcc/arm-none-eabi/4.7.3/../../../../arm-none-eabi/lib/armv7e-m/fpu\libc_n.a(lib_a-reent.o)
 .ARM.attributes
                0x00000000       0x34 c:/emblocks/2.30/share/em_armgcc/bin/../lib/gcc/arm-none-eabi/4.7.3/../../../../arm-none-eabi/lib/armv7e-m/fpu\libc_n.a(lib_a-reent.o)
 .debug_frame   0x00000000       0x48 c:/emblocks/2.30/share/em_armgcc/bin/../lib/gcc/arm-none-eabi/4.7.3/../../../../arm-none-eabi/lib/armv7e-m/fpu\libc_n.a(lib_a-reent.o)
 COMMON         0x00000000        0x4 c:/emblocks/2.30/share/em_armgcc/bin/../lib/gcc/arm-none-eabi/4.7.3/../../../../arm-none-eabi/lib/armv7e-m/fpu\libc_n.a(lib_a-reent.o)
 .text          0x00000000        0x0 c:/emblocks/2.30/share/em_armgcc/bin/../lib/gcc/arm-none-eabi/4.7.3/../../../../arm-none-eabi/lib/armv7e-m/fpu\libnosys.a(_exit.o)
 .data          0x00000000        0x0 c:/emblocks/2.30/share/em_armgcc/bin/../lib/gcc/arm-none-eabi/4.7.3/../../../../arm-none-eabi/lib/armv7e-m/fpu\libnosys.a(_exit.o)
 .bss           0x00000000        0x0 c:/emblocks/2.30/share/em_armgcc/bin/../lib/gcc/arm-none-eabi/4.7.3/../../../../arm-none-eabi/lib/armv7e-m/fpu\libnosys.a(_exit.o)
 .text          0x00000000        0x0 c:/emblocks/2.30/share/em_armgcc/bin/../lib/gcc/arm-none-eabi/4.7.3/armv7e-m/fpu/crtend.o
 .data          0x00000000        0x0 c:/emblocks/2.30/share/em_armgcc/bin/../lib/gcc/arm-none-eabi/4.7.3/armv7e-m/fpu/crtend.o
 .bss           0x00000000        0x0 c:/emblocks/2.30/share/em_armgcc/bin/../lib/gcc/arm-none-eabi/4.7.3/armv7e-m/fpu/crtend.o
 .jcr           0x00000000        0x4 c:/emblocks/2.30/share/em_armgcc/bin/../lib/gcc/arm-none-eabi/4.7.3/armv7e-m/fpu/crtend.o
 .text          0x00000000        0x0 c:/emblocks/2.30/share/em_armgcc/bin/../lib/gcc/arm-none-eabi/4.7.3/armv7e-m/fpu/crtn.o
 .data          0x00000000        0x0 c:/emblocks/2.30/share/em_armgcc/bin/../lib/gcc/arm-none-eabi/4.7.3/armv7e-m/fpu/crtn.o
 .bss           0x00000000        0x0 c:/emblocks/2.30/share/em_armgcc/bin/../lib/gcc/arm-none-eabi/4.7.3/armv7e-m/fpu/crtn.o

Memory Configuration

Name             Origin             Length             Attributes
ROM              0x08020000         0x000fe000         xr
RAM              0x20000000         0x00020000         xrw
CCRAM            0x10000000         0x00010000         xrw
*default*        0x00000000         0xffffffff

Linker script and memory map

LOAD c:/emblocks/2.30/share/em_armgcc/bin/../lib/gcc/arm-none-eabi/4.7.3/../../../../arm-none-eabi/lib/armv7e-m/fpu\librdimon.a
LOAD c:/emblocks/2.30/share/em_armgcc/bin/../lib/gcc/arm-none-eabi/4.7.3/armv7e-m/fpu/crti.o
LOAD c:/emblocks/2.30/share/em_armgcc/bin/../lib/gcc/arm-none-eabi/4.7.3/armv7e-m/fpu/crtbegin.o
LOAD c:/emblocks/2.30/share/em_armgcc/bin/../lib/gcc/arm-none-eabi/4.7.3/../../../../arm-none-eabi/lib/armv7e-m/fpu/rdimon-crt0.o
                0x00000000                __HEAP_SIZE = 0x0
                0x00000100                __STACK_SIZE = 0x100

.text           0x08020000      0xb48
 *(.isr_vector)
 .isr_vector    0x08020000      0x188 .\_out_\debug\src\startup_stm32f4xx.o
                0x08020000                __isr_vector
 *(.text*)
 .text          0x08020188       0x54 c:/emblocks/2.30/share/em_armgcc/bin/../lib/gcc/arm-none-eabi/4.7.3/armv7e-m/fpu/crtbegin.o
 .text          0x080201dc       0xdc c:/emblocks/2.30/share/em_armgcc/bin/../lib/gcc/arm-none-eabi/4.7.3/../../../../arm-none-eabi/lib/armv7e-m/fpu/rdimon-crt0.o
                0x080201dc                _start
                0x080201dc                _mainCRTStartup
 .text.main     0x080202b8       0xa4 .\_out_\debug\src\main.o
                0x080202b8                main
 .text          0x0802035c      0x108 .\_out_\debug\src\startup_stm32f4xx.o
                0x0802035c                Reset_Handler
                0x080203a2                NMI_Handler
                0x080203a4                HardFault_Handler
                0x080203a6                MemManage_Handler
                0x080203a8                BusFault_Handler
                0x080203aa                UsageFault_Handler
                0x080203ac                SVC_Handler
                0x080203ae                DebugMon_Handler
                0x080203b0                PendSV_Handler
                0x080203b2                SysTick_Handler
                0x080203b4                Default_Handler
                0x080203b6                WWDG_IRQHandler
                0x080203b8                PVD_IRQHandler
                0x080203ba                TAMP_STAMP_IRQHandler
                0x080203bc                RTC_WKUP_IRQHandler
                0x080203be                FLASH_IRQHandler
                0x080203c0                RCC_IRQHandler
                0x080203c2                EXTI0_IRQHandler
                0x080203c4                EXTI1_IRQHandler
                0x080203c6                EXTI2_IRQHandler
                0x080203c8                EXTI3_IRQHandler
                0x080203ca                EXTI4_IRQHandler
                0x080203cc                DMA1_Stream0_IRQHandler
                0x080203ce                DMA1_Stream1_IRQHandler
                0x080203d0                DMA1_Stream2_IRQHandler
                0x080203d2                DMA1_Stream3_IRQHandler
                0x080203d4                DMA1_Stream4_IRQHandler
                0x080203d6                DMA1_Stream5_IRQHandler
                0x080203d8                DMA1_Stream6_IRQHandler
                0x080203da                ADC_IRQHandler
                0x080203dc                CAN1_TX_IRQHandler
                0x080203de                CAN1_RX0_IRQHandler
                0x080203e0                CAN1_RX1_IRQHandler
                0x080203e2                CAN1_SCE_IRQHandler
                0x080203e4                EXTI9_5_IRQHandler
                0x080203e6                TIM1_BRK_TIM9_IRQHandler
                0x080203e8                TIM1_UP_TIM10_IRQHandler
                0x080203ea                TIM1_TRG_COM_TIM11_IRQHandler
                0x080203ec                TIM1_CC_IRQHandler
                0x080203ee                TIM2_IRQHandler
                0x080203f0                TIM3_IRQHandler
                0x080203f2                TIM4_IRQHandler
                0x080203f4                I2C1_EV_IRQHandler
                0x080203f6                I2C1_ER_IRQHandler
                0x080203f8                I2C2_EV_IRQHandler
                0x080203fa                I2C2_ER_IRQHandler
                0x080203fc                SPI1_IRQHandler
                0x080203fe                SPI2_IRQHandler
                0x08020400                USART1_IRQHandler
                0x08020402                USART2_IRQHandler
                0x08020404                USART3_IRQHandler
                0x08020406                EXTI15_10_IRQHandler
                0x08020408                RTC_Alarm_IRQHandler
                0x0802040a                OTG_FS_WKUP_IRQHandler
                0x0802040c                TIM8_BRK_TIM12_IRQHandler
                0x0802040e                TIM8_UP_TIM13_IRQHandler
                0x08020410                TIM8_TRG_COM_TIM14_IRQHandler
                0x08020412                TIM8_CC_IRQHandler
                0x08020414                DMA1_Stream7_IRQHandler
                0x08020416                FSMC_IRQHandler
                0x08020418                SDIO_IRQHandler
                0x0802041a                TIM5_IRQHandler
                0x0802041c                SPI3_IRQHandler
                0x0802041e                UART4_IRQHandler
                0x08020420                UART5_IRQHandler
                0x08020422                TIM6_DAC_IRQHandler
                0x08020424                TIM7_IRQHandler
                0x08020426                DMA2_Stream0_IRQHandler
                0x08020428                DMA2_Stream1_IRQHandler
                0x0802042a                DMA2_Stream2_IRQHandler
                0x0802042c                DMA2_Stream3_IRQHandler
                0x0802042e                DMA2_Stream4_IRQHandler
                0x08020430                ETH_IRQHandler
                0x08020432                ETH_WKUP_IRQHandler
                0x08020434                CAN2_TX_IRQHandler
                0x08020436                CAN2_RX0_IRQHandler
                0x08020438                CAN2_RX1_IRQHandler
                0x0802043a                CAN2_SCE_IRQHandler
                0x0802043c                OTG_FS_IRQHandler
                0x0802043e                DMA2_Stream5_IRQHandler
                0x08020440                DMA2_Stream6_IRQHandler
                0x08020442                DMA2_Stream7_IRQHandler
                0x08020444                USART6_IRQHandler
                0x08020446                I2C3_EV_IRQHandler
                0x08020448                I2C3_ER_IRQHandler
                0x0802044a                OTG_HS_EP1_OUT_IRQHandler
                0x0802044c                OTG_HS_EP1_IN_IRQHandler
                0x0802044e                OTG_HS_WKUP_IRQHandler
                0x08020450                OTG_HS_IRQHandler
                0x08020452                DCMI_IRQHandler
                0x08020454                CRYP_IRQHandler
                0x08020456                HASH_RNG_IRQHandler
                0x08020458                FPU_IRQHandler
 .text.SystemInit
                0x08020464       0xb0 .\_out_\debug\src\system_stm32f4xx.o
                0x08020464                SystemInit
 .text.SetSysClock
                0x08020514      0x188 .\_out_\debug\src\system_stm32f4xx.o
 .text.DRIVER_Add
                0x0802069c      0x11c .\_out_\debug\~#\src\driverinterface.o
                0x0802069c                DRIVER_Add
 .text.DRIVER_LoadAll
                0x080207b8       0xa0 .\_out_\debug\~#\src\driverinterface.o
                0x080207b8                DRIVER_LoadAll
 .text.DRIVER_open
                0x08020858       0x74 .\_out_\debug\~#\src\driverinterface.o
                0x08020858                DRIVER_open
 .text._Conf_RCC
                0x080208cc       0x5c .\_out_\debug\src\board.o
 .text._Conf_GPIO
                0x08020928        0xc .\_out_\debug\src\board.o
 .text._Conf_NVIC
                0x08020934        0xc .\_out_\debug\src\board.o
 .text._Conf_EXTI
                0x08020940        0xc .\_out_\debug\src\board.o
 .text._Conf_RTC
                0x0802094c        0xc .\_out_\debug\src\board.o
 .text.BOARD_ConfAll
                0x08020958       0x20 .\_out_\debug\src\board.o
                0x08020958                BOARD_ConfAll
 .text.initialise_monitor_handles
                0x08020978       0xa4 c:/emblocks/2.30/share/em_armgcc/bin/../lib/gcc/arm-none-eabi/4.7.3/../../../../arm-none-eabi/lib/armv7e-m/fpu\librdimon.a(rdimon-syscalls.o)
                0x08020978                initialise_monitor_handles
 .text.exit     0x08020a1c       0x28 c:/emblocks/2.30/share/em_armgcc/bin/../lib/gcc/arm-none-eabi/4.7.3/../../../../arm-none-eabi/lib/armv7e-m/fpu\libc_n.a(lib_a-exit.o)
                0x08020a1c                exit
 .text.__libc_init_array
                0x08020a44       0x4c c:/emblocks/2.30/share/em_armgcc/bin/../lib/gcc/arm-none-eabi/4.7.3/../../../../arm-none-eabi/lib/armv7e-m/fpu\libc_n.a(lib_a-init.o)
                0x08020a44                __libc_init_array
 .text.memset   0x08020a90       0x10 c:/emblocks/2.30/share/em_armgcc/bin/../lib/gcc/arm-none-eabi/4.7.3/../../../../arm-none-eabi/lib/armv7e-m/fpu\libc_n.a(lib_a-memset.o)
                0x08020a90                memset
 .text          0x08020aa0       0x14 c:/emblocks/2.30/share/em_armgcc/bin/../lib/gcc/arm-none-eabi/4.7.3/../../../../arm-none-eabi/lib/armv7e-m/fpu\libc_n.a(lib_a-strcmp.o)
                0x08020aa0                strcmp
 .text._exit    0x08020ab4        0x4 c:/emblocks/2.30/share/em_armgcc/bin/../lib/gcc/arm-none-eabi/4.7.3/../../../../arm-none-eabi/lib/armv7e-m/fpu\libnosys.a(_exit.o)
                0x08020ab4                _exit
 *(.init)
 .init          0x08020ab8        0x4 c:/emblocks/2.30/share/em_armgcc/bin/../lib/gcc/arm-none-eabi/4.7.3/armv7e-m/fpu/crti.o
                0x08020ab8                _init
 .init          0x08020abc        0x8 c:/emblocks/2.30/share/em_armgcc/bin/../lib/gcc/arm-none-eabi/4.7.3/armv7e-m/fpu/crtn.o
 *(.fini)
 .fini          0x08020ac4        0x4 c:/emblocks/2.30/share/em_armgcc/bin/../lib/gcc/arm-none-eabi/4.7.3/armv7e-m/fpu/crti.o
                0x08020ac4                _fini
 .fini          0x08020ac8        0x8 c:/emblocks/2.30/share/em_armgcc/bin/../lib/gcc/arm-none-eabi/4.7.3/armv7e-m/fpu/crtn.o
 *crtbegin.o(.ctors)
 *crtbegin?.o(.ctors)
 *(EXCLUDE_FILE(*crtend.o *crtend?.o) .ctors)
 *(SORT(.ctors.*))
 *(.ctors)
 *crtbegin.o(.dtors)
 *crtbegin?.o(.dtors)
 *(EXCLUDE_FILE(*crtend.o *crtend?.o) .dtors)
 *(SORT(.dtors.*))
 *(.dtors)
 *(.rodata*)
 .rodata        0x08020ad0        0x8 .\_out_\debug\src\main.o
 .rodata.str1.1
                0x08020ad8        0x4 c:/emblocks/2.30/share/em_armgcc/bin/../lib/gcc/arm-none-eabi/4.7.3/../../../../arm-none-eabi/lib/armv7e-m/fpu\librdimon.a(rdimon-syscalls.o)
 .rodata.__sf_fake_stdin
                0x08020adc       0x20 c:/emblocks/2.30/share/em_armgcc/bin/../lib/gcc/arm-none-eabi/4.7.3/../../../../arm-none-eabi/lib/armv7e-m/fpu\libc_n.a(lib_a-findfp.o)
                0x08020adc                __sf_fake_stdin
 .rodata.__sf_fake_stdout
                0x08020afc       0x20 c:/emblocks/2.30/share/em_armgcc/bin/../lib/gcc/arm-none-eabi/4.7.3/../../../../arm-none-eabi/lib/armv7e-m/fpu\libc_n.a(lib_a-findfp.o)
                0x08020afc                __sf_fake_stdout
 .rodata.__sf_fake_stderr
                0x08020b1c       0x20 c:/emblocks/2.30/share/em_armgcc/bin/../lib/gcc/arm-none-eabi/4.7.3/../../../../arm-none-eabi/lib/armv7e-m/fpu\libc_n.a(lib_a-findfp.o)
                0x08020b1c                __sf_fake_stderr
 .rodata.str1.1
                0x08020b3c        0x2 c:/emblocks/2.30/share/em_armgcc/bin/../lib/gcc/arm-none-eabi/4.7.3/../../../../arm-none-eabi/lib/armv7e-m/fpu\libc_n.a(lib_a-impure.o)
 *fill*         0x08020b3e        0x2 
 .rodata._global_impure_ptr
                0x08020b40        0x4 c:/emblocks/2.30/share/em_armgcc/bin/../lib/gcc/arm-none-eabi/4.7.3/../../../../arm-none-eabi/lib/armv7e-m/fpu\libc_n.a(lib_a-impure.o)
                0x08020b40                _global_impure_ptr
 *(.eh_frame*)
 .eh_frame      0x08020b44        0x0 c:/emblocks/2.30/share/em_armgcc/bin/../lib/gcc/arm-none-eabi/4.7.3/armv7e-m/fpu/crtbegin.o
 .eh_frame      0x08020b44        0x4 c:/emblocks/2.30/share/em_armgcc/bin/../lib/gcc/arm-none-eabi/4.7.3/armv7e-m/fpu/crtend.o

.glue_7         0x08020b48        0x0
 .glue_7        0x00000000        0x0 linker stubs

.glue_7t        0x08020b48        0x0
 .glue_7t       0x00000000        0x0 linker stubs

.vfp11_veneer   0x08020b48        0x0
 .vfp11_veneer  0x00000000        0x0 linker stubs

.v4_bx          0x08020b48        0x0
 .v4_bx         0x00000000        0x0 linker stubs

.iplt           0x08020b48        0x0
 .iplt          0x00000000        0x0 c:/emblocks/2.30/share/em_armgcc/bin/../lib/gcc/arm-none-eabi/4.7.3/armv7e-m/fpu/crtbegin.o

.ARM.extab
 *(.ARM.extab* .gnu.linkonce.armextab.*)
                0x08020b48                __exidx_start = .

.ARM.exidx      0x08020b48        0x8
 *(.ARM.exidx* .gnu.linkonce.armexidx.*)
 .ARM.exidx     0x08020b48        0x8 c:/emblocks/2.30/share/em_armgcc/bin/../lib/gcc/arm-none-eabi/4.7.3/../../../../arm-none-eabi/lib/armv7e-m/fpu/rdimon-crt0.o
                0x08020b50                __exidx_end = .
                0x08020b50                __etext = .

.rel.dyn        0x08020b50        0x0
 .rel.iplt      0x00000000        0x0 c:/emblocks/2.30/share/em_armgcc/bin/../lib/gcc/arm-none-eabi/4.7.3/armv7e-m/fpu/crtbegin.o

.data           0x20000000      0x178 load address 0x08020b50
                0x20000000                __data_start__ = .
 *(vtable)
 *(.data*)
 .data          0x20000000      0x110 c:/emblocks/2.30/share/em_armgcc/bin/../lib/gcc/arm-none-eabi/4.7.3/../../../../arm-none-eabi/lib/armv7e-m/fpu/rdimon-crt0.o
                0x20000008                __stack_base__
 .data.impure_data
                0x20000110       0x60 c:/emblocks/2.30/share/em_armgcc/bin/../lib/gcc/arm-none-eabi/4.7.3/../../../../arm-none-eabi/lib/armv7e-m/fpu\libc_n.a(lib_a-impure.o)
                0x20000170                . = ALIGN (0x4)
                0x20000170                PROVIDE (__preinit_array_start, .)
 *(.preinit_array)
                0x20000170                PROVIDE (__preinit_array_end, .)
                0x20000170                . = ALIGN (0x4)
                0x20000170                PROVIDE (__init_array_start, .)
 *(SORT(.init_array.*))
 *(.init_array)
 .init_array    0x20000170        0x4 c:/emblocks/2.30/share/em_armgcc/bin/../lib/gcc/arm-none-eabi/4.7.3/armv7e-m/fpu/crtbegin.o
                0x20000174                PROVIDE (__init_array_end, .)
                0x20000174                . = ALIGN (0x4)
                0x20000174                PROVIDE (__fini_array_start, .)
 *(SORT(.fini_array.*))
 *(.fini_array)
 .fini_array    0x20000174        0x4 c:/emblocks/2.30/share/em_armgcc/bin/../lib/gcc/arm-none-eabi/4.7.3/armv7e-m/fpu/crtbegin.o
                0x20000178                PROVIDE (__fini_array_end, .)
                0x20000178                . = ALIGN (0x4)
                0x20000178                __data_end__ = .

.jcr            0x20000178        0x0 load address 0x08020cc8
 .jcr           0x20000178        0x0 c:/emblocks/2.30/share/em_armgcc/bin/../lib/gcc/arm-none-eabi/4.7.3/armv7e-m/fpu/crtbegin.o

.igot.plt       0x20000178        0x0 load address 0x08020cc8
 .igot.plt      0x00000000        0x0 c:/emblocks/2.30/share/em_armgcc/bin/../lib/gcc/arm-none-eabi/4.7.3/armv7e-m/fpu/crtbegin.o

.bss            0x20000178      0x2d0 load address 0x08020cc8
                0x20000178                __bss_start__ = .
 *(.bss*)
 .bss           0x20000178       0x1c c:/emblocks/2.30/share/em_armgcc/bin/../lib/gcc/arm-none-eabi/4.7.3/armv7e-m/fpu/crtbegin.o
 .bss.xNumberOfPeripherals
                0x20000194        0x4 .\_out_\debug\~#\src\driverinterface.o
 .bss.xAvailablePeripherals
                0x20000198      0x200 .\_out_\debug\~#\src\driverinterface.o
 .bss.monitor_stdout
                0x20000398        0x4 c:/emblocks/2.30/share/em_armgcc/bin/../lib/gcc/arm-none-eabi/4.7.3/../../../../arm-none-eabi/lib/armv7e-m/fpu\librdimon.a(rdimon-syscalls.o)
 .bss.monitor_stdin
                0x2000039c        0x4 c:/emblocks/2.30/share/em_armgcc/bin/../lib/gcc/arm-none-eabi/4.7.3/../../../../arm-none-eabi/lib/armv7e-m/fpu\librdimon.a(rdimon-syscalls.o)
 .bss.monitor_stderr
                0x200003a0        0x4 c:/emblocks/2.30/share/em_armgcc/bin/../lib/gcc/arm-none-eabi/4.7.3/../../../../arm-none-eabi/lib/armv7e-m/fpu\librdimon.a(rdimon-syscalls.o)
 .bss.openfiles
                0x200003a4       0xa0 c:/emblocks/2.30/share/em_armgcc/bin/../lib/gcc/arm-none-eabi/4.7.3/../../../../arm-none-eabi/lib/armv7e-m/fpu\librdimon.a(rdimon-syscalls.o)
 *(COMMON)
 COMMON         0x20000444        0x4 .\_out_\debug\src\main.o
                0x20000444                gpio
                0x20000448                __bss_end__ = .

.heap           0x20000448        0x0
                0x20000448                __end__ = .
                0x20000448                end = __end__
 *(.heap*)
 .heap          0x20000448        0x0 .\_out_\debug\src\startup_stm32f4xx.o
                0x20000448                __HeapLimit = .

.stack_dummy    0x20000448      0x100
 *(.stack)
 .stack         0x20000448      0x100 .\_out_\debug\src\startup_stm32f4xx.o
                0x20020000                __StackTop = (ORIGIN (RAM) + 0x20000)
                0x2001ff00                __StackLimit = (__StackTop - SIZEOF (.stack_dummy))
                0x20020000                PROVIDE (__stack, __StackTop)
                0x00000001                ASSERT ((__StackLimit >= __HeapLimit), region RAM overflowed with stack)
LOAD .\_out_\debug\src\main.o
LOAD .\_out_\debug\src\startup_stm32f4xx.o
LOAD .\_out_\debug\src\system_stm32f4xx.o
LOAD .\_out_\debug\~#\src\driverinterface.o
LOAD .\_out_\debug\src\board.o
LOAD c:/emblocks/2.30/share/em_armgcc/bin/../lib/gcc/arm-none-eabi/4.7.3/../../../../arm-none-eabi/lib/armv7e-m/fpu\librdimon.a
START GROUP
LOAD c:/emblocks/2.30/share/em_armgcc/bin/../lib/gcc/arm-none-eabi/4.7.3/armv7e-m/fpu\libgcc.a
LOAD c:/emblocks/2.30/share/em_armgcc/bin/../lib/gcc/arm-none-eabi/4.7.3/../../../../arm-none-eabi/lib/armv7e-m/fpu\libc_n.a
LOAD c:/emblocks/2.30/share/em_armgcc/bin/../lib/gcc/arm-none-eabi/4.7.3/../../../../arm-none-eabi/lib/armv7e-m/fpu\libg_n.a
LOAD c:/emblocks/2.30/share/em_armgcc/bin/../lib/gcc/arm-none-eabi/4.7.3/../../../../arm-none-eabi/lib/armv7e-m/fpu\libnosys.a
END GROUP
LOAD c:/emblocks/2.30/share/em_armgcc/bin/../lib/gcc/arm-none-eabi/4.7.3/armv7e-m/fpu/crtend.o
LOAD c:/emblocks/2.30/share/em_armgcc/bin/../lib/gcc/arm-none-eabi/4.7.3/armv7e-m/fpu/crtn.o
OUTPUT(.\_HEX_\Debug\STM32_Test.elf elf32-littlearm)

.ARM.attributes
                0x00000000       0x30
 .ARM.attributes
                0x00000000       0x22 c:/emblocks/2.30/share/em_armgcc/bin/../lib/gcc/arm-none-eabi/4.7.3/armv7e-m/fpu/crti.o
 .ARM.attributes
                0x00000022       0x34 c:/emblocks/2.30/share/em_armgcc/bin/../lib/gcc/arm-none-eabi/4.7.3/armv7e-m/fpu/crtbegin.o
 .ARM.attributes
                0x00000056       0x20 c:/emblocks/2.30/share/em_armgcc/bin/../lib/gcc/arm-none-eabi/4.7.3/../../../../arm-none-eabi/lib/armv7e-m/fpu/rdimon-crt0.o
 .ARM.attributes
                0x00000076       0x39 .\_out_\debug\src\main.o
 .ARM.attributes
                0x000000af       0x1f .\_out_\debug\src\startup_stm32f4xx.o
 .ARM.attributes
                0x000000ce       0x39 .\_out_\debug\src\system_stm32f4xx.o
 .ARM.attributes
                0x00000107       0x39 .\_out_\debug\~#\src\driverinterface.o
 .ARM.attributes
                0x00000140       0x39 .\_out_\debug\src\board.o
 .ARM.attributes
                0x00000179       0x34 c:/emblocks/2.30/share/em_armgcc/bin/../lib/gcc/arm-none-eabi/4.7.3/../../../../arm-none-eabi/lib/armv7e-m/fpu\librdimon.a(rdimon-syscalls.o)
 .ARM.attributes
                0x000001ad       0x34 c:/emblocks/2.30/share/em_armgcc/bin/../lib/gcc/arm-none-eabi/4.7.3/../../../../arm-none-eabi/lib/armv7e-m/fpu\libc_n.a(lib_a-exit.o)
 .ARM.attributes
                0x000001e1       0x34 c:/emblocks/2.30/share/em_armgcc/bin/../lib/gcc/arm-none-eabi/4.7.3/../../../../arm-none-eabi/lib/armv7e-m/fpu\libc_n.a(lib_a-findfp.o)
 .ARM.attributes
                0x00000215       0x34 c:/emblocks/2.30/share/em_armgcc/bin/../lib/gcc/arm-none-eabi/4.7.3/../../../../arm-none-eabi/lib/armv7e-m/fpu\libc_n.a(lib_a-impure.o)
 .ARM.attributes
                0x00000249       0x34 c:/emblocks/2.30/share/em_armgcc/bin/../lib/gcc/arm-none-eabi/4.7.3/../../../../arm-none-eabi/lib/armv7e-m/fpu\libc_n.a(lib_a-init.o)
 .ARM.attributes
                0x0000027d       0x34 c:/emblocks/2.30/share/em_armgcc/bin/../lib/gcc/arm-none-eabi/4.7.3/../../../../arm-none-eabi/lib/armv7e-m/fpu\libc_n.a(lib_a-memset.o)
 .ARM.attributes
                0x000002b1       0x20 c:/emblocks/2.30/share/em_armgcc/bin/../lib/gcc/arm-none-eabi/4.7.3/../../../../arm-none-eabi/lib/armv7e-m/fpu\libc_n.a(lib_a-strcmp.o)
 .ARM.attributes
                0x000002d1       0x34 c:/emblocks/2.30/share/em_armgcc/bin/../lib/gcc/arm-none-eabi/4.7.3/../../../../arm-none-eabi/lib/armv7e-m/fpu\libnosys.a(_exit.o)
 .ARM.attributes
                0x00000305       0x34 c:/emblocks/2.30/share/em_armgcc/bin/../lib/gcc/arm-none-eabi/4.7.3/armv7e-m/fpu/crtend.o
 .ARM.attributes
                0x00000339       0x22 c:/emblocks/2.30/share/em_armgcc/bin/../lib/gcc/arm-none-eabi/4.7.3/armv7e-m/fpu/crtn.o

.comment        0x00000000       0x38
 .comment       0x00000000       0x38 .\_out_\debug\src\main.o
                                 0x39 (size before relaxing)
 .comment       0x00000000       0x39 .\_out_\debug\src\system_stm32f4xx.o
 .comment       0x00000000       0x39 .\_out_\debug\~#\src\driverinterface.o
 .comment       0x00000000       0x39 .\_out_\debug\src\board.o

.debug_info     0x00000000      0xf53
 .debug_info    0x00000000      0x32b .\_out_\debug\src\main.o
 .debug_info    0x0000032b       0x5d .\_out_\debug\src\startup_stm32f4xx.o
 .debug_info    0x00000388      0x629 .\_out_\debug\src\system_stm32f4xx.o
 .debug_info    0x000009b1      0x3a8 .\_out_\debug\~#\src\driverinterface.o
 .debug_info    0x00000d59      0x1fa .\_out_\debug\src\board.o

.debug_abbrev   0x00000000      0x4a0
 .debug_abbrev  0x00000000       0xf8 .\_out_\debug\src\main.o
 .debug_abbrev  0x000000f8       0x14 .\_out_\debug\src\startup_stm32f4xx.o
 .debug_abbrev  0x0000010c      0x13d .\_out_\debug\src\system_stm32f4xx.o
 .debug_abbrev  0x00000249      0x140 .\_out_\debug\~#\src\driverinterface.o
 .debug_abbrev  0x00000389      0x117 .\_out_\debug\src\board.o

.debug_loc      0x00000000      0x2bc
 .debug_loc     0x00000000       0x38 .\_out_\debug\src\main.o
 .debug_loc     0x00000038       0x9c .\_out_\debug\src\system_stm32f4xx.o
 .debug_loc     0x000000d4       0xa8 .\_out_\debug\~#\src\driverinterface.o
 .debug_loc     0x0000017c      0x140 .\_out_\debug\src\board.o

.debug_aranges  0x00000000       0xf0
 .debug_aranges
                0x00000000       0x20 .\_out_\debug\src\main.o
 .debug_aranges
                0x00000020       0x20 .\_out_\debug\src\startup_stm32f4xx.o
 .debug_aranges
                0x00000040       0x30 .\_out_\debug\src\system_stm32f4xx.o
 .debug_aranges
                0x00000070       0x30 .\_out_\debug\~#\src\driverinterface.o
 .debug_aranges
                0x000000a0       0x50 .\_out_\debug\src\board.o

.debug_ranges   0x00000000       0x90
 .debug_ranges  0x00000000       0x10 .\_out_\debug\src\main.o
 .debug_ranges  0x00000010       0x20 .\_out_\debug\src\system_stm32f4xx.o
 .debug_ranges  0x00000030       0x20 .\_out_\debug\~#\src\driverinterface.o
 .debug_ranges  0x00000050       0x40 .\_out_\debug\src\board.o

.debug_macro    0x00000000     0xb462
 .debug_macro   0x00000000      0x1c7 .\_out_\debug\src\main.o
 .debug_macro   0x000001c7      0x820 .\_out_\debug\src\main.o
 .debug_macro   0x000009e7       0x58 .\_out_\debug\src\main.o
 .debug_macro   0x00000a3f       0x16 .\_out_\debug\src\main.o
 .debug_macro   0x00000a55       0x35 .\_out_\debug\src\main.o
 .debug_macro   0x00000a8a       0xa2 .\_out_\debug\src\main.o
 .debug_macro   0x00000b2c       0x16 .\_out_\debug\src\main.o
 .debug_macro   0x00000b42      0x10e .\_out_\debug\src\main.o
 .debug_macro   0x00000c50       0x85 .\_out_\debug\src\main.o
 .debug_macro   0x00000cd5       0x4a .\_out_\debug\src\main.o
 .debug_macro   0x00000d1f       0x52 .\_out_\debug\src\main.o
 .debug_macro   0x00000d71       0x16 .\_out_\debug\src\main.o
 .debug_macro   0x00000d87       0x43 .\_out_\debug\src\main.o
 .debug_macro   0x00000dca      0x180 .\_out_\debug\src\main.o
 .debug_macro   0x00000f4a       0x16 .\_out_\debug\src\main.o
 .debug_macro   0x00000f60       0x29 .\_out_\debug\src\main.o
 .debug_macro   0x00000f89      0x20f .\_out_\debug\src\main.o
 .debug_macro   0x00001198      0x2a6 .\_out_\debug\src\main.o
 .debug_macro   0x0000143e       0x10 .\_out_\debug\src\main.o
 .debug_macro   0x0000144e       0x35 .\_out_\debug\src\main.o
 .debug_macro   0x00001483       0x1f .\_out_\debug\src\main.o
 .debug_macro   0x000014a2       0x22 .\_out_\debug\src\main.o
 .debug_macro   0x000014c4       0x5d .\_out_\debug\src\main.o
 .debug_macro   0x00001521       0x3b .\_out_\debug\src\main.o
 .debug_macro   0x0000155c       0x18 .\_out_\debug\src\main.o
 .debug_macro   0x00001574       0x42 .\_out_\debug\src\main.o
 .debug_macro   0x000015b6      0xd39 .\_out_\debug\src\main.o
 .debug_macro   0x000022ef     0x81c3 .\_out_\debug\src\main.o
 .debug_macro   0x0000a4b2       0x10 .\_out_\debug\src\main.o
 .debug_macro   0x0000a4c2       0x35 .\_out_\debug\src\main.o
 .debug_macro   0x0000a4f7      0x881 .\_out_\debug\src\main.o
 .debug_macro   0x0000ad78       0x16 .\_out_\debug\src\main.o
 .debug_macro   0x0000ad8e       0x5e .\_out_\debug\src\main.o
 .debug_macro   0x0000adec       0xcd .\_out_\debug\src\main.o
 .debug_macro   0x0000aeb9       0x1c .\_out_\debug\src\main.o
 .debug_macro   0x0000aed5       0xbc .\_out_\debug\src\system_stm32f4xx.o
 .debug_macro   0x0000af91       0x44 .\_out_\debug\src\system_stm32f4xx.o
 .debug_macro   0x0000afd5      0x209 .\_out_\debug\src\system_stm32f4xx.o
 .debug_macro   0x0000b1de      0x1be .\_out_\debug\~#\src\driverinterface.o
 .debug_macro   0x0000b39c       0xb0 .\_out_\debug\src\board.o
 .debug_macro   0x0000b44c       0x16 .\_out_\debug\src\board.o

.debug_line     0x00000000     0x111d
 .debug_line    0x00000000      0x4a7 .\_out_\debug\src\main.o
 .debug_line    0x000004a7       0xcc .\_out_\debug\src\startup_stm32f4xx.o
 .debug_line    0x00000573      0x33a .\_out_\debug\src\system_stm32f4xx.o
 .debug_line    0x000008ad      0x520 .\_out_\debug\~#\src\driverinterface.o
 .debug_line    0x00000dcd      0x350 .\_out_\debug\src\board.o

.debug_str      0x00000000    0x39f48
 .debug_str     0x00000000    0x39c02 .\_out_\debug\src\main.o
                              0x39e23 (size before relaxing)
 .debug_str     0x00039c02      0x247 .\_out_\debug\src\system_stm32f4xx.o
                              0x35e76 (size before relaxing)
 .debug_str     0x00039e49       0x8d .\_out_\debug\~#\src\driverinterface.o
                              0x39d89 (size before relaxing)
 .debug_str     0x00039ed6       0x72 .\_out_\debug\src\board.o
                              0x35db4 (size before relaxing)

.debug_frame    0x00000000      0x67c
 .debug_frame   0x00000000       0x30 .\_out_\debug\src\main.o
 .debug_frame   0x00000030       0x64 .\_out_\debug\src\system_stm32f4xx.o
 .debug_frame   0x00000094       0x6c .\_out_\debug\~#\src\driverinterface.o
 .debug_frame   0x00000100       0xc0 .\_out_\debug\src\board.o
 .debug_frame   0x000001c0      0x2fc c:/emblocks/2.30/share/em_armgcc/bin/../lib/gcc/arm-none-eabi/4.7.3/../../../../arm-none-eabi/lib/armv7e-m/fpu\librdimon.a(rdimon-syscalls.o)
 .debug_frame   0x000004bc       0x28 c:/emblocks/2.30/share/em_armgcc/bin/../lib/gcc/arm-none-eabi/4.7.3/../../../../arm-none-eabi/lib/armv7e-m/fpu\libc_n.a(lib_a-exit.o)
 .debug_frame   0x000004e4      0x12c c:/emblocks/2.30/share/em_armgcc/bin/../lib/gcc/arm-none-eabi/4.7.3/../../../../arm-none-eabi/lib/armv7e-m/fpu\libc_n.a(lib_a-findfp.o)
 .debug_frame   0x00000610       0x2c c:/emblocks/2.30/share/em_armgcc/bin/../lib/gcc/arm-none-eabi/4.7.3/../../../../arm-none-eabi/lib/armv7e-m/fpu\libc_n.a(lib_a-init.o)
 .debug_frame   0x0000063c       0x20 c:/emblocks/2.30/share/em_armgcc/bin/../lib/gcc/arm-none-eabi/4.7.3/../../../../arm-none-eabi/lib/armv7e-m/fpu\libc_n.a(lib_a-memset.o)
 .debug_frame   0x0000065c       0x20 c:/emblocks/2.30/share/em_armgcc/bin/../lib/gcc/arm-none-eabi/4.7.3/../../../../arm-none-eabi/lib/armv7e-m/fpu\libnosys.a(_exit.o)
