Archive member included because of file (symbol)

c:/emblocks/2.30/share/em_armgcc/bin/../lib/gcc/arm-none-eabi/4.7.3/../../../../arm-none-eabi/lib/armv7e-m/fpu\librdimon.a(rdimon-syscalls.o)
                              c:/emblocks/2.30/share/em_armgcc/bin/../lib/gcc/arm-none-eabi/4.7.3/../../../../arm-none-eabi/lib/armv7e-m/fpu/rdimon-crt0.o (initialise_monitor_handles)
c:/emblocks/2.30/share/em_armgcc/bin/../lib/gcc/arm-none-eabi/4.7.3/../../../../arm-none-eabi/lib/armv7e-m/fpu\libc_n.a(lib_a-errno.o)
                              c:/emblocks/2.30/share/em_armgcc/bin/../lib/gcc/arm-none-eabi/4.7.3/../../../../arm-none-eabi/lib/armv7e-m/fpu\librdimon.a(rdimon-syscalls.o) (__errno)
c:/emblocks/2.30/share/em_armgcc/bin/../lib/gcc/arm-none-eabi/4.7.3/../../../../arm-none-eabi/lib/armv7e-m/fpu\libc_n.a(lib_a-exit.o)
                              c:/emblocks/2.30/share/em_armgcc/bin/../lib/gcc/arm-none-eabi/4.7.3/../../../../arm-none-eabi/lib/armv7e-m/fpu/rdimon-crt0.o (exit)
c:/emblocks/2.30/share/em_armgcc/bin/../lib/gcc/arm-none-eabi/4.7.3/../../../../arm-none-eabi/lib/armv7e-m/fpu\libc_n.a(lib_a-findfp.o)
                              c:/emblocks/2.30/share/em_armgcc/bin/../lib/gcc/arm-none-eabi/4.7.3/../../../../arm-none-eabi/lib/armv7e-m/fpu\librdimon.a(rdimon-syscalls.o) (__sinit)
c:/emblocks/2.30/share/em_armgcc/bin/../lib/gcc/arm-none-eabi/4.7.3/../../../../arm-none-eabi/lib/armv7e-m/fpu\libc_n.a(lib_a-fwalk.o)
                              c:/emblocks/2.30/share/em_armgcc/bin/../lib/gcc/arm-none-eabi/4.7.3/../../../../arm-none-eabi/lib/armv7e-m/fpu\libc_n.a(lib_a-findfp.o) (_fwalk)
c:/emblocks/2.30/share/em_armgcc/bin/../lib/gcc/arm-none-eabi/4.7.3/../../../../arm-none-eabi/lib/armv7e-m/fpu\libc_n.a(lib_a-impure.o)
                              c:/emblocks/2.30/share/em_armgcc/bin/../lib/gcc/arm-none-eabi/4.7.3/../../../../arm-none-eabi/lib/armv7e-m/fpu\libc_n.a(lib_a-exit.o) (_global_impure_ptr)
c:/emblocks/2.30/share/em_armgcc/bin/../lib/gcc/arm-none-eabi/4.7.3/../../../../arm-none-eabi/lib/armv7e-m/fpu\libc_n.a(lib_a-init.o)
                              c:/emblocks/2.30/share/em_armgcc/bin/../lib/gcc/arm-none-eabi/4.7.3/../../../../arm-none-eabi/lib/armv7e-m/fpu/rdimon-crt0.o (__libc_init_array)
c:/emblocks/2.30/share/em_armgcc/bin/../lib/gcc/arm-none-eabi/4.7.3/../../../../arm-none-eabi/lib/armv7e-m/fpu\libc_n.a(lib_a-memset.o)
                              c:/emblocks/2.30/share/em_armgcc/bin/../lib/gcc/arm-none-eabi/4.7.3/../../../../arm-none-eabi/lib/armv7e-m/fpu/rdimon-crt0.o (memset)
c:/emblocks/2.30/share/em_armgcc/bin/../lib/gcc/arm-none-eabi/4.7.3/../../../../arm-none-eabi/lib/armv7e-m/fpu\libc_n.a(lib_a-nano-mallocr.o)
                              c:/emblocks/2.30/share/em_armgcc/bin/../lib/gcc/arm-none-eabi/4.7.3/../../../../arm-none-eabi/lib/armv7e-m/fpu\libc_n.a(lib_a-findfp.o) (_malloc_r)
c:/emblocks/2.30/share/em_armgcc/bin/../lib/gcc/arm-none-eabi/4.7.3/../../../../arm-none-eabi/lib/armv7e-m/fpu\libc_n.a(lib_a-sbrkr.o)
                              c:/emblocks/2.30/share/em_armgcc/bin/../lib/gcc/arm-none-eabi/4.7.3/../../../../arm-none-eabi/lib/armv7e-m/fpu\libc_n.a(lib_a-nano-mallocr.o) (_sbrk_r)
c:/emblocks/2.30/share/em_armgcc/bin/../lib/gcc/arm-none-eabi/4.7.3/../../../../arm-none-eabi/lib/armv7e-m/fpu\libc_n.a(lib_a-stdio.o)
                              c:/emblocks/2.30/share/em_armgcc/bin/../lib/gcc/arm-none-eabi/4.7.3/../../../../arm-none-eabi/lib/armv7e-m/fpu\libc_n.a(lib_a-findfp.o) (__sread)
c:/emblocks/2.30/share/em_armgcc/bin/../lib/gcc/arm-none-eabi/4.7.3/../../../../arm-none-eabi/lib/armv7e-m/fpu\libc_n.a(lib_a-strcmp.o)
                              .\_out_\debug\~#\src\driverinterface.o (strcmp)
c:/emblocks/2.30/share/em_armgcc/bin/../lib/gcc/arm-none-eabi/4.7.3/../../../../arm-none-eabi/lib/armv7e-m/fpu\libc_n.a(lib_a-strlen.o)
                              c:/emblocks/2.30/share/em_armgcc/bin/../lib/gcc/arm-none-eabi/4.7.3/../../../../arm-none-eabi/lib/armv7e-m/fpu\librdimon.a(rdimon-syscalls.o) (strlen)
c:/emblocks/2.30/share/em_armgcc/bin/../lib/gcc/arm-none-eabi/4.7.3/../../../../arm-none-eabi/lib/armv7e-m/fpu\libc_n.a(lib_a-writer.o)
                              c:/emblocks/2.30/share/em_armgcc/bin/../lib/gcc/arm-none-eabi/4.7.3/../../../../arm-none-eabi/lib/armv7e-m/fpu\libc_n.a(lib_a-stdio.o) (_write_r)
c:/emblocks/2.30/share/em_armgcc/bin/../lib/gcc/arm-none-eabi/4.7.3/../../../../arm-none-eabi/lib/armv7e-m/fpu\libc_n.a(lib_a-closer.o)
                              c:/emblocks/2.30/share/em_armgcc/bin/../lib/gcc/arm-none-eabi/4.7.3/../../../../arm-none-eabi/lib/armv7e-m/fpu\libc_n.a(lib_a-stdio.o) (_close_r)
c:/emblocks/2.30/share/em_armgcc/bin/../lib/gcc/arm-none-eabi/4.7.3/../../../../arm-none-eabi/lib/armv7e-m/fpu\libc_n.a(lib_a-fflush.o)
                              c:/emblocks/2.30/share/em_armgcc/bin/../lib/gcc/arm-none-eabi/4.7.3/../../../../arm-none-eabi/lib/armv7e-m/fpu\libc_n.a(lib_a-findfp.o) (_fflush_r)
[...]
Memory Configuration

Name             Origin             Length             Attributes
ROM              0x08000000         0x0001f000         xr
DRIVER           0x0801f000         0x00001000         xr
RAM              0x20000000         0x00020000         xrw
CCRAM            0x10000000         0x00010000         xrw
*default*        0x00000000         0xffffffff

Linker script and memory map

LOAD c:/emblocks/2.30/share/em_armgcc/bin/../lib/gcc/arm-none-eabi/4.7.3/../../../../arm-none-eabi/lib/armv7e-m/fpu\librdimon.a
LOAD c:/emblocks/2.30/share/em_armgcc/bin/../lib/gcc/arm-none-eabi/4.7.3/armv7e-m/fpu/crti.o
LOAD c:/emblocks/2.30/share/em_armgcc/bin/../lib/gcc/arm-none-eabi/4.7.3/armv7e-m/fpu/crtbegin.o
LOAD c:/emblocks/2.30/share/em_armgcc/bin/../lib/gcc/arm-none-eabi/4.7.3/../../../../arm-none-eabi/lib/armv7e-m/fpu/rdimon-crt0.o
                0x00000000                __HEAP_SIZE = 0x0
                0x00000100                __STACK_SIZE = 0x100

.text           0x08000000     0x1368
 *(.isr_vector)
 .isr_vector    0x08000000      0x188 .\_out_\debug\src\startup_stm32f4xx.o
                0x08000000                __isr_vector
 *(.text*)
 .text          0x08000188       0x54 c:/emblocks/2.30/share/em_armgcc/bin/../lib/gcc/arm-none-eabi/4.7.3/armv7e-m/fpu/crtbegin.o
 .text          0x080001dc       0xdc c:/emblocks/2.30/share/em_armgcc/bin/../lib/gcc/arm-none-eabi/4.7.3/../../../../arm-none-eabi/lib/armv7e-m/fpu/rdimon-crt0.o
                0x080001dc                _start
                0x080001dc                _mainCRTStartup
 .text._Conf_RCC
                0x080002b8       0x7c .\_out_\debug\src\board.o
 .text._Conf_GPIO
                0x08000334        0xc .\_out_\debug\src\board.o
 .text._Conf_NVIC
                0x08000340        0xc .\_out_\debug\src\board.o
 .text._Conf_EXTI
                0x0800034c        0xc .\_out_\debug\src\board.o
 .text._Conf_RTC
                0x08000358        0xc .\_out_\debug\src\board.o
 .text.BOARD_ConfAll
                0x08000364       0x20 .\_out_\debug\src\board.o
                0x08000364                BOARD_ConfAll
 .text.main     0x08000384       0xb4 .\_out_\debug\src\main - bootstrap.o
                0x08000384                main
 .text          0x08000438      0x108 .\_out_\debug\src\startup_stm32f4xx.o
                0x08000438                Reset_Handler
                0x0800047e                NMI_Handler
                0x08000480                HardFault_Handler
                0x08000482                MemManage_Handler
                0x08000484                BusFault_Handler
                0x08000486                UsageFault_Handler
                0x08000488                SVC_Handler
                0x0800048a                DebugMon_Handler
                0x0800048c                PendSV_Handler
                0x0800048e                SysTick_Handler
                0x08000490                Default_Handler
                0x08000492                WWDG_IRQHandler
                0x08000494                PVD_IRQHandler
                0x08000496                TAMP_STAMP_IRQHandler
                0x08000498                RTC_WKUP_IRQHandler
                0x0800049a                FLASH_IRQHandler
                0x0800049c                RCC_IRQHandler
                0x0800049e                EXTI0_IRQHandler
                0x080004a0                EXTI1_IRQHandler
                0x080004a2                EXTI2_IRQHandler
                0x080004a4                EXTI3_IRQHandler
                0x080004a6                EXTI4_IRQHandler
                0x080004a8                DMA1_Stream0_IRQHandler
                0x080004aa                DMA1_Stream1_IRQHandler
                0x080004ac                DMA1_Stream2_IRQHandler
                0x080004ae                DMA1_Stream3_IRQHandler
                0x080004b0                DMA1_Stream4_IRQHandler
                0x080004b2                DMA1_Stream5_IRQHandler
                0x080004b4                DMA1_Stream6_IRQHandler
                0x080004b6                ADC_IRQHandler
                0x080004b8                CAN1_TX_IRQHandler
                0x080004ba                CAN1_RX0_IRQHandler
                0x080004bc                CAN1_RX1_IRQHandler
                0x080004be                CAN1_SCE_IRQHandler
                0x080004c0                EXTI9_5_IRQHandler
                0x080004c2                TIM1_BRK_TIM9_IRQHandler
                0x080004c4                TIM1_UP_TIM10_IRQHandler
                0x080004c6                TIM1_TRG_COM_TIM11_IRQHandler
                0x080004c8                TIM1_CC_IRQHandler
                0x080004ca                TIM2_IRQHandler
                0x080004cc                TIM3_IRQHandler
                0x080004ce                TIM4_IRQHandler
                0x080004d0                I2C1_EV_IRQHandler
                0x080004d2                I2C1_ER_IRQHandler
                0x080004d4                I2C2_EV_IRQHandler
                0x080004d6                I2C2_ER_IRQHandler
                0x080004d8                SPI1_IRQHandler
                0x080004da                SPI2_IRQHandler
                0x080004dc                USART1_IRQHandler
                0x080004de                USART2_IRQHandler
                0x080004e0                USART3_IRQHandler
                0x080004e2                EXTI15_10_IRQHandler
                0x080004e4                RTC_Alarm_IRQHandler
                0x080004e6                OTG_FS_WKUP_IRQHandler
                0x080004e8                TIM8_BRK_TIM12_IRQHandler
                0x080004ea                TIM8_UP_TIM13_IRQHandler
                0x080004ec                TIM8_TRG_COM_TIM14_IRQHandler
                0x080004ee                TIM8_CC_IRQHandler
                0x080004f0                DMA1_Stream7_IRQHandler
                0x080004f2                FSMC_IRQHandler
                0x080004f4                SDIO_IRQHandler
                0x080004f6                TIM5_IRQHandler
                0x080004f8                SPI3_IRQHandler
                0x080004fa                UART4_IRQHandler
                0x080004fc                UART5_IRQHandler
                0x080004fe                TIM6_DAC_IRQHandler
                0x08000500                TIM7_IRQHandler
                0x08000502                DMA2_Stream0_IRQHandler
                0x08000504                DMA2_Stream1_IRQHandler
                0x08000506                DMA2_Stream2_IRQHandler
                0x08000508                DMA2_Stream3_IRQHandler
                0x0800050a                DMA2_Stream4_IRQHandler
                0x0800050c                ETH_IRQHandler
                0x0800050e                ETH_WKUP_IRQHandler
                0x08000510                CAN2_TX_IRQHandler
                0x08000512                CAN2_RX0_IRQHandler
                0x08000514                CAN2_RX1_IRQHandler
                0x08000516                CAN2_SCE_IRQHandler
                0x08000518                OTG_FS_IRQHandler
                0x0800051a                DMA2_Stream5_IRQHandler
                0x0800051c                DMA2_Stream6_IRQHandler
                0x0800051e                DMA2_Stream7_IRQHandler
                0x08000520                USART6_IRQHandler
                0x08000522                I2C3_EV_IRQHandler
                0x08000524                I2C3_ER_IRQHandler
                0x08000526                OTG_HS_EP1_OUT_IRQHandler
                0x08000528                OTG_HS_EP1_IN_IRQHandler
                0x0800052a                OTG_HS_WKUP_IRQHandler
                0x0800052c                OTG_HS_IRQHandler
                0x0800052e                DCMI_IRQHandler
                0x08000530                CRYP_IRQHandler
                0x08000532                HASH_RNG_IRQHandler
                0x08000534                FPU_IRQHandler
 .text.SystemInit
                0x08000540       0xb0 .\_out_\debug\src\system_stm32f4xx.o
                0x08000540                SystemInit
 .text.SetSysClock
                0x080005f0      0x188 .\_out_\debug\src\system_stm32f4xx.o
 .text.DRIVER_Add
                0x08000778      0x11c .\_out_\debug\~#\src\driverinterface.o
                0x08000778                DRIVER_Add
 .text.DRIVER_LoadAll
                0x08000894       0x70 .\_out_\debug\~#\src\driverinterface.o
                0x08000894                DRIVER_LoadAll
 .text.DRIVER_open
                0x08000904       0x74 .\_out_\debug\~#\src\driverinterface.o
                0x08000904                DRIVER_open
 .text.HAL_CLOCK_Config
                0x08000978      0x178 .\_out_\debug\~#\src\clock\stm32f407\clock.o
                0x08000978                HAL_CLOCK_Config
 .text._Ioctl   0x08000af0       0x34 .\_out_\debug\~#\src\clock\clock_driverinterface.o
 .text.CLOCK_LoadDriver
                0x08000b24       0x44 .\_out_\debug\~#\src\clock\clock_driverinterface.o
                0x08000b24                CLOCK_LoadDriver
 .text.HAL_GPIO_Init
                0x08000b68      0x4c8 .\_out_\debug\~#\src\gpio\stm32f407\gpio.o
                0x08000b68                HAL_GPIO_Init
 .text.HAL_GPIO_WritePin
                0x08001030       0x34 .\_out_\debug\~#\src\gpio\stm32f407\gpio.o
                0x08001030                HAL_GPIO_WritePin
 .text._Write   0x08001064       0x1c .\_out_\debug\~#\src\gpio\gpio_driverinterface.o
 .text._Read    0x08001080       0x1c .\_out_\debug\~#\src\gpio\gpio_driverinterface.o
 .text._Ioctl   0x0800109c       0x64 .\_out_\debug\~#\src\gpio\gpio_driverinterface.o
 .text.GPIO_LoadDriver
                0x08001100       0x44 .\_out_\debug\~#\src\gpio\gpio_driverinterface.o
                0x08001100                GPIO_LoadDriver
 .text.initialise_monitor_handles
                0x08001144       0xa4 c:/emblocks/2.30/share/em_armgcc/bin/../lib/gcc/arm-none-eabi/4.7.3/../../../../arm-none-eabi/lib/armv7e-m/fpu\librdimon.a(rdimon-syscalls.o)
                0x08001144                initialise_monitor_handles
 .text.exit     0x080011e8       0x28 c:/emblocks/2.30/share/em_armgcc/bin/../lib/gcc/arm-none-eabi/4.7.3/../../../../arm-none-eabi/lib/armv7e-m/fpu\libc_n.a(lib_a-exit.o)
                0x080011e8                exit
 .text.__libc_init_array
                0x08001210       0x4c c:/emblocks/2.30/share/em_armgcc/bin/../lib/gcc/arm-none-eabi/4.7.3/../../../../arm-none-eabi/lib/armv7e-m/fpu\libc_n.a(lib_a-init.o)
                0x08001210                __libc_init_array
 .text.memset   0x0800125c       0x10 c:/emblocks/2.30/share/em_armgcc/bin/../lib/gcc/arm-none-eabi/4.7.3/../../../../arm-none-eabi/lib/armv7e-m/fpu\libc_n.a(lib_a-memset.o)
                0x0800125c                memset
 .text          0x0800126c       0x14 c:/emblocks/2.30/share/em_armgcc/bin/../lib/gcc/arm-none-eabi/4.7.3/../../../../arm-none-eabi/lib/armv7e-m/fpu\libc_n.a(lib_a-strcmp.o)
                0x0800126c                strcmp
 .text._exit    0x08001280        0x4 c:/emblocks/2.30/share/em_armgcc/bin/../lib/gcc/arm-none-eabi/4.7.3/../../../../arm-none-eabi/lib/armv7e-m/fpu\libnosys.a(_exit.o)
                0x08001280                _exit
 *(.init)
 .init          0x08001284        0x4 c:/emblocks/2.30/share/em_armgcc/bin/../lib/gcc/arm-none-eabi/4.7.3/armv7e-m/fpu/crti.o
                0x08001284                _init
 .init          0x08001288        0x8 c:/emblocks/2.30/share/em_armgcc/bin/../lib/gcc/arm-none-eabi/4.7.3/armv7e-m/fpu/crtn.o
 *(.fini)
 .fini          0x08001290        0x4 c:/emblocks/2.30/share/em_armgcc/bin/../lib/gcc/arm-none-eabi/4.7.3/armv7e-m/fpu/crti.o
                0x08001290                _fini
 .fini          0x08001294        0x8 c:/emblocks/2.30/share/em_armgcc/bin/../lib/gcc/arm-none-eabi/4.7.3/armv7e-m/fpu/crtn.o
 *crtbegin.o(.ctors)
 *crtbegin?.o(.ctors)
 *(EXCLUDE_FILE(*crtend.o *crtend?.o) .ctors)
 *(SORT(.ctors.*))
 *(.ctors)
 *crtbegin.o(.dtors)
 *crtbegin?.o(.dtors)
 *(EXCLUDE_FILE(*crtend.o *crtend?.o) .dtors)
 *(SORT(.dtors.*))
 *(.dtors)
 *(.rodata*)
 .rodata        0x0800129c        0x4 .\_out_\debug\src\board.o
 .rodata        0x080012a0        0x8 .\_out_\debug\src\main - bootstrap.o
 .rodata        0x080012a8        0x4 .\_out_\debug\~#\src\clock\clock_driverinterface.o
 .rodata        0x080012ac        0x4 .\_out_\debug\~#\src\gpio\stm32f407\gpio.o
 .rodata        0x080012b0       0x48 .\_out_\debug\~#\src\gpio\gpio_driverinterface.o
 .rodata.str1.1
                0x080012f8        0x4 c:/emblocks/2.30/share/em_armgcc/bin/../lib/gcc/arm-none-eabi/4.7.3/../../../../arm-none-eabi/lib/armv7e-m/fpu\librdimon.a(rdimon-syscalls.o)
 .rodata.__sf_fake_stdin
                0x080012fc       0x20 c:/emblocks/2.30/share/em_armgcc/bin/../lib/gcc/arm-none-eabi/4.7.3/../../../../arm-none-eabi/lib/armv7e-m/fpu\libc_n.a(lib_a-findfp.o)
                0x080012fc                __sf_fake_stdin
 .rodata.__sf_fake_stdout
                0x0800131c       0x20 c:/emblocks/2.30/share/em_armgcc/bin/../lib/gcc/arm-none-eabi/4.7.3/../../../../arm-none-eabi/lib/armv7e-m/fpu\libc_n.a(lib_a-findfp.o)
                0x0800131c                __sf_fake_stdout
 .rodata.__sf_fake_stderr
                0x0800133c       0x20 c:/emblocks/2.30/share/em_armgcc/bin/../lib/gcc/arm-none-eabi/4.7.3/../../../../arm-none-eabi/lib/armv7e-m/fpu\libc_n.a(lib_a-findfp.o)
                0x0800133c                __sf_fake_stderr
 .rodata.str1.1
                0x0800135c        0x2 c:/emblocks/2.30/share/em_armgcc/bin/../lib/gcc/arm-none-eabi/4.7.3/../../../../arm-none-eabi/lib/armv7e-m/fpu\libc_n.a(lib_a-impure.o)
 *fill*         0x0800135e        0x2 
 .rodata._global_impure_ptr
                0x08001360        0x4 c:/emblocks/2.30/share/em_armgcc/bin/../lib/gcc/arm-none-eabi/4.7.3/../../../../arm-none-eabi/lib/armv7e-m/fpu\libc_n.a(lib_a-impure.o)
                0x08001360                _global_impure_ptr
 *(.eh_frame*)
 .eh_frame      0x08001364        0x0 c:/emblocks/2.30/share/em_armgcc/bin/../lib/gcc/arm-none-eabi/4.7.3/armv7e-m/fpu/crtbegin.o
 .eh_frame      0x08001364        0x4 c:/emblocks/2.30/share/em_armgcc/bin/../lib/gcc/arm-none-eabi/4.7.3/armv7e-m/fpu/crtend.o

.glue_7         0x08001368        0x0
 .glue_7        0x00000000        0x0 linker stubs

.glue_7t        0x08001368        0x0
 .glue_7t       0x00000000        0x0 linker stubs

.vfp11_veneer   0x08001368        0x0
 .vfp11_veneer  0x00000000        0x0 linker stubs

.v4_bx          0x08001368        0x0
 .v4_bx         0x00000000        0x0 linker stubs

.iplt           0x08001368        0x0
 .iplt          0x00000000        0x0 c:/emblocks/2.30/share/em_armgcc/bin/../lib/gcc/arm-none-eabi/4.7.3/armv7e-m/fpu/crtbegin.o

.DRIVER         0x0801f000      0x140
 *(.DRIVER*)
 .DRIVER.clock  0x0801f000       0x20 .\_out_\debug\~#\src\clock\clock_driverinterface.o
                0x0801f000                rccDriver
 .DRIVER.clock  0x0801f020      0x120 .\_out_\debug\~#\src\gpio\gpio_driverinterface.o
                0x0801f020                gpioDriver

.ARM.extab
 *(.ARM.extab* .gnu.linkonce.armextab.*)
                0x0801f140                __exidx_start = .

.ARM.exidx      0x08001368        0x8
 *(.ARM.exidx* .gnu.linkonce.armexidx.*)
 .ARM.exidx     0x08001368        0x8 c:/emblocks/2.30/share/em_armgcc/bin/../lib/gcc/arm-none-eabi/4.7.3/../../../../arm-none-eabi/lib/armv7e-m/fpu/rdimon-crt0.o
                0x08001370                __exidx_end = .
                0x08001370                __etext = .

.rel.dyn        0x08001370        0x0
 .rel.iplt      0x00000000        0x0 c:/emblocks/2.30/share/em_armgcc/bin/../lib/gcc/arm-none-eabi/4.7.3/armv7e-m/fpu/crtbegin.o

.data           0x20000000      0x178 load address 0x08001370
                0x20000000                __data_start__ = .
 *(vtable)
 *(.data*)
 .data          0x20000000      0x110 c:/emblocks/2.30/share/em_armgcc/bin/../lib/gcc/arm-none-eabi/4.7.3/../../../../arm-none-eabi/lib/armv7e-m/fpu/rdimon-crt0.o
                0x20000008                __stack_base__
 .data.impure_data
                0x20000110       0x60 c:/emblocks/2.30/share/em_armgcc/bin/../lib/gcc/arm-none-eabi/4.7.3/../../../../arm-none-eabi/lib/armv7e-m/fpu\libc_n.a(lib_a-impure.o)
                0x20000170                . = ALIGN (0x4)
                0x20000170                PROVIDE (__preinit_array_start, .)
 *(.preinit_array)
                0x20000170                PROVIDE (__preinit_array_end, .)
                0x20000170                . = ALIGN (0x4)
                0x20000170                PROVIDE (__init_array_start, .)
 *(SORT(.init_array.*))
 *(.init_array)
 .init_array    0x20000170        0x4 c:/emblocks/2.30/share/em_armgcc/bin/../lib/gcc/arm-none-eabi/4.7.3/armv7e-m/fpu/crtbegin.o
                0x20000174                PROVIDE (__init_array_end, .)
                0x20000174                . = ALIGN (0x4)
                0x20000174                PROVIDE (__fini_array_start, .)
 *(SORT(.fini_array.*))
 *(.fini_array)
 .fini_array    0x20000174        0x4 c:/emblocks/2.30/share/em_armgcc/bin/../lib/gcc/arm-none-eabi/4.7.3/armv7e-m/fpu/crtbegin.o
                0x20000178                PROVIDE (__fini_array_end, .)
                0x20000178                . = ALIGN (0x4)
                0x20000178                __data_end__ = .

.jcr            0x20000178        0x0 load address 0x080014e8
 .jcr           0x20000178        0x0 c:/emblocks/2.30/share/em_armgcc/bin/../lib/gcc/arm-none-eabi/4.7.3/armv7e-m/fpu/crtbegin.o

.igot.plt       0x20000178        0x0 load address 0x080014e8
 .igot.plt      0x00000000        0x0 c:/emblocks/2.30/share/em_armgcc/bin/../lib/gcc/arm-none-eabi/4.7.3/armv7e-m/fpu/crtbegin.o

.bss            0x20000178      0x2d0 load address 0x080014e8
                0x20000178                __bss_start__ = .
 *(.bss*)
 .bss           0x20000178       0x1c c:/emblocks/2.30/share/em_armgcc/bin/../lib/gcc/arm-none-eabi/4.7.3/armv7e-m/fpu/crtbegin.o
 .bss.xNumberOfPeripherals
                0x20000194        0x4 .\_out_\debug\~#\src\driverinterface.o
 .bss.xAvailablePeripherals
                0x20000198      0x200 .\_out_\debug\~#\src\driverinterface.o
 .bss.monitor_stdout
                0x20000398        0x4 c:/emblocks/2.30/share/em_armgcc/bin/../lib/gcc/arm-none-eabi/4.7.3/../../../../arm-none-eabi/lib/armv7e-m/fpu\librdimon.a(rdimon-syscalls.o)
 .bss.monitor_stdin
                0x2000039c        0x4 c:/emblocks/2.30/share/em_armgcc/bin/../lib/gcc/arm-none-eabi/4.7.3/../../../../arm-none-eabi/lib/armv7e-m/fpu\librdimon.a(rdimon-syscalls.o)
 .bss.monitor_stderr
                0x200003a0        0x4 c:/emblocks/2.30/share/em_armgcc/bin/../lib/gcc/arm-none-eabi/4.7.3/../../../../arm-none-eabi/lib/armv7e-m/fpu\librdimon.a(rdimon-syscalls.o)
 .bss.openfiles
                0x200003a4       0xa0 c:/emblocks/2.30/share/em_armgcc/bin/../lib/gcc/arm-none-eabi/4.7.3/../../../../arm-none-eabi/lib/armv7e-m/fpu\librdimon.a(rdimon-syscalls.o)
 *(COMMON)
 COMMON         0x20000444        0x4 .\_out_\debug\src\main - bootstrap.o
                0x20000444                gpio
                0x20000448                __bss_end__ = .

.heap           0x20000448        0x0
                0x20000448                __end__ = .
                0x20000448                end = __end__
 *(.heap*)
 .heap          0x20000448        0x0 .\_out_\debug\src\startup_stm32f4xx.o
                0x20000448                __HeapLimit = .

.stack_dummy    0x20000448      0x100
 *(.stack)
 .stack         0x20000448      0x100 .\_out_\debug\src\startup_stm32f4xx.o
                0x20020000                __StackTop = (ORIGIN (RAM) + 0x20000)
                0x2001ff00                __StackLimit = (__StackTop - SIZEOF (.stack_dummy))
                0x20020000                PROVIDE (__stack, __StackTop)
                0x00000001                ASSERT ((__StackLimit >= __HeapLimit), region RAM overflowed with stack)
LOAD .\_out_\debug\src\board.o
LOAD .\_out_\debug\src\main - bootstrap.o
LOAD .\_out_\debug\src\startup_stm32f4xx.o
LOAD .\_out_\debug\src\system_stm32f4xx.o
LOAD .\_out_\debug\~#\src\driverinterface.o
LOAD .\_out_\debug\~#\src\clock\stm32f407\clock.o
LOAD .\_out_\debug\~#\src\clock\clock_driverinterface.o
LOAD .\_out_\debug\~#\src\gpio\stm32f407\gpio.o
LOAD .\_out_\debug\~#\src\gpio\gpio_driverinterface.o
LOAD c:/emblocks/2.30/share/em_armgcc/bin/../lib/gcc/arm-none-eabi/4.7.3/../../../../arm-none-eabi/lib/armv7e-m/fpu\librdimon.a
START GROUP
LOAD c:/emblocks/2.30/share/em_armgcc/bin/../lib/gcc/arm-none-eabi/4.7.3/armv7e-m/fpu\libgcc.a
LOAD c:/emblocks/2.30/share/em_armgcc/bin/../lib/gcc/arm-none-eabi/4.7.3/../../../../arm-none-eabi/lib/armv7e-m/fpu\libc_n.a
LOAD c:/emblocks/2.30/share/em_armgcc/bin/../lib/gcc/arm-none-eabi/4.7.3/../../../../arm-none-eabi/lib/armv7e-m/fpu\libg_n.a
LOAD c:/emblocks/2.30/share/em_armgcc/bin/../lib/gcc/arm-none-eabi/4.7.3/../../../../arm-none-eabi/lib/armv7e-m/fpu\libnosys.a
END GROUP
LOAD c:/emblocks/2.30/share/em_armgcc/bin/../lib/gcc/arm-none-eabi/4.7.3/armv7e-m/fpu/crtend.o
LOAD c:/emblocks/2.30/share/em_armgcc/bin/../lib/gcc/arm-none-eabi/4.7.3/armv7e-m/fpu/crtn.o
OUTPUT(.\_HEX_\Debug\STM32_Test_Boot.elf elf32-littlearm)

.ARM.attributes
                0x00000000       0x30
 .ARM.attributes
                0x00000000       0x22 c:/emblocks/2.30/share/em_armgcc/bin/../lib/gcc/arm-none-eabi/4.7.3/armv7e-m/fpu/crti.o
 .ARM.attributes
                0x00000022       0x34 c:/emblocks/2.30/share/em_armgcc/bin/../lib/gcc/arm-none-eabi/4.7.3/armv7e-m/fpu/crtbegin.o
 .ARM.attributes
                0x00000056       0x20 c:/emblocks/2.30/share/em_armgcc/bin/../lib/gcc/arm-none-eabi/4.7.3/../../../../arm-none-eabi/lib/armv7e-m/fpu/rdimon-crt0.o
 .ARM.attributes
                0x00000076       0x39 .\_out_\debug\src\board.o
 .ARM.attributes
                0x000000af       0x39 .\_out_\debug\src\main - bootstrap.o
 .ARM.attributes
                0x000000e8       0x1f .\_out_\debug\src\startup_stm32f4xx.o
 .ARM.attributes
                0x00000107       0x39 .\_out_\debug\src\system_stm32f4xx.o
 .ARM.attributes
                0x00000140       0x39 .\_out_\debug\~#\src\driverinterface.o
 .ARM.attributes
                0x00000179       0x39 .\_out_\debug\~#\src\clock\stm32f407\clock.o
 .ARM.attributes
                0x000001b2       0x39 .\_out_\debug\~#\src\clock\clock_driverinterface.o
 .ARM.attributes
                0x000001eb       0x39 .\_out_\debug\~#\src\gpio\stm32f407\gpio.o
 .ARM.attributes
                0x00000224       0x39 .\_out_\debug\~#\src\gpio\gpio_driverinterface.o
 .ARM.attributes
                0x0000025d       0x34 c:/emblocks/2.30/share/em_armgcc/bin/../lib/gcc/arm-none-eabi/4.7.3/../../../../arm-none-eabi/lib/armv7e-m/fpu\librdimon.a(rdimon-syscalls.o)
 .ARM.attributes
                0x00000291       0x34 c:/emblocks/2.30/share/em_armgcc/bin/../lib/gcc/arm-none-eabi/4.7.3/../../../../arm-none-eabi/lib/armv7e-m/fpu\libc_n.a(lib_a-exit.o)
 .ARM.attributes
                0x000002c5       0x34 c:/emblocks/2.30/share/em_armgcc/bin/../lib/gcc/arm-none-eabi/4.7.3/../../../../arm-none-eabi/lib/armv7e-m/fpu\libc_n.a(lib_a-findfp.o)
 .ARM.attributes
                0x000002f9       0x34 c:/emblocks/2.30/share/em_armgcc/bin/../lib/gcc/arm-none-eabi/4.7.3/../../../../arm-none-eabi/lib/armv7e-m/fpu\libc_n.a(lib_a-impure.o)
 .ARM.attributes
                0x0000032d       0x34 c:/emblocks/2.30/share/em_armgcc/bin/../lib/gcc/arm-none-eabi/4.7.3/../../../../arm-none-eabi/lib/armv7e-m/fpu\libc_n.a(lib_a-init.o)
 .ARM.attributes
                0x00000361       0x34 c:/emblocks/2.30/share/em_armgcc/bin/../lib/gcc/arm-none-eabi/4.7.3/../../../../arm-none-eabi/lib/armv7e-m/fpu\libc_n.a(lib_a-memset.o)
 .ARM.attributes
                0x00000395       0x20 c:/emblocks/2.30/share/em_armgcc/bin/../lib/gcc/arm-none-eabi/4.7.3/../../../../arm-none-eabi/lib/armv7e-m/fpu\libc_n.a(lib_a-strcmp.o)
 .ARM.attributes
                0x000003b5       0x34 c:/emblocks/2.30/share/em_armgcc/bin/../lib/gcc/arm-none-eabi/4.7.3/../../../../arm-none-eabi/lib/armv7e-m/fpu\libnosys.a(_exit.o)
 .ARM.attributes
                0x000003e9       0x34 c:/emblocks/2.30/share/em_armgcc/bin/../lib/gcc/arm-none-eabi/4.7.3/armv7e-m/fpu/crtend.o
 .ARM.attributes
                0x0000041d       0x22 c:/emblocks/2.30/share/em_armgcc/bin/../lib/gcc/arm-none-eabi/4.7.3/armv7e-m/fpu/crtn.o

.comment        0x00000000       0x38
 .comment       0x00000000       0x38 .\_out_\debug\src\board.o
                                 0x39 (size before relaxing)
 .comment       0x00000000       0x39 .\_out_\debug\src\main - bootstrap.o
 .comment       0x00000000       0x39 .\_out_\debug\src\system_stm32f4xx.o
 .comment       0x00000000       0x39 .\_out_\debug\~#\src\driverinterface.o
 .comment       0x00000000       0x39 .\_out_\debug\~#\src\clock\stm32f407\clock.o
 .comment       0x00000000       0x39 .\_out_\debug\~#\src\clock\clock_driverinterface.o
 .comment       0x00000000       0x39 .\_out_\debug\~#\src\gpio\stm32f407\gpio.o
 .comment       0x00000000       0x39 .\_out_\debug\~#\src\gpio\gpio_driverinterface.o

.debug_info     0x00000000     0x24eb
 .debug_info    0x00000000      0x3d8 .\_out_\debug\src\board.o
 .debug_info    0x000003d8      0x35a .\_out_\debug\src\main - bootstrap.o
 .debug_info    0x00000732       0x5d .\_out_\debug\src\startup_stm32f4xx.o
 .debug_info    0x0000078f      0x629 .\_out_\debug\src\system_stm32f4xx.o
 .debug_info    0x00000db8      0x39c .\_out_\debug\~#\src\driverinterface.o
 .debug_info    0x00001154      0x3dd .\_out_\debug\~#\src\clock\stm32f407\clock.o
 .debug_info    0x00001531      0x35f .\_out_\debug\~#\src\clock\clock_driverinterface.o
 .debug_info    0x00001890      0x740 .\_out_\debug\~#\src\gpio\stm32f407\gpio.o
 .debug_info    0x00001fd0      0x51b .\_out_\debug\~#\src\gpio\gpio_driverinterface.o

.debug_abbrev   0x00000000      0xa97
 .debug_abbrev  0x00000000      0x18a .\_out_\debug\src\board.o
 .debug_abbrev  0x0000018a       0xff .\_out_\debug\src\main - bootstrap.o
 .debug_abbrev  0x00000289       0x14 .\_out_\debug\src\startup_stm32f4xx.o
 .debug_abbrev  0x0000029d      0x13d .\_out_\debug\src\system_stm32f4xx.o
 .debug_abbrev  0x000003da      0x140 .\_out_\debug\~#\src\driverinterface.o
 .debug_abbrev  0x0000051a      0x14e .\_out_\debug\~#\src\clock\stm32f407\clock.o
 .debug_abbrev  0x00000668      0x124 .\_out_\debug\~#\src\clock\clock_driverinterface.o
 .debug_abbrev  0x0000078c      0x170 .\_out_\debug\~#\src\gpio\stm32f407\gpio.o
 .debug_abbrev  0x000008fc      0x19b .\_out_\debug\~#\src\gpio\gpio_driverinterface.o

.debug_loc      0x00000000      0x4b4
 .debug_loc     0x00000000      0x140 .\_out_\debug\src\board.o
 .debug_loc     0x00000140       0x38 .\_out_\debug\src\main - bootstrap.o
 .debug_loc     0x00000178       0x9c .\_out_\debug\src\system_stm32f4xx.o
 .debug_loc     0x00000214       0xa8 .\_out_\debug\~#\src\driverinterface.o
 .debug_loc     0x000002bc       0x38 .\_out_\debug\~#\src\clock\stm32f407\clock.o
 .debug_loc     0x000002f4       0x70 .\_out_\debug\~#\src\clock\clock_driverinterface.o
 .debug_loc     0x00000364       0x70 .\_out_\debug\~#\src\gpio\stm32f407\gpio.o
 .debug_loc     0x000003d4       0xe0 .\_out_\debug\~#\src\gpio\gpio_driverinterface.o

.debug_aranges  0x00000000      0x198
 .debug_aranges
                0x00000000       0x50 .\_out_\debug\src\board.o
 .debug_aranges
                0x00000050       0x20 .\_out_\debug\src\main - bootstrap.o
 .debug_aranges
                0x00000070       0x20 .\_out_\debug\src\startup_stm32f4xx.o
 .debug_aranges
                0x00000090       0x30 .\_out_\debug\src\system_stm32f4xx.o
 .debug_aranges
                0x000000c0       0x30 .\_out_\debug\~#\src\driverinterface.o
 .debug_aranges
                0x000000f0       0x20 .\_out_\debug\~#\src\clock\stm32f407\clock.o
 .debug_aranges
                0x00000110       0x28 .\_out_\debug\~#\src\clock\clock_driverinterface.o
 .debug_aranges
                0x00000138       0x28 .\_out_\debug\~#\src\gpio\stm32f407\gpio.o
 .debug_aranges
                0x00000160       0x38 .\_out_\debug\~#\src\gpio\gpio_driverinterface.o

.debug_ranges   0x00000000       0xf8
 .debug_ranges  0x00000000       0x40 .\_out_\debug\src\board.o
 .debug_ranges  0x00000040       0x10 .\_out_\debug\src\main - bootstrap.o
 .debug_ranges  0x00000050       0x20 .\_out_\debug\src\system_stm32f4xx.o
 .debug_ranges  0x00000070       0x20 .\_out_\debug\~#\src\driverinterface.o
 .debug_ranges  0x00000090       0x10 .\_out_\debug\~#\src\clock\stm32f407\clock.o
 .debug_ranges  0x000000a0       0x18 .\_out_\debug\~#\src\clock\clock_driverinterface.o
 .debug_ranges  0x000000b8       0x18 .\_out_\debug\~#\src\gpio\stm32f407\gpio.o
 .debug_ranges  0x000000d0       0x28 .\_out_\debug\~#\src\gpio\gpio_driverinterface.o

.debug_macro    0x00000000     0xbe7c
 .debug_macro   0x00000000      0x1d9 .\_out_\debug\src\board.o
 .debug_macro   0x000001d9      0x826 .\_out_\debug\src\board.o
 .debug_macro   0x000009ff       0x16 .\_out_\debug\src\board.o
 .debug_macro   0x00000a15       0x44 .\_out_\debug\src\board.o
 .debug_macro   0x00000a59      0x209 .\_out_\debug\src\board.o
 .debug_macro   0x00000c62       0x22 .\_out_\debug\src\board.o
 .debug_macro   0x00000c84       0x5d .\_out_\debug\src\board.o
 .debug_macro   0x00000ce1       0x3b .\_out_\debug\src\board.o
 .debug_macro   0x00000d1c       0x18 .\_out_\debug\src\board.o
 .debug_macro   0x00000d34       0x42 .\_out_\debug\src\board.o
 .debug_macro   0x00000d76      0xd39 .\_out_\debug\src\board.o
 .debug_macro   0x00001aaf     0x81c3 .\_out_\debug\src\board.o
 .debug_macro   0x00009c72       0x10 .\_out_\debug\src\board.o
 .debug_macro   0x00009c82       0x3c .\_out_\debug\src\board.o
 .debug_macro   0x00009cbe       0x58 .\_out_\debug\src\board.o
 .debug_macro   0x00009d16       0x35 .\_out_\debug\src\board.o
 .debug_macro   0x00009d4b       0xa2 .\_out_\debug\src\board.o
 .debug_macro   0x00009ded       0x16 .\_out_\debug\src\board.o
 .debug_macro   0x00009e03      0x10e .\_out_\debug\src\board.o
 .debug_macro   0x00009f11       0x85 .\_out_\debug\src\board.o
 .debug_macro   0x00009f96       0x52 .\_out_\debug\src\board.o
 .debug_macro   0x00009fe8       0x16 .\_out_\debug\src\board.o
 .debug_macro   0x00009ffe       0x43 .\_out_\debug\src\board.o
 .debug_macro   0x0000a041      0x180 .\_out_\debug\src\board.o
 .debug_macro   0x0000a1c1       0x16 .\_out_\debug\src\board.o
 .debug_macro   0x0000a1d7       0x29 .\_out_\debug\src\board.o
 .debug_macro   0x0000a200      0x2a6 .\_out_\debug\src\board.o
 .debug_macro   0x0000a4a6       0x10 .\_out_\debug\src\board.o
 .debug_macro   0x0000a4b6       0x35 .\_out_\debug\src\board.o
 .debug_macro   0x0000a4eb       0x1f .\_out_\debug\src\board.o
 .debug_macro   0x0000a50a      0x881 .\_out_\debug\src\board.o
 .debug_macro   0x0000ad8b       0x16 .\_out_\debug\src\board.o
 .debug_macro   0x0000ada1       0xf4 .\_out_\debug\src\board.o
 .debug_macro   0x0000ae95       0xcd .\_out_\debug\src\board.o
 .debug_macro   0x0000af62       0x16 .\_out_\debug\src\board.o
 .debug_macro   0x0000af78      0x1c7 .\_out_\debug\src\main - bootstrap.o
 .debug_macro   0x0000b13f       0x4a .\_out_\debug\src\main - bootstrap.o
 .debug_macro   0x0000b189      0x20f .\_out_\debug\src\main - bootstrap.o
 .debug_macro   0x0000b398       0x1c .\_out_\debug\src\main - bootstrap.o
 .debug_macro   0x0000b3b4       0xbc .\_out_\debug\src\system_stm32f4xx.o
 .debug_macro   0x0000b470      0x1be .\_out_\debug\~#\src\driverinterface.o
 .debug_macro   0x0000b62e      0x1e0 .\_out_\debug\~#\src\clock\stm32f407\clock.o
 .debug_macro   0x0000b80e       0xee .\_out_\debug\~#\src\clock\stm32f407\clock.o
 .debug_macro   0x0000b8fc      0x1be .\_out_\debug\~#\src\clock\clock_driverinterface.o
 .debug_macro   0x0000baba      0x204 .\_out_\debug\~#\src\gpio\stm32f407\gpio.o
 .debug_macro   0x0000bcbe      0x1be .\_out_\debug\~#\src\gpio\gpio_driverinterface.o

.debug_line     0x00000000     0x270d
 .debug_line    0x00000000      0x50e .\_out_\debug\src\board.o
 .debug_line    0x0000050e      0x4b5 .\_out_\debug\src\main - bootstrap.o
 .debug_line    0x000009c3       0xcc .\_out_\debug\src\startup_stm32f4xx.o
 .debug_line    0x00000a8f      0x33a .\_out_\debug\src\system_stm32f4xx.o
 .debug_line    0x00000dc9      0x514 .\_out_\debug\~#\src\driverinterface.o
 .debug_line    0x000012dd      0x4ef .\_out_\debug\~#\src\clock\stm32f407\clock.o
 .debug_line    0x000017cc      0x4c5 .\_out_\debug\~#\src\clock\clock_driverinterface.o
 .debug_line    0x00001c91      0x58d .\_out_\debug\~#\src\gpio\stm32f407\gpio.o
 .debug_line    0x0000221e      0x4ef .\_out_\debug\~#\src\gpio\gpio_driverinterface.o

.debug_str      0x00000000    0x3a950
 .debug_str     0x00000000    0x3a2a7 .\_out_\debug\src\board.o
                              0x3a4ca (size before relaxing)
 .debug_str     0x0003a2a7       0x84 .\_out_\debug\src\main - bootstrap.o
                              0x3a4be (size before relaxing)
 .debug_str     0x0003a32b      0x22b .\_out_\debug\src\system_stm32f4xx.o
                              0x35ea9 (size before relaxing)
 .debug_str     0x0003a556       0x8d .\_out_\debug\~#\src\driverinterface.o
                              0x3a3ee (size before relaxing)
 .debug_str     0x0003a5e3       0xae .\_out_\debug\~#\src\clock\stm32f407\clock.o
                              0x3a3a6 (size before relaxing)
 .debug_str     0x0003a691       0x65 .\_out_\debug\~#\src\clock\clock_driverinterface.o
                              0x3a3e4 (size before relaxing)
 .debug_str     0x0003a6f6      0x1ff .\_out_\debug\~#\src\gpio\stm32f407\gpio.o
                              0x3a6a8 (size before relaxing)
 .debug_str     0x0003a8f5       0x5b .\_out_\debug\~#\src\gpio\gpio_driverinterface.o
                              0x3a460 (size before relaxing)

.debug_frame    0x00000000      0x7d4
 .debug_frame   0x00000000       0xc4 .\_out_\debug\src\board.o
 .debug_frame   0x000000c4       0x30 .\_out_\debug\src\main - bootstrap.o
 .debug_frame   0x000000f4       0x64 .\_out_\debug\src\system_stm32f4xx.o
 .debug_frame   0x00000158       0x6c .\_out_\debug\~#\src\driverinterface.o
 .debug_frame   0x000001c4       0x30 .\_out_\debug\~#\src\clock\stm32f407\clock.o
 .debug_frame   0x000001f4       0x50 .\_out_\debug\~#\src\clock\clock_driverinterface.o
 .debug_frame   0x00000244       0x4c .\_out_\debug\~#\src\gpio\stm32f407\gpio.o
 .debug_frame   0x00000290       0x88 .\_out_\debug\~#\src\gpio\gpio_driverinterface.o
 .debug_frame   0x00000318      0x2fc c:/emblocks/2.30/share/em_armgcc/bin/../lib/gcc/arm-none-eabi/4.7.3/../../../../arm-none-eabi/lib/armv7e-m/fpu\librdimon.a(rdimon-syscalls.o)
 .debug_frame   0x00000614       0x28 c:/emblocks/2.30/share/em_armgcc/bin/../lib/gcc/arm-none-eabi/4.7.3/../../../../arm-none-eabi/lib/armv7e-m/fpu\libc_n.a(lib_a-exit.o)
 .debug_frame   0x0000063c      0x12c c:/emblocks/2.30/share/em_armgcc/bin/../lib/gcc/arm-none-eabi/4.7.3/../../../../arm-none-eabi/lib/armv7e-m/fpu\libc_n.a(lib_a-findfp.o)
 .debug_frame   0x00000768       0x2c c:/emblocks/2.30/share/em_armgcc/bin/../lib/gcc/arm-none-eabi/4.7.3/../../../../arm-none-eabi/lib/armv7e-m/fpu\libc_n.a(lib_a-init.o)
 .debug_frame   0x00000794       0x20 c:/emblocks/2.30/share/em_armgcc/bin/../lib/gcc/arm-none-eabi/4.7.3/../../../../arm-none-eabi/lib/armv7e-m/fpu\libc_n.a(lib_a-memset.o)
 .debug_frame   0x000007b4       0x20 c:/emblocks/2.30/share/em_armgcc/bin/../lib/gcc/arm-none-eabi/4.7.3/../../../../arm-none-eabi/lib/armv7e-m/fpu\libnosys.a(_exit.o)
